[0.028s] Invoking command in '/home/wangkun/z1_ros2_ws/build/z1_bringup': AMENT_PREFIX_PATH=/home/wangkun/z1_ros2_ws/install/z1_hardware_interface:/home/wangkun/z1_ros2_ws/install/z1_description:${AMENT_PREFIX_PATH} CMAKE_PREFIX_PATH=/home/wangkun/z1_ros2_ws/install/z1_hardware_interface:/home/wangkun/z1_ros2_ws/install/z1_description:/opt/ros/humble LD_LIBRARY_PATH=/home/wangkun/z1_ros2_ws/install/z1_hardware_interface/lib:${LD_LIBRARY_PATH} /usr/bin/cmake /home/wangkun/z1_ros2_ws/src/z1_ros2/z1_bringup -DCMAKE_BUILD_TYPE=Release -DCMAKE_INSTALL_PREFIX=/home/wangkun/z1_ros2_ws/install/z1_bringup
[0.238s] -- The C compiler identification is GNU 11.4.0
[0.414s] -- The CXX compiler identification is GNU 11.4.0
[0.437s] -- Detecting C compiler ABI info
[0.710s] -- Detecting C compiler ABI info - done
[0.731s] -- Check for working C compiler: /usr/bin/cc - skipped
[0.734s] -- Detecting C compile features
[0.734s] -- Detecting C compile features - done
[0.740s] -- Detecting CXX compiler ABI info
[0.995s] -- Detecting CXX compiler ABI info - done
[1.009s] -- Check for working CXX compiler: /usr/bin/c++ - skipped
[1.010s] -- Detecting CXX compile features
[1.017s] -- Detecting CXX compile features - done
[1.022s] -- Found ament_cmake: 1.3.14 (/opt/ros/humble/share/ament_cmake/cmake)
[1.309s] -- Found Python3: /usr/bin/python3 (found version "3.10.12") found components: Interpreter 
[1.669s] -- Configuring done
[1.677s] -- Generating done
[1.683s] -- Build files have been written to: /home/wangkun/z1_ros2_ws/build/z1_bringup
[1.692s] Invoked command in '/home/wangkun/z1_ros2_ws/build/z1_bringup' returned '0': AMENT_PREFIX_PATH=/home/wangkun/z1_ros2_ws/install/z1_hardware_interface:/home/wangkun/z1_ros2_ws/install/z1_description:${AMENT_PREFIX_PATH} CMAKE_PREFIX_PATH=/home/wangkun/z1_ros2_ws/install/z1_hardware_interface:/home/wangkun/z1_ros2_ws/install/z1_description:/opt/ros/humble LD_LIBRARY_PATH=/home/wangkun/z1_ros2_ws/install/z1_hardware_interface/lib:${LD_LIBRARY_PATH} /usr/bin/cmake /home/wangkun/z1_ros2_ws/src/z1_ros2/z1_bringup -DCMAKE_BUILD_TYPE=Release -DCMAKE_INSTALL_PREFIX=/home/wangkun/z1_ros2_ws/install/z1_bringup
[1.693s] Invoking command in '/home/wangkun/z1_ros2_ws/build/z1_bringup': AMENT_PREFIX_PATH=/home/wangkun/z1_ros2_ws/install/z1_hardware_interface:/home/wangkun/z1_ros2_ws/install/z1_description:${AMENT_PREFIX_PATH} CMAKE_PREFIX_PATH=/home/wangkun/z1_ros2_ws/install/z1_hardware_interface:/home/wangkun/z1_ros2_ws/install/z1_description:/opt/ros/humble LD_LIBRARY_PATH=/home/wangkun/z1_ros2_ws/install/z1_hardware_interface/lib:${LD_LIBRARY_PATH} /usr/bin/cmake --build /home/wangkun/z1_ros2_ws/build/z1_bringup -- -j2 -l2
[1.784s] Invoked command in '/home/wangkun/z1_ros2_ws/build/z1_bringup' returned '0': AMENT_PREFIX_PATH=/home/wangkun/z1_ros2_ws/install/z1_hardware_interface:/home/wangkun/z1_ros2_ws/install/z1_description:${AMENT_PREFIX_PATH} CMAKE_PREFIX_PATH=/home/wangkun/z1_ros2_ws/install/z1_hardware_interface:/home/wangkun/z1_ros2_ws/install/z1_description:/opt/ros/humble LD_LIBRARY_PATH=/home/wangkun/z1_ros2_ws/install/z1_hardware_interface/lib:${LD_LIBRARY_PATH} /usr/bin/cmake --build /home/wangkun/z1_ros2_ws/build/z1_bringup -- -j2 -l2
[1.785s] Invoking command in '/home/wangkun/z1_ros2_ws/build/z1_bringup': AMENT_PREFIX_PATH=/home/wangkun/z1_ros2_ws/install/z1_hardware_interface:/home/wangkun/z1_ros2_ws/install/z1_description:${AMENT_PREFIX_PATH} CMAKE_PREFIX_PATH=/home/wangkun/z1_ros2_ws/install/z1_hardware_interface:/home/wangkun/z1_ros2_ws/install/z1_description:/opt/ros/humble LD_LIBRARY_PATH=/home/wangkun/z1_ros2_ws/install/z1_hardware_interface/lib:${LD_LIBRARY_PATH} /usr/bin/cmake --install /home/wangkun/z1_ros2_ws/build/z1_bringup
[1.800s] -- Install configuration: "Release"
[1.801s] -- Installing: /home/wangkun/z1_ros2_ws/install/z1_bringup/share/z1_bringup/launch
[1.802s] -- Installing: /home/wangkun/z1_ros2_ws/install/z1_bringup/share/z1_bringup/launch/z1.launch.py
[1.803s] -- Installing: /home/wangkun/z1_ros2_ws/install/z1_bringup/share/z1_bringup/config
[1.805s] -- Installing: /home/wangkun/z1_ros2_ws/install/z1_bringup/share/z1_bringup/config/z1_controllers.yaml
[1.806s] -- Installing: /home/wangkun/z1_ros2_ws/install/z1_bringup/share/z1_bringup/rviz
[1.806s] -- Installing: /home/wangkun/z1_ros2_ws/install/z1_bringup/share/z1_bringup/rviz/z1.rviz
[1.812s] -- Installing: /home/wangkun/z1_ros2_ws/install/z1_bringup/share/ament_index/resource_index/package_run_dependencies/z1_bringup
[1.812s] -- Installing: /home/wangkun/z1_ros2_ws/install/z1_bringup/share/ament_index/resource_index/parent_prefix_path/z1_bringup
[1.812s] -- Installing: /home/wangkun/z1_ros2_ws/install/z1_bringup/share/z1_bringup/environment/ament_prefix_path.sh
[1.813s] -- Installing: /home/wangkun/z1_ros2_ws/install/z1_bringup/share/z1_bringup/environment/ament_prefix_path.dsv
[1.813s] -- Installing: /home/wangkun/z1_ros2_ws/install/z1_bringup/share/z1_bringup/environment/path.sh
[1.817s] -- Installing: /home/wangkun/z1_ros2_ws/install/z1_bringup/share/z1_bringup/environment/path.dsv
[1.817s] -- Installing: /home/wangkun/z1_ros2_ws/install/z1_bringup/share/z1_bringup/local_setup.bash
[1.817s] -- Installing: /home/wangkun/z1_ros2_ws/install/z1_bringup/share/z1_bringup/local_setup.sh
[1.817s] -- Installing: /home/wangkun/z1_ros2_ws/install/z1_bringup/share/z1_bringup/local_setup.zsh
[1.817s] -- Installing: /home/wangkun/z1_ros2_ws/install/z1_bringup/share/z1_bringup/local_setup.dsv
[1.817s] -- Installing: /home/wangkun/z1_ros2_ws/install/z1_bringup/share/z1_bringup/package.dsv
[1.817s] -- Installing: /home/wangkun/z1_ros2_ws/install/z1_bringup/share/ament_index/resource_index/packages/z1_bringup
[1.817s] -- Installing: /home/wangkun/z1_ros2_ws/install/z1_bringup/share/z1_bringup/cmake/z1_bringupConfig.cmake
[1.817s] -- Installing: /home/wangkun/z1_ros2_ws/install/z1_bringup/share/z1_bringup/cmake/z1_bringupConfig-version.cmake
[1.817s] -- Installing: /home/wangkun/z1_ros2_ws/install/z1_bringup/share/z1_bringup/package.xml
[1.821s] Invoked command in '/home/wangkun/z1_ros2_ws/build/z1_bringup' returned '0': AMENT_PREFIX_PATH=/home/wangkun/z1_ros2_ws/install/z1_hardware_interface:/home/wangkun/z1_ros2_ws/install/z1_description:${AMENT_PREFIX_PATH} CMAKE_PREFIX_PATH=/home/wangkun/z1_ros2_ws/install/z1_hardware_interface:/home/wangkun/z1_ros2_ws/install/z1_description:/opt/ros/humble LD_LIBRARY_PATH=/home/wangkun/z1_ros2_ws/install/z1_hardware_interface/lib:${LD_LIBRARY_PATH} /usr/bin/cmake --install /home/wangkun/z1_ros2_ws/build/z1_bringup
