[0.018s] Invoking command in '/home/wangkun/z1_ros2_ws/build/z1_moveit': AMENT_PREFIX_PATH=/home/wangkun/z1_ros2_ws/install/z1_description:${AMENT_PREFIX_PATH} CMAKE_PREFIX_PATH=/home/wangkun/z1_ros2_ws/install/z1_description:/opt/ros/humble /usr/bin/cmake /home/wangkun/z1_ros2_ws/src/z1_ros2/z1_moveit -DCMAKE_BUILD_TYPE=Release -DCMAKE_INSTALL_PREFIX=/home/wangkun/z1_ros2_ws/install/z1_moveit
[0.160s] -- The C compiler identification is GNU 11.4.0
[0.276s] -- The CXX compiler identification is GNU 11.4.0
[0.293s] -- Detecting C compiler ABI info
[0.475s] -- Detecting C compiler ABI info - done
[0.492s] -- Check for working C compiler: /usr/bin/cc - skipped
[0.492s] -- Detecting C compile features
[0.492s] -- Detecting C compile features - done
[0.495s] -- Detecting CXX compiler ABI info
[0.673s] -- Detecting CXX compiler ABI info - done
[0.683s] -- Check for working CXX compiler: /usr/bin/c++ - skipped
[0.684s] -- Detecting CXX compile features
[0.684s] -- Detecting CXX compile features - done
[0.689s] -- Found ament_cmake: 1.3.14 (/opt/ros/humble/share/ament_cmake/cmake)
[0.975s] -- Found Python3: /usr/bin/python3 (found version "3.10.12") found components: Interpreter 
[1.258s] -- Configuring done
[1.265s] -- Generating done
[1.267s] -- Build files have been written to: /home/wangkun/z1_ros2_ws/build/z1_moveit
[1.277s] Invoked command in '/home/wangkun/z1_ros2_ws/build/z1_moveit' returned '0': AMENT_PREFIX_PATH=/home/wangkun/z1_ros2_ws/install/z1_description:${AMENT_PREFIX_PATH} CMAKE_PREFIX_PATH=/home/wangkun/z1_ros2_ws/install/z1_description:/opt/ros/humble /usr/bin/cmake /home/wangkun/z1_ros2_ws/src/z1_ros2/z1_moveit -DCMAKE_BUILD_TYPE=Release -DCMAKE_INSTALL_PREFIX=/home/wangkun/z1_ros2_ws/install/z1_moveit
[1.284s] Invoking command in '/home/wangkun/z1_ros2_ws/build/z1_moveit': AMENT_PREFIX_PATH=/home/wangkun/z1_ros2_ws/install/z1_description:${AMENT_PREFIX_PATH} CMAKE_PREFIX_PATH=/home/wangkun/z1_ros2_ws/install/z1_description:/opt/ros/humble /usr/bin/cmake --build /home/wangkun/z1_ros2_ws/build/z1_moveit -- -j2 -l2
[1.376s] Invoked command in '/home/wangkun/z1_ros2_ws/build/z1_moveit' returned '0': AMENT_PREFIX_PATH=/home/wangkun/z1_ros2_ws/install/z1_description:${AMENT_PREFIX_PATH} CMAKE_PREFIX_PATH=/home/wangkun/z1_ros2_ws/install/z1_description:/opt/ros/humble /usr/bin/cmake --build /home/wangkun/z1_ros2_ws/build/z1_moveit -- -j2 -l2
[1.381s] Invoking command in '/home/wangkun/z1_ros2_ws/build/z1_moveit': AMENT_PREFIX_PATH=/home/wangkun/z1_ros2_ws/install/z1_description:${AMENT_PREFIX_PATH} CMAKE_PREFIX_PATH=/home/wangkun/z1_ros2_ws/install/z1_description:/opt/ros/humble /usr/bin/cmake --install /home/wangkun/z1_ros2_ws/build/z1_moveit
[1.396s] -- Install configuration: "Release"
[1.396s] -- Installing: /home/wangkun/z1_ros2_ws/install/z1_moveit/share/ament_index/resource_index/package_run_dependencies/z1_moveit
[1.396s] -- Installing: /home/wangkun/z1_ros2_ws/install/z1_moveit/share/ament_index/resource_index/parent_prefix_path/z1_moveit
[1.396s] -- Installing: /home/wangkun/z1_ros2_ws/install/z1_moveit/share/z1_moveit/environment/ament_prefix_path.sh
[1.398s] -- Installing: /home/wangkun/z1_ros2_ws/install/z1_moveit/share/z1_moveit/environment/ament_prefix_path.dsv
[1.398s] -- Installing: /home/wangkun/z1_ros2_ws/install/z1_moveit/share/z1_moveit/environment/path.sh
[1.399s] -- Installing: /home/wangkun/z1_ros2_ws/install/z1_moveit/share/z1_moveit/environment/path.dsv
[1.399s] -- Installing: /home/wangkun/z1_ros2_ws/install/z1_moveit/share/z1_moveit/local_setup.bash
[1.399s] -- Installing: /home/wangkun/z1_ros2_ws/install/z1_moveit/share/z1_moveit/local_setup.sh
[1.399s] -- Installing: /home/wangkun/z1_ros2_ws/install/z1_moveit/share/z1_moveit/local_setup.zsh
[1.399s] -- Installing: /home/wangkun/z1_ros2_ws/install/z1_moveit/share/z1_moveit/local_setup.dsv
[1.399s] -- Installing: /home/wangkun/z1_ros2_ws/install/z1_moveit/share/z1_moveit/package.dsv
[1.399s] -- Installing: /home/wangkun/z1_ros2_ws/install/z1_moveit/share/ament_index/resource_index/packages/z1_moveit
[1.403s] -- Installing: /home/wangkun/z1_ros2_ws/install/z1_moveit/share/z1_moveit/cmake/z1_moveitConfig.cmake
[1.403s] -- Installing: /home/wangkun/z1_ros2_ws/install/z1_moveit/share/z1_moveit/cmake/z1_moveitConfig-version.cmake
[1.403s] -- Installing: /home/wangkun/z1_ros2_ws/install/z1_moveit/share/z1_moveit/package.xml
[1.403s] -- Installing: /home/wangkun/z1_ros2_ws/install/z1_moveit/share/z1_moveit/launch
[1.403s] -- Installing: /home/wangkun/z1_ros2_ws/install/z1_moveit/share/z1_moveit/launch/moveit_rviz.launch.py
[1.403s] -- Installing: /home/wangkun/z1_ros2_ws/install/z1_moveit/share/z1_moveit/launch/z1_moveit.launch.py
[1.404s] -- Installing: /home/wangkun/z1_ros2_ws/install/z1_moveit/share/z1_moveit/launch/setup_assistant.launch.py
[1.405s] -- Installing: /home/wangkun/z1_ros2_ws/install/z1_moveit/share/z1_moveit/launch/move_group.launch.py
[1.406s] -- Installing: /home/wangkun/z1_ros2_ws/install/z1_moveit/share/z1_moveit/config
[1.406s] -- Installing: /home/wangkun/z1_ros2_ws/install/z1_moveit/share/z1_moveit/config/moveit_controllers.yaml
[1.407s] -- Installing: /home/wangkun/z1_ros2_ws/install/z1_moveit/share/z1_moveit/config/pilz_cartesian_limits.yaml
[1.408s] -- Installing: /home/wangkun/z1_ros2_ws/install/z1_moveit/share/z1_moveit/config/z1_description.srdf
[1.411s] -- Installing: /home/wangkun/z1_ros2_ws/install/z1_moveit/share/z1_moveit/config/kinematics.yaml
[1.413s] -- Installing: /home/wangkun/z1_ros2_ws/install/z1_moveit/share/z1_moveit/config/joint_limits.yaml
[1.413s] -- Installing: /home/wangkun/z1_ros2_ws/install/z1_moveit/share/z1_moveit/config/moveit.rviz
[1.415s] -- Installing: /home/wangkun/z1_ros2_ws/install/z1_moveit/share/z1_moveit/.setup_assistant
[1.422s] Invoked command in '/home/wangkun/z1_ros2_ws/build/z1_moveit' returned '0': AMENT_PREFIX_PATH=/home/wangkun/z1_ros2_ws/install/z1_description:${AMENT_PREFIX_PATH} CMAKE_PREFIX_PATH=/home/wangkun/z1_ros2_ws/install/z1_description:/opt/ros/humble /usr/bin/cmake --install /home/wangkun/z1_ros2_ws/build/z1_moveit
