[0.022s] Invoking command in '/home/wangkun/z1_ros2_ws/build/z1_description': CMAKE_PREFIX_PATH=${CMAKE_PREFIX_PATH}:/opt/ros/humble /usr/bin/cmake /home/wangkun/z1_ros2_ws/src/z1_ros2/z1_description -DCMAKE_INSTALL_PREFIX=/home/wangkun/z1_ros2_ws/install/z1_description
[0.074s] -- Found ament_cmake: 1.3.14 (/opt/ros/humble/share/ament_cmake/cmake)
[0.343s] -- Configuring done
[0.352s] -- Generating done
[0.357s] -- Build files have been written to: /home/wangkun/z1_ros2_ws/build/z1_description
[0.369s] Invoked command in '/home/wangkun/z1_ros2_ws/build/z1_description' returned '0': CMAKE_PREFIX_PATH=${CMAKE_PREFIX_PATH}:/opt/ros/humble /usr/bin/cmake /home/wangkun/z1_ros2_ws/src/z1_ros2/z1_description -DCMAKE_INSTALL_PREFIX=/home/wangkun/z1_ros2_ws/install/z1_description
[0.370s] Invoking command in '/home/wangkun/z1_ros2_ws/build/z1_description': CMAKE_PREFIX_PATH=${CMAKE_PREFIX_PATH}:/opt/ros/humble /usr/bin/cmake --build /home/wangkun/z1_ros2_ws/build/z1_description -- -j4 -l4
[0.430s] Invoked command in '/home/wangkun/z1_ros2_ws/build/z1_description' returned '0': CMAKE_PREFIX_PATH=${CMAKE_PREFIX_PATH}:/opt/ros/humble /usr/bin/cmake --build /home/wangkun/z1_ros2_ws/build/z1_description -- -j4 -l4
[0.447s] Invoking command in '/home/wangkun/z1_ros2_ws/build/z1_description': CMAKE_PREFIX_PATH=${CMAKE_PREFIX_PATH}:/opt/ros/humble /usr/bin/cmake --install /home/wangkun/z1_ros2_ws/build/z1_description
[0.457s] -- Install configuration: "Release"
[0.458s] -- Up-to-date: /home/wangkun/z1_ros2_ws/install/z1_description/share/z1_description/urdf
[0.458s] -- Installing: /home/wangkun/z1_ros2_ws/install/z1_description/share/z1_description/urdf/z1.ros2_control.xacro
[0.458s] -- Up-to-date: /home/wangkun/z1_ros2_ws/install/z1_description/share/z1_description/urdf/const.xacro
[0.458s] -- Installing: /home/wangkun/z1_ros2_ws/install/z1_description/share/z1_description/urdf/z1.urdf.xacro
[0.459s] -- Up-to-date: /home/wangkun/z1_ros2_ws/install/z1_description/share/z1_description/meshes
[0.459s] -- Up-to-date: /home/wangkun/z1_ros2_ws/install/z1_description/share/z1_description/meshes/visual
[0.459s] -- Up-to-date: /home/wangkun/z1_ros2_ws/install/z1_description/share/z1_description/meshes/visual/z1_GripperMover.dae
[0.459s] -- Up-to-date: /home/wangkun/z1_ros2_ws/install/z1_description/share/z1_description/meshes/visual/z1_Link04.dae
[0.459s] -- Up-to-date: /home/wangkun/z1_ros2_ws/install/z1_description/share/z1_description/meshes/visual/z1_Link01.dae
[0.459s] -- Up-to-date: /home/wangkun/z1_ros2_ws/install/z1_description/share/z1_description/meshes/visual/z1_Link06.dae
[0.459s] -- Up-to-date: /home/wangkun/z1_ros2_ws/install/z1_description/share/z1_description/meshes/visual/z1_Link02.dae
[0.459s] -- Up-to-date: /home/wangkun/z1_ros2_ws/install/z1_description/share/z1_description/meshes/visual/z1_Link05.dae
[0.459s] -- Up-to-date: /home/wangkun/z1_ros2_ws/install/z1_description/share/z1_description/meshes/visual/z1_GripperStator.dae
[0.459s] -- Up-to-date: /home/wangkun/z1_ros2_ws/install/z1_description/share/z1_description/meshes/visual/z1_Link03.dae
[0.459s] -- Up-to-date: /home/wangkun/z1_ros2_ws/install/z1_description/share/z1_description/meshes/visual/z1_Link00.dae
[0.459s] -- Up-to-date: /home/wangkun/z1_ros2_ws/install/z1_description/share/z1_description/meshes/collision
[0.459s] -- Up-to-date: /home/wangkun/z1_ros2_ws/install/z1_description/share/z1_description/meshes/collision/z1_GripperStator.STL
[0.460s] -- Up-to-date: /home/wangkun/z1_ros2_ws/install/z1_description/share/z1_description/meshes/collision/z1_Link00.STL
[0.460s] -- Up-to-date: /home/wangkun/z1_ros2_ws/install/z1_description/share/z1_description/meshes/collision/z1_Link02.STL
[0.460s] -- Up-to-date: /home/wangkun/z1_ros2_ws/install/z1_description/share/z1_description/meshes/collision/z1_Link05.STL
[0.460s] -- Up-to-date: /home/wangkun/z1_ros2_ws/install/z1_description/share/z1_description/meshes/collision/z1_GripperMover.STL
[0.460s] -- Up-to-date: /home/wangkun/z1_ros2_ws/install/z1_description/share/z1_description/meshes/collision/z1_Link03.STL
[0.460s] -- Up-to-date: /home/wangkun/z1_ros2_ws/install/z1_description/share/z1_description/meshes/collision/z1_Link04.STL
[0.460s] -- Up-to-date: /home/wangkun/z1_ros2_ws/install/z1_description/share/z1_description/meshes/collision/z1_Link01.STL
[0.460s] -- Up-to-date: /home/wangkun/z1_ros2_ws/install/z1_description/share/z1_description/meshes/collision/z1_Link06.STL
[0.460s] -- Up-to-date: /home/wangkun/z1_ros2_ws/install/z1_description/share/ament_index/resource_index/package_run_dependencies/z1_description
[0.460s] -- Installing: /home/wangkun/z1_ros2_ws/install/z1_description/share/ament_index/resource_index/parent_prefix_path/z1_description
[0.461s] -- Up-to-date: /home/wangkun/z1_ros2_ws/install/z1_description/share/z1_description/environment/ament_prefix_path.sh
[0.461s] -- Installing: /home/wangkun/z1_ros2_ws/install/z1_description/share/z1_description/environment/ament_prefix_path.dsv
[0.461s] -- Up-to-date: /home/wangkun/z1_ros2_ws/install/z1_description/share/z1_description/environment/path.sh
[0.461s] -- Installing: /home/wangkun/z1_ros2_ws/install/z1_description/share/z1_description/environment/path.dsv
[0.461s] -- Up-to-date: /home/wangkun/z1_ros2_ws/install/z1_description/share/z1_description/local_setup.bash
[0.461s] -- Up-to-date: /home/wangkun/z1_ros2_ws/install/z1_description/share/z1_description/local_setup.sh
[0.461s] -- Up-to-date: /home/wangkun/z1_ros2_ws/install/z1_description/share/z1_description/local_setup.zsh
[0.461s] -- Installing: /home/wangkun/z1_ros2_ws/install/z1_description/share/z1_description/local_setup.dsv
[0.461s] -- Installing: /home/wangkun/z1_ros2_ws/install/z1_description/share/z1_description/package.dsv
[0.461s] -- Up-to-date: /home/wangkun/z1_ros2_ws/install/z1_description/share/ament_index/resource_index/packages/z1_description
[0.461s] -- Up-to-date: /home/wangkun/z1_ros2_ws/install/z1_description/share/z1_description/cmake/z1_descriptionConfig.cmake
[0.461s] -- Up-to-date: /home/wangkun/z1_ros2_ws/install/z1_description/share/z1_description/cmake/z1_descriptionConfig-version.cmake
[0.461s] -- Up-to-date: /home/wangkun/z1_ros2_ws/install/z1_description/share/z1_description/package.xml
[0.463s] Invoked command in '/home/wangkun/z1_ros2_ws/build/z1_description' returned '0': CMAKE_PREFIX_PATH=${CMAKE_PREFIX_PATH}:/opt/ros/humble /usr/bin/cmake --install /home/wangkun/z1_ros2_ws/build/z1_description
