[0.075s] Invoking command in '/home/wangkun/z1_ros2_ws/build/z1_examples': CMAKE_PREFIX_PATH=/home/wangkun/z1_ros2_ws/install/z1_bringup:/home/wangkun/z1_ros2_ws/install/z1_hardware_interface:/home/wangkun/z1_ros2_ws/install/z1_description:/home/wangkun/z1_ros2_ws/install/z1_moveit:/home/wangkun/z1_ros2_ws/install/z1_examples:/opt/ros/humble /usr/bin/cmake /home/wangkun/z1_ros2_ws/src/z1_ros2/z1_examples -DCMAKE_INSTALL_PREFIX=/home/wangkun/z1_ros2_ws/install/z1_examples
[0.348s] -- Found ament_cmake: 1.3.14 (/opt/ros/humble/share/ament_cmake/cmake)
[0.807s] -- Found rclpy: 3.3.22 (/opt/ros/humble/share/rclpy/cmake)
[1.351s] -- Configuring done
[1.480s] -- Generating done
[1.511s] -- Build files have been written to: /home/wangkun/z1_ros2_ws/build/z1_examples
[1.534s] Invoked command in '/home/wangkun/z1_ros2_ws/build/z1_examples' returned '0': CMAKE_PREFIX_PATH=/home/wangkun/z1_ros2_ws/install/z1_bringup:/home/wangkun/z1_ros2_ws/install/z1_hardware_interface:/home/wangkun/z1_ros2_ws/install/z1_description:/home/wangkun/z1_ros2_ws/install/z1_moveit:/home/wangkun/z1_ros2_ws/install/z1_examples:/opt/ros/humble /usr/bin/cmake /home/wangkun/z1_ros2_ws/src/z1_ros2/z1_examples -DCMAKE_INSTALL_PREFIX=/home/wangkun/z1_ros2_ws/install/z1_examples
[1.540s] Invoking command in '/home/wangkun/z1_ros2_ws/build/z1_examples': CMAKE_PREFIX_PATH=/home/wangkun/z1_ros2_ws/install/z1_bringup:/home/wangkun/z1_ros2_ws/install/z1_hardware_interface:/home/wangkun/z1_ros2_ws/install/z1_description:/home/wangkun/z1_ros2_ws/install/z1_moveit:/home/wangkun/z1_ros2_ws/install/z1_examples:/opt/ros/humble /usr/bin/cmake --build /home/wangkun/z1_ros2_ws/build/z1_examples -- -j4 -l4
[1.881s] Built target ament_cmake_python_copy_z1_examples
[2.665s] running egg_info
[2.665s] writing z1_examples.egg-info/PKG-INFO
[2.665s] writing dependency_links to z1_examples.egg-info/dependency_links.txt
[2.665s] writing top-level names to z1_examples.egg-info/top_level.txt
[2.675s] reading manifest file 'z1_examples.egg-info/SOURCES.txt'
[2.677s] writing manifest file 'z1_examples.egg-info/SOURCES.txt'
[2.798s] Built target ament_cmake_python_build_z1_examples_egg
[2.852s] Invoked command in '/home/wangkun/z1_ros2_ws/build/z1_examples' returned '0': CMAKE_PREFIX_PATH=/home/wangkun/z1_ros2_ws/install/z1_bringup:/home/wangkun/z1_ros2_ws/install/z1_hardware_interface:/home/wangkun/z1_ros2_ws/install/z1_description:/home/wangkun/z1_ros2_ws/install/z1_moveit:/home/wangkun/z1_ros2_ws/install/z1_examples:/opt/ros/humble /usr/bin/cmake --build /home/wangkun/z1_ros2_ws/build/z1_examples -- -j4 -l4
[2.898s] Invoking command in '/home/wangkun/z1_ros2_ws/build/z1_examples': CMAKE_PREFIX_PATH=/home/wangkun/z1_ros2_ws/install/z1_bringup:/home/wangkun/z1_ros2_ws/install/z1_hardware_interface:/home/wangkun/z1_ros2_ws/install/z1_description:/home/wangkun/z1_ros2_ws/install/z1_moveit:/home/wangkun/z1_ros2_ws/install/z1_examples:/opt/ros/humble /usr/bin/cmake --install /home/wangkun/z1_ros2_ws/build/z1_examples
[2.943s] -- Install configuration: "Release"
[2.947s] -- Up-to-date: /home/wangkun/z1_ros2_ws/install/z1_examples/lib/z1_examples/waypoint_test.py
[2.948s] -- Installing: /home/wangkun/z1_ros2_ws/install/z1_examples/lib/z1_examples/teleop_keyboard.py
[2.953s] -- Up-to-date: /home/wangkun/z1_ros2_ws/install/z1_examples/share/z1_examples/launch
[2.953s] -- Up-to-date: /home/wangkun/z1_ros2_ws/install/z1_examples/share/z1_examples/launch/teleop_keyboard.launch.py
[2.953s] -- Up-to-date: /home/wangkun/z1_ros2_ws/install/z1_examples/share/z1_examples/launch/waypoint_test.launch.py
[2.957s] -- Up-to-date: /home/wangkun/z1_ros2_ws/install/z1_examples/share/z1_examples/launch/__pycache__
[2.960s] -- Installing: /home/wangkun/z1_ros2_ws/install/z1_examples/share/z1_examples/launch/__pycache__/teleop_keyboard.launch.cpython-310.pyc
[2.961s] -- Up-to-date: /home/wangkun/z1_ros2_ws/install/z1_examples/share/z1_examples/environment/pythonpath.sh
[2.961s] -- Installing: /home/wangkun/z1_ros2_ws/install/z1_examples/share/z1_examples/environment/pythonpath.dsv
[2.961s] -- Up-to-date: /home/wangkun/z1_ros2_ws/install/z1_examples/local/lib/python3.10/dist-packages/z1_examples-0.0.0-py3.10.egg-info
[2.961s] -- Installing: /home/wangkun/z1_ros2_ws/install/z1_examples/local/lib/python3.10/dist-packages/z1_examples-0.0.0-py3.10.egg-info/PKG-INFO
[2.962s] -- Installing: /home/wangkun/z1_ros2_ws/install/z1_examples/local/lib/python3.10/dist-packages/z1_examples-0.0.0-py3.10.egg-info/dependency_links.txt
[2.962s] -- Installing: /home/wangkun/z1_ros2_ws/install/z1_examples/local/lib/python3.10/dist-packages/z1_examples-0.0.0-py3.10.egg-info/top_level.txt
[2.962s] -- Installing: /home/wangkun/z1_ros2_ws/install/z1_examples/local/lib/python3.10/dist-packages/z1_examples-0.0.0-py3.10.egg-info/SOURCES.txt
[2.967s] -- Up-to-date: /home/wangkun/z1_ros2_ws/install/z1_examples/local/lib/python3.10/dist-packages/z1_examples
[2.968s] -- Installing: /home/wangkun/z1_ros2_ws/install/z1_examples/local/lib/python3.10/dist-packages/z1_examples/teleop_keyboard.py
[2.968s] -- Up-to-date: /home/wangkun/z1_ros2_ws/install/z1_examples/local/lib/python3.10/dist-packages/z1_examples/waypoint_test.py
[2.968s] -- Up-to-date: /home/wangkun/z1_ros2_ws/install/z1_examples/local/lib/python3.10/dist-packages/z1_examples/__init__.py
[3.133s] Listing '/home/wangkun/z1_ros2_ws/install/z1_examples/local/lib/python3.10/dist-packages/z1_examples'...
[3.133s] Compiling '/home/wangkun/z1_ros2_ws/install/z1_examples/local/lib/python3.10/dist-packages/z1_examples/teleop_keyboard.py'...
[3.158s] -- Up-to-date: /home/wangkun/z1_ros2_ws/install/z1_examples/share/ament_index/resource_index/package_run_dependencies/z1_examples
[3.158s] -- Up-to-date: /home/wangkun/z1_ros2_ws/install/z1_examples/share/ament_index/resource_index/parent_prefix_path/z1_examples
[3.158s] -- Up-to-date: /home/wangkun/z1_ros2_ws/install/z1_examples/share/z1_examples/environment/ament_prefix_path.sh
[3.158s] -- Installing: /home/wangkun/z1_ros2_ws/install/z1_examples/share/z1_examples/environment/ament_prefix_path.dsv
[3.158s] -- Up-to-date: /home/wangkun/z1_ros2_ws/install/z1_examples/share/z1_examples/environment/path.sh
[3.158s] -- Installing: /home/wangkun/z1_ros2_ws/install/z1_examples/share/z1_examples/environment/path.dsv
[3.158s] -- Up-to-date: /home/wangkun/z1_ros2_ws/install/z1_examples/share/z1_examples/local_setup.bash
[3.159s] -- Up-to-date: /home/wangkun/z1_ros2_ws/install/z1_examples/share/z1_examples/local_setup.sh
[3.159s] -- Up-to-date: /home/wangkun/z1_ros2_ws/install/z1_examples/share/z1_examples/local_setup.zsh
[3.159s] -- Installing: /home/wangkun/z1_ros2_ws/install/z1_examples/share/z1_examples/local_setup.dsv
[3.160s] -- Installing: /home/wangkun/z1_ros2_ws/install/z1_examples/share/z1_examples/package.dsv
[3.160s] -- Up-to-date: /home/wangkun/z1_ros2_ws/install/z1_examples/share/ament_index/resource_index/packages/z1_examples
[3.160s] -- Up-to-date: /home/wangkun/z1_ros2_ws/install/z1_examples/share/z1_examples/cmake/z1_examplesConfig.cmake
[3.161s] -- Up-to-date: /home/wangkun/z1_ros2_ws/install/z1_examples/share/z1_examples/cmake/z1_examplesConfig-version.cmake
[3.161s] -- Up-to-date: /home/wangkun/z1_ros2_ws/install/z1_examples/share/z1_examples/package.xml
[3.174s] Invoked command in '/home/wangkun/z1_ros2_ws/build/z1_examples' returned '0': CMAKE_PREFIX_PATH=/home/wangkun/z1_ros2_ws/install/z1_bringup:/home/wangkun/z1_ros2_ws/install/z1_hardware_interface:/home/wangkun/z1_ros2_ws/install/z1_description:/home/wangkun/z1_ros2_ws/install/z1_moveit:/home/wangkun/z1_ros2_ws/install/z1_examples:/opt/ros/humble /usr/bin/cmake --install /home/wangkun/z1_ros2_ws/build/z1_examples
