-- The C compiler identification is GNU 11.4.0
-- The CXX compiler identification is GNU 11.4.0
-- Detecting C compiler ABI info
-- Detecting C compiler ABI info - done
-- Check for working C compiler: /usr/bin/cc - skipped
-- Detecting C compile features
-- Detecting C compile features - done
-- Detecting CXX compiler ABI info
-- Detecting CXX compiler ABI info - done
-- Check for working CXX compiler: /usr/bin/c++ - skipped
-- Detecting CXX compile features
-- Detecting CXX compile features - done
-- Found ament_cmake: 1.3.14 (/opt/ros/humble/share/ament_cmake/cmake)
-- Found Python3: /usr/bin/python3 (found version "3.10.12") found components: Interpreter 
-- Found rclpy: 3.3.22 (/opt/ros/humble/share/rclpy/cmake)
-- Configuring done
-- Generating done
-- Build files have been written to: /home/wangkun/z1_ros2_ws/build/z1_examples
Built target ament_cmake_python_copy_z1_examples
running egg_info
creating z1_examples.egg-info
writing z1_examples.egg-info/PKG-INFO
writing dependency_links to z1_examples.egg-info/dependency_links.txt
writing top-level names to z1_examples.egg-info/top_level.txt
writing manifest file 'z1_examples.egg-info/SOURCES.txt'
reading manifest file 'z1_examples.egg-info/SOURCES.txt'
writing manifest file 'z1_examples.egg-info/SOURCES.txt'
Built target ament_cmake_python_build_z1_examples_egg
-- Install configuration: "Release"
-- Installing: /home/wangkun/z1_ros2_ws/install/z1_examples/lib/z1_examples/waypoint_test.py
-- Installing: /home/wangkun/z1_ros2_ws/install/z1_examples/share/z1_examples/launch
-- Installing: /home/wangkun/z1_ros2_ws/install/z1_examples/share/z1_examples/launch/waypoint_test.launch.py
-- Installing: /home/wangkun/z1_ros2_ws/install/z1_examples/share/z1_examples/environment/pythonpath.sh
-- Installing: /home/wangkun/z1_ros2_ws/install/z1_examples/share/z1_examples/environment/pythonpath.dsv
-- Installing: /home/wangkun/z1_ros2_ws/install/z1_examples/local/lib/python3.10/dist-packages/z1_examples-0.0.0-py3.10.egg-info
-- Installing: /home/wangkun/z1_ros2_ws/install/z1_examples/local/lib/python3.10/dist-packages/z1_examples-0.0.0-py3.10.egg-info/PKG-INFO
-- Installing: /home/wangkun/z1_ros2_ws/install/z1_examples/local/lib/python3.10/dist-packages/z1_examples-0.0.0-py3.10.egg-info/dependency_links.txt
-- Installing: /home/wangkun/z1_ros2_ws/install/z1_examples/local/lib/python3.10/dist-packages/z1_examples-0.0.0-py3.10.egg-info/top_level.txt
-- Installing: /home/wangkun/z1_ros2_ws/install/z1_examples/local/lib/python3.10/dist-packages/z1_examples-0.0.0-py3.10.egg-info/SOURCES.txt
-- Installing: /home/wangkun/z1_ros2_ws/install/z1_examples/local/lib/python3.10/dist-packages/z1_examples
-- Installing: /home/wangkun/z1_ros2_ws/install/z1_examples/local/lib/python3.10/dist-packages/z1_examples/waypoint_test.py
-- Installing: /home/wangkun/z1_ros2_ws/install/z1_examples/local/lib/python3.10/dist-packages/z1_examples/__init__.py
Listing '/home/wangkun/z1_ros2_ws/install/z1_examples/local/lib/python3.10/dist-packages/z1_examples'...
Compiling '/home/wangkun/z1_ros2_ws/install/z1_examples/local/lib/python3.10/dist-packages/z1_examples/__init__.py'...
Compiling '/home/wangkun/z1_ros2_ws/install/z1_examples/local/lib/python3.10/dist-packages/z1_examples/waypoint_test.py'...
-- Installing: /home/wangkun/z1_ros2_ws/install/z1_examples/share/ament_index/resource_index/package_run_dependencies/z1_examples
-- Installing: /home/wangkun/z1_ros2_ws/install/z1_examples/share/ament_index/resource_index/parent_prefix_path/z1_examples
-- Installing: /home/wangkun/z1_ros2_ws/install/z1_examples/share/z1_examples/environment/ament_prefix_path.sh
-- Installing: /home/wangkun/z1_ros2_ws/install/z1_examples/share/z1_examples/environment/ament_prefix_path.dsv
-- Installing: /home/wangkun/z1_ros2_ws/install/z1_examples/share/z1_examples/environment/path.sh
-- Installing: /home/wangkun/z1_ros2_ws/install/z1_examples/share/z1_examples/environment/path.dsv
-- Installing: /home/wangkun/z1_ros2_ws/install/z1_examples/share/z1_examples/local_setup.bash
-- Installing: /home/wangkun/z1_ros2_ws/install/z1_examples/share/z1_examples/local_setup.sh
-- Installing: /home/wangkun/z1_ros2_ws/install/z1_examples/share/z1_examples/local_setup.zsh
-- Installing: /home/wangkun/z1_ros2_ws/install/z1_examples/share/z1_examples/local_setup.dsv
-- Installing: /home/wangkun/z1_ros2_ws/install/z1_examples/share/z1_examples/package.dsv
-- Installing: /home/wangkun/z1_ros2_ws/install/z1_examples/share/ament_index/resource_index/packages/z1_examples
-- Installing: /home/wangkun/z1_ros2_ws/install/z1_examples/share/z1_examples/cmake/z1_examplesConfig.cmake
-- Installing: /home/wangkun/z1_ros2_ws/install/z1_examples/share/z1_examples/cmake/z1_examplesConfig-version.cmake
-- Installing: /home/wangkun/z1_ros2_ws/install/z1_examples/share/z1_examples/package.xml
