[0.018s] Invoking command in '/home/wangkun/z1_ros2_ws/build/z1_examples': AMENT_PREFIX_PATH=/home/wangkun/z1_ros2_ws/install/z1_bringup:/home/wangkun/z1_ros2_ws/install/z1_hardware_interface:/home/wangkun/z1_ros2_ws/install/z1_description:${AMENT_PREFIX_PATH} CMAKE_PREFIX_PATH=/home/wangkun/z1_ros2_ws/install/z1_bringup:/home/wangkun/z1_ros2_ws/install/z1_hardware_interface:/home/wangkun/z1_ros2_ws/install/z1_description:/opt/ros/humble LD_LIBRARY_PATH=/home/wangkun/z1_ros2_ws/install/z1_hardware_interface/lib:${LD_LIBRARY_PATH} /usr/bin/cmake /home/wangkun/z1_ros2_ws/src/z1_ros2/z1_examples -DCMAKE_BUILD_TYPE=Release -DCMAKE_INSTALL_PREFIX=/home/wangkun/z1_ros2_ws/install/z1_examples
[0.134s] -- The C compiler identification is GNU 11.4.0
[0.230s] -- The CXX compiler identification is GNU 11.4.0
[0.241s] -- Detecting C compiler ABI info
[0.405s] -- Detecting C compiler ABI info - done
[0.416s] -- Check for working C compiler: /usr/bin/cc - skipped
[0.416s] -- Detecting C compile features
[0.416s] -- Detecting C compile features - done
[0.422s] -- Detecting CXX compiler ABI info
[0.570s] -- Detecting CXX compiler ABI info - done
[0.580s] -- Check for working CXX compiler: /usr/bin/c++ - skipped
[0.581s] -- Detecting CXX compile features
[0.583s] -- Detecting CXX compile features - done
[0.589s] -- Found ament_cmake: 1.3.14 (/opt/ros/humble/share/ament_cmake/cmake)
[0.825s] -- Found Python3: /usr/bin/python3 (found version "3.10.12") found components: Interpreter 
[1.025s] -- Found rclpy: 3.3.22 (/opt/ros/humble/share/rclpy/cmake)
[1.283s] -- Configuring done
[1.295s] -- Generating done
[1.302s] -- Build files have been written to: /home/wangkun/z1_ros2_ws/build/z1_examples
[1.317s] Invoked command in '/home/wangkun/z1_ros2_ws/build/z1_examples' returned '0': AMENT_PREFIX_PATH=/home/wangkun/z1_ros2_ws/install/z1_bringup:/home/wangkun/z1_ros2_ws/install/z1_hardware_interface:/home/wangkun/z1_ros2_ws/install/z1_description:${AMENT_PREFIX_PATH} CMAKE_PREFIX_PATH=/home/wangkun/z1_ros2_ws/install/z1_bringup:/home/wangkun/z1_ros2_ws/install/z1_hardware_interface:/home/wangkun/z1_ros2_ws/install/z1_description:/opt/ros/humble LD_LIBRARY_PATH=/home/wangkun/z1_ros2_ws/install/z1_hardware_interface/lib:${LD_LIBRARY_PATH} /usr/bin/cmake /home/wangkun/z1_ros2_ws/src/z1_ros2/z1_examples -DCMAKE_BUILD_TYPE=Release -DCMAKE_INSTALL_PREFIX=/home/wangkun/z1_ros2_ws/install/z1_examples
[1.317s] Invoking command in '/home/wangkun/z1_ros2_ws/build/z1_examples': AMENT_PREFIX_PATH=/home/wangkun/z1_ros2_ws/install/z1_bringup:/home/wangkun/z1_ros2_ws/install/z1_hardware_interface:/home/wangkun/z1_ros2_ws/install/z1_description:${AMENT_PREFIX_PATH} CMAKE_PREFIX_PATH=/home/wangkun/z1_ros2_ws/install/z1_bringup:/home/wangkun/z1_ros2_ws/install/z1_hardware_interface:/home/wangkun/z1_ros2_ws/install/z1_description:/opt/ros/humble LD_LIBRARY_PATH=/home/wangkun/z1_ros2_ws/install/z1_hardware_interface/lib:${LD_LIBRARY_PATH} /usr/bin/cmake --build /home/wangkun/z1_ros2_ws/build/z1_examples -- -j2 -l2
[1.441s] Built target ament_cmake_python_copy_z1_examples
[2.189s] running egg_info
[2.191s] creating z1_examples.egg-info
[2.191s] writing z1_examples.egg-info/PKG-INFO
[2.192s] writing dependency_links to z1_examples.egg-info/dependency_links.txt
[2.192s] writing top-level names to z1_examples.egg-info/top_level.txt
[2.192s] writing manifest file 'z1_examples.egg-info/SOURCES.txt'
[2.204s] reading manifest file 'z1_examples.egg-info/SOURCES.txt'
[2.204s] writing manifest file 'z1_examples.egg-info/SOURCES.txt'
[2.291s] Built target ament_cmake_python_build_z1_examples_egg
[2.330s] Invoked command in '/home/wangkun/z1_ros2_ws/build/z1_examples' returned '0': AMENT_PREFIX_PATH=/home/wangkun/z1_ros2_ws/install/z1_bringup:/home/wangkun/z1_ros2_ws/install/z1_hardware_interface:/home/wangkun/z1_ros2_ws/install/z1_description:${AMENT_PREFIX_PATH} CMAKE_PREFIX_PATH=/home/wangkun/z1_ros2_ws/install/z1_bringup:/home/wangkun/z1_ros2_ws/install/z1_hardware_interface:/home/wangkun/z1_ros2_ws/install/z1_description:/opt/ros/humble LD_LIBRARY_PATH=/home/wangkun/z1_ros2_ws/install/z1_hardware_interface/lib:${LD_LIBRARY_PATH} /usr/bin/cmake --build /home/wangkun/z1_ros2_ws/build/z1_examples -- -j2 -l2
[2.335s] Invoking command in '/home/wangkun/z1_ros2_ws/build/z1_examples': AMENT_PREFIX_PATH=/home/wangkun/z1_ros2_ws/install/z1_bringup:/home/wangkun/z1_ros2_ws/install/z1_hardware_interface:/home/wangkun/z1_ros2_ws/install/z1_description:${AMENT_PREFIX_PATH} CMAKE_PREFIX_PATH=/home/wangkun/z1_ros2_ws/install/z1_bringup:/home/wangkun/z1_ros2_ws/install/z1_hardware_interface:/home/wangkun/z1_ros2_ws/install/z1_description:/opt/ros/humble LD_LIBRARY_PATH=/home/wangkun/z1_ros2_ws/install/z1_hardware_interface/lib:${LD_LIBRARY_PATH} /usr/bin/cmake --install /home/wangkun/z1_ros2_ws/build/z1_examples
[2.359s] -- Install configuration: "Release"
[2.360s] -- Installing: /home/wangkun/z1_ros2_ws/install/z1_examples/lib/z1_examples/waypoint_test.py
[2.363s] -- Installing: /home/wangkun/z1_ros2_ws/install/z1_examples/share/z1_examples/launch
[2.365s] -- Installing: /home/wangkun/z1_ros2_ws/install/z1_examples/share/z1_examples/launch/waypoint_test.launch.py
[2.368s] -- Installing: /home/wangkun/z1_ros2_ws/install/z1_examples/share/z1_examples/environment/pythonpath.sh
[2.370s] -- Installing: /home/wangkun/z1_ros2_ws/install/z1_examples/share/z1_examples/environment/pythonpath.dsv
[2.370s] -- Installing: /home/wangkun/z1_ros2_ws/install/z1_examples/local/lib/python3.10/dist-packages/z1_examples-0.0.0-py3.10.egg-info
[2.371s] -- Installing: /home/wangkun/z1_ros2_ws/install/z1_examples/local/lib/python3.10/dist-packages/z1_examples-0.0.0-py3.10.egg-info/PKG-INFO
[2.371s] -- Installing: /home/wangkun/z1_ros2_ws/install/z1_examples/local/lib/python3.10/dist-packages/z1_examples-0.0.0-py3.10.egg-info/dependency_links.txt
[2.371s] -- Installing: /home/wangkun/z1_ros2_ws/install/z1_examples/local/lib/python3.10/dist-packages/z1_examples-0.0.0-py3.10.egg-info/top_level.txt
[2.372s] -- Installing: /home/wangkun/z1_ros2_ws/install/z1_examples/local/lib/python3.10/dist-packages/z1_examples-0.0.0-py3.10.egg-info/SOURCES.txt
[2.372s] -- Installing: /home/wangkun/z1_ros2_ws/install/z1_examples/local/lib/python3.10/dist-packages/z1_examples
[2.373s] -- Installing: /home/wangkun/z1_ros2_ws/install/z1_examples/local/lib/python3.10/dist-packages/z1_examples/waypoint_test.py
[2.373s] -- Installing: /home/wangkun/z1_ros2_ws/install/z1_examples/local/lib/python3.10/dist-packages/z1_examples/__init__.py
[2.456s] Listing '/home/wangkun/z1_ros2_ws/install/z1_examples/local/lib/python3.10/dist-packages/z1_examples'...
[2.456s] Compiling '/home/wangkun/z1_ros2_ws/install/z1_examples/local/lib/python3.10/dist-packages/z1_examples/__init__.py'...
[2.456s] Compiling '/home/wangkun/z1_ros2_ws/install/z1_examples/local/lib/python3.10/dist-packages/z1_examples/waypoint_test.py'...
[2.469s] -- Installing: /home/wangkun/z1_ros2_ws/install/z1_examples/share/ament_index/resource_index/package_run_dependencies/z1_examples
[2.469s] -- Installing: /home/wangkun/z1_ros2_ws/install/z1_examples/share/ament_index/resource_index/parent_prefix_path/z1_examples
[2.469s] -- Installing: /home/wangkun/z1_ros2_ws/install/z1_examples/share/z1_examples/environment/ament_prefix_path.sh
[2.471s] -- Installing: /home/wangkun/z1_ros2_ws/install/z1_examples/share/z1_examples/environment/ament_prefix_path.dsv
[2.471s] -- Installing: /home/wangkun/z1_ros2_ws/install/z1_examples/share/z1_examples/environment/path.sh
[2.474s] -- Installing: /home/wangkun/z1_ros2_ws/install/z1_examples/share/z1_examples/environment/path.dsv
[2.475s] -- Installing: /home/wangkun/z1_ros2_ws/install/z1_examples/share/z1_examples/local_setup.bash
[2.475s] -- Installing: /home/wangkun/z1_ros2_ws/install/z1_examples/share/z1_examples/local_setup.sh
[2.475s] -- Installing: /home/wangkun/z1_ros2_ws/install/z1_examples/share/z1_examples/local_setup.zsh
[2.476s] -- Installing: /home/wangkun/z1_ros2_ws/install/z1_examples/share/z1_examples/local_setup.dsv
[2.476s] -- Installing: /home/wangkun/z1_ros2_ws/install/z1_examples/share/z1_examples/package.dsv
[2.476s] -- Installing: /home/wangkun/z1_ros2_ws/install/z1_examples/share/ament_index/resource_index/packages/z1_examples
[2.477s] -- Installing: /home/wangkun/z1_ros2_ws/install/z1_examples/share/z1_examples/cmake/z1_examplesConfig.cmake
[2.479s] -- Installing: /home/wangkun/z1_ros2_ws/install/z1_examples/share/z1_examples/cmake/z1_examplesConfig-version.cmake
[2.479s] -- Installing: /home/wangkun/z1_ros2_ws/install/z1_examples/share/z1_examples/package.xml
[2.486s] Invoked command in '/home/wangkun/z1_ros2_ws/build/z1_examples' returned '0': AMENT_PREFIX_PATH=/home/wangkun/z1_ros2_ws/install/z1_bringup:/home/wangkun/z1_ros2_ws/install/z1_hardware_interface:/home/wangkun/z1_ros2_ws/install/z1_description:${AMENT_PREFIX_PATH} CMAKE_PREFIX_PATH=/home/wangkun/z1_ros2_ws/install/z1_bringup:/home/wangkun/z1_ros2_ws/install/z1_hardware_interface:/home/wangkun/z1_ros2_ws/install/z1_description:/opt/ros/humble LD_LIBRARY_PATH=/home/wangkun/z1_ros2_ws/install/z1_hardware_interface/lib:${LD_LIBRARY_PATH} /usr/bin/cmake --install /home/wangkun/z1_ros2_ws/build/z1_examples
