[0.129s] DEBUG:colcon:Command line arguments: ['/usr/bin/colcon', 'build', '--packages-select', 'z1_examples']
[0.129s] DEBUG:colcon:Parsed command line arguments: Namespace(log_base=None, log_level=None, verb_name='build', build_base='build', install_base='install', merge_install=False, symlink_install=False, test_result_base=None, continue_on_error=False, executor='parallel', parallel_workers=4, event_handlers=None, ignore_user_meta=False, metas=['./colcon.meta'], base_paths=['.'], packages_ignore=None, packages_ignore_regex=None, paths=None, packages_up_to=None, packages_up_to_regex=None, packages_above=None, packages_above_and_dependencies=None, packages_above_depth=None, packages_select_by_dep=None, packages_skip_by_dep=None, packages_skip_up_to=None, packages_select_build_failed=False, packages_skip_build_finished=False, packages_select_test_failures=False, packages_skip_test_passed=False, packages_select=['z1_examples'], packages_skip=None, packages_select_regex=None, packages_skip_regex=None, packages_start=None, packages_end=None, allow_overriding=[], cmake_args=None, cmake_target=None, cmake_target_skip_unavailable=False, cmake_clean_cache=False, cmake_clean_first=False, cmake_force_configure=False, ament_cmake_args=None, catkin_cmake_args=None, catkin_skip_building_tests=False, verb_parser=<colcon_defaults.argument_parser.defaults.DefaultArgumentsDecorator object at 0x7b85c52d8e50>, verb_extension=<colcon_core.verb.build.BuildVerb object at 0x7b85c52d84c0>, main=<bound method BuildVerb.main of <colcon_core.verb.build.BuildVerb object at 0x7b85c52d84c0>>)
[0.334s] Level 1:colcon.colcon_core.package_discovery:discover_packages(colcon_meta) check parameters
[0.334s] Level 1:colcon.colcon_core.package_discovery:discover_packages(recursive) check parameters
[0.334s] Level 1:colcon.colcon_core.package_discovery:discover_packages(ignore) check parameters
[0.334s] Level 1:colcon.colcon_core.package_discovery:discover_packages(path) check parameters
[0.334s] Level 1:colcon.colcon_core.package_discovery:discover_packages(colcon_meta) discover
[0.334s] Level 1:colcon.colcon_core.package_discovery:discover_packages(recursive) discover
[0.334s] INFO:colcon.colcon_core.package_discovery:Crawling recursively for packages in '/home/wangkun/z1_ros2_ws'
[0.334s] Level 1:colcon.colcon_core.package_identification:_identify(.) by extensions ['ignore', 'ignore_ament_install']
[0.334s] Level 1:colcon.colcon_core.package_identification:_identify(.) by extension 'ignore'
[0.334s] Level 1:colcon.colcon_core.package_identification:_identify(.) by extension 'ignore_ament_install'
[0.335s] Level 1:colcon.colcon_core.package_identification:_identify(.) by extensions ['colcon_pkg']
[0.335s] Level 1:colcon.colcon_core.package_identification:_identify(.) by extension 'colcon_pkg'
[0.335s] Level 1:colcon.colcon_core.package_identification:_identify(.) by extensions ['colcon_meta']
[0.335s] Level 1:colcon.colcon_core.package_identification:_identify(.) by extension 'colcon_meta'
[0.335s] Level 1:colcon.colcon_core.package_identification:_identify(.) by extensions ['ros']
[0.335s] Level 1:colcon.colcon_core.package_identification:_identify(.) by extension 'ros'
[0.346s] Level 1:colcon.colcon_core.package_identification:_identify(.) by extensions ['cmake', 'python']
[0.346s] Level 1:colcon.colcon_core.package_identification:_identify(.) by extension 'cmake'
[0.346s] Level 1:colcon.colcon_core.package_identification:_identify(.) by extension 'python'
[0.346s] Level 1:colcon.colcon_core.package_identification:_identify(.) by extensions ['python_setup_py']
[0.346s] Level 1:colcon.colcon_core.package_identification:_identify(.) by extension 'python_setup_py'
[0.346s] Level 1:colcon.colcon_core.package_identification:_identify(build) by extensions ['ignore', 'ignore_ament_install']
[0.347s] Level 1:colcon.colcon_core.package_identification:_identify(build) by extension 'ignore'
[0.347s] Level 1:colcon.colcon_core.package_identification:_identify(build) ignored
[0.347s] Level 1:colcon.colcon_core.package_identification:_identify(install) by extensions ['ignore', 'ignore_ament_install']
[0.347s] Level 1:colcon.colcon_core.package_identification:_identify(install) by extension 'ignore'
[0.347s] Level 1:colcon.colcon_core.package_identification:_identify(install) ignored
[0.347s] Level 1:colcon.colcon_core.package_identification:_identify(log) by extensions ['ignore', 'ignore_ament_install']
[0.347s] Level 1:colcon.colcon_core.package_identification:_identify(log) by extension 'ignore'
[0.347s] Level 1:colcon.colcon_core.package_identification:_identify(log) ignored
[0.347s] Level 1:colcon.colcon_core.package_identification:_identify(src) by extensions ['ignore', 'ignore_ament_install']
[0.347s] Level 1:colcon.colcon_core.package_identification:_identify(src) by extension 'ignore'
[0.347s] Level 1:colcon.colcon_core.package_identification:_identify(src) by extension 'ignore_ament_install'
[0.347s] Level 1:colcon.colcon_core.package_identification:_identify(src) by extensions ['colcon_pkg']
[0.348s] Level 1:colcon.colcon_core.package_identification:_identify(src) by extension 'colcon_pkg'
[0.348s] Level 1:colcon.colcon_core.package_identification:_identify(src) by extensions ['colcon_meta']
[0.348s] Level 1:colcon.colcon_core.package_identification:_identify(src) by extension 'colcon_meta'
[0.348s] Level 1:colcon.colcon_core.package_identification:_identify(src) by extensions ['ros']
[0.348s] Level 1:colcon.colcon_core.package_identification:_identify(src) by extension 'ros'
[0.348s] Level 1:colcon.colcon_core.package_identification:_identify(src) by extensions ['cmake', 'python']
[0.348s] Level 1:colcon.colcon_core.package_identification:_identify(src) by extension 'cmake'
[0.348s] Level 1:colcon.colcon_core.package_identification:_identify(src) by extension 'python'
[0.348s] Level 1:colcon.colcon_core.package_identification:_identify(src) by extensions ['python_setup_py']
[0.348s] Level 1:colcon.colcon_core.package_identification:_identify(src) by extension 'python_setup_py'
[0.348s] Level 1:colcon.colcon_core.package_identification:_identify(src/z1_ros2) by extensions ['ignore', 'ignore_ament_install']
[0.348s] Level 1:colcon.colcon_core.package_identification:_identify(src/z1_ros2) by extension 'ignore'
[0.348s] Level 1:colcon.colcon_core.package_identification:_identify(src/z1_ros2) by extension 'ignore_ament_install'
[0.349s] Level 1:colcon.colcon_core.package_identification:_identify(src/z1_ros2) by extensions ['colcon_pkg']
[0.349s] Level 1:colcon.colcon_core.package_identification:_identify(src/z1_ros2) by extension 'colcon_pkg'
[0.349s] Level 1:colcon.colcon_core.package_identification:_identify(src/z1_ros2) by extensions ['colcon_meta']
[0.349s] Level 1:colcon.colcon_core.package_identification:_identify(src/z1_ros2) by extension 'colcon_meta'
[0.349s] Level 1:colcon.colcon_core.package_identification:_identify(src/z1_ros2) by extensions ['ros']
[0.349s] Level 1:colcon.colcon_core.package_identification:_identify(src/z1_ros2) by extension 'ros'
[0.349s] Level 1:colcon.colcon_core.package_identification:_identify(src/z1_ros2) by extensions ['cmake', 'python']
[0.349s] Level 1:colcon.colcon_core.package_identification:_identify(src/z1_ros2) by extension 'cmake'
[0.349s] Level 1:colcon.colcon_core.package_identification:_identify(src/z1_ros2) by extension 'python'
[0.349s] Level 1:colcon.colcon_core.package_identification:_identify(src/z1_ros2) by extensions ['python_setup_py']
[0.349s] Level 1:colcon.colcon_core.package_identification:_identify(src/z1_ros2) by extension 'python_setup_py'
[0.349s] Level 1:colcon.colcon_core.package_identification:_identify(src/z1_ros2/build) by extensions ['ignore', 'ignore_ament_install']
[0.349s] Level 1:colcon.colcon_core.package_identification:_identify(src/z1_ros2/build) by extension 'ignore'
[0.349s] Level 1:colcon.colcon_core.package_identification:_identify(src/z1_ros2/build) ignored
[0.350s] Level 1:colcon.colcon_core.package_identification:_identify(src/z1_ros2/docs) by extensions ['ignore', 'ignore_ament_install']
[0.350s] Level 1:colcon.colcon_core.package_identification:_identify(src/z1_ros2/docs) by extension 'ignore'
[0.350s] Level 1:colcon.colcon_core.package_identification:_identify(src/z1_ros2/docs) by extension 'ignore_ament_install'
[0.350s] Level 1:colcon.colcon_core.package_identification:_identify(src/z1_ros2/docs) by extensions ['colcon_pkg']
[0.350s] Level 1:colcon.colcon_core.package_identification:_identify(src/z1_ros2/docs) by extension 'colcon_pkg'
[0.350s] Level 1:colcon.colcon_core.package_identification:_identify(src/z1_ros2/docs) by extensions ['colcon_meta']
[0.350s] Level 1:colcon.colcon_core.package_identification:_identify(src/z1_ros2/docs) by extension 'colcon_meta'
[0.350s] Level 1:colcon.colcon_core.package_identification:_identify(src/z1_ros2/docs) by extensions ['ros']
[0.350s] Level 1:colcon.colcon_core.package_identification:_identify(src/z1_ros2/docs) by extension 'ros'
[0.350s] Level 1:colcon.colcon_core.package_identification:_identify(src/z1_ros2/docs) by extensions ['cmake', 'python']
[0.350s] Level 1:colcon.colcon_core.package_identification:_identify(src/z1_ros2/docs) by extension 'cmake'
[0.350s] Level 1:colcon.colcon_core.package_identification:_identify(src/z1_ros2/docs) by extension 'python'
[0.350s] Level 1:colcon.colcon_core.package_identification:_identify(src/z1_ros2/docs) by extensions ['python_setup_py']
[0.350s] Level 1:colcon.colcon_core.package_identification:_identify(src/z1_ros2/docs) by extension 'python_setup_py'
[0.351s] Level 1:colcon.colcon_core.package_identification:_identify(src/z1_ros2/docs/resources) by extensions ['ignore', 'ignore_ament_install']
[0.351s] Level 1:colcon.colcon_core.package_identification:_identify(src/z1_ros2/docs/resources) by extension 'ignore'
[0.351s] Level 1:colcon.colcon_core.package_identification:_identify(src/z1_ros2/docs/resources) by extension 'ignore_ament_install'
[0.351s] Level 1:colcon.colcon_core.package_identification:_identify(src/z1_ros2/docs/resources) by extensions ['colcon_pkg']
[0.351s] Level 1:colcon.colcon_core.package_identification:_identify(src/z1_ros2/docs/resources) by extension 'colcon_pkg'
[0.351s] Level 1:colcon.colcon_core.package_identification:_identify(src/z1_ros2/docs/resources) by extensions ['colcon_meta']
[0.351s] Level 1:colcon.colcon_core.package_identification:_identify(src/z1_ros2/docs/resources) by extension 'colcon_meta'
[0.351s] Level 1:colcon.colcon_core.package_identification:_identify(src/z1_ros2/docs/resources) by extensions ['ros']
[0.351s] Level 1:colcon.colcon_core.package_identification:_identify(src/z1_ros2/docs/resources) by extension 'ros'
[0.351s] Level 1:colcon.colcon_core.package_identification:_identify(src/z1_ros2/docs/resources) by extensions ['cmake', 'python']
[0.351s] Level 1:colcon.colcon_core.package_identification:_identify(src/z1_ros2/docs/resources) by extension 'cmake'
[0.351s] Level 1:colcon.colcon_core.package_identification:_identify(src/z1_ros2/docs/resources) by extension 'python'
[0.351s] Level 1:colcon.colcon_core.package_identification:_identify(src/z1_ros2/docs/resources) by extensions ['python_setup_py']
[0.351s] Level 1:colcon.colcon_core.package_identification:_identify(src/z1_ros2/docs/resources) by extension 'python_setup_py'
[0.351s] Level 1:colcon.colcon_core.package_identification:_identify(src/z1_ros2/install) by extensions ['ignore', 'ignore_ament_install']
[0.351s] Level 1:colcon.colcon_core.package_identification:_identify(src/z1_ros2/install) by extension 'ignore'
[0.351s] Level 1:colcon.colcon_core.package_identification:_identify(src/z1_ros2/install) ignored
[0.352s] Level 1:colcon.colcon_core.package_identification:_identify(src/z1_ros2/log) by extensions ['ignore', 'ignore_ament_install']
[0.352s] Level 1:colcon.colcon_core.package_identification:_identify(src/z1_ros2/log) by extension 'ignore'
[0.352s] Level 1:colcon.colcon_core.package_identification:_identify(src/z1_ros2/log) ignored
[0.352s] Level 1:colcon.colcon_core.package_identification:_identify(src/z1_ros2/z1_bringup) by extensions ['ignore', 'ignore_ament_install']
[0.352s] Level 1:colcon.colcon_core.package_identification:_identify(src/z1_ros2/z1_bringup) by extension 'ignore'
[0.352s] Level 1:colcon.colcon_core.package_identification:_identify(src/z1_ros2/z1_bringup) by extension 'ignore_ament_install'
[0.352s] Level 1:colcon.colcon_core.package_identification:_identify(src/z1_ros2/z1_bringup) by extensions ['colcon_pkg']
[0.352s] Level 1:colcon.colcon_core.package_identification:_identify(src/z1_ros2/z1_bringup) by extension 'colcon_pkg'
[0.352s] Level 1:colcon.colcon_core.package_identification:_identify(src/z1_ros2/z1_bringup) by extensions ['colcon_meta']
[0.352s] Level 1:colcon.colcon_core.package_identification:_identify(src/z1_ros2/z1_bringup) by extension 'colcon_meta'
[0.352s] Level 1:colcon.colcon_core.package_identification:_identify(src/z1_ros2/z1_bringup) by extensions ['ros']
[0.352s] Level 1:colcon.colcon_core.package_identification:_identify(src/z1_ros2/z1_bringup) by extension 'ros'
[0.355s] DEBUG:colcon.colcon_core.package_identification:Package 'src/z1_ros2/z1_bringup' with type 'ros.ament_cmake' and name 'z1_bringup'
[0.356s] Level 1:colcon.colcon_core.package_identification:_identify(src/z1_ros2/z1_description) by extensions ['ignore', 'ignore_ament_install']
[0.356s] Level 1:colcon.colcon_core.package_identification:_identify(src/z1_ros2/z1_description) by extension 'ignore'
[0.356s] Level 1:colcon.colcon_core.package_identification:_identify(src/z1_ros2/z1_description) by extension 'ignore_ament_install'
[0.356s] Level 1:colcon.colcon_core.package_identification:_identify(src/z1_ros2/z1_description) by extensions ['colcon_pkg']
[0.356s] Level 1:colcon.colcon_core.package_identification:_identify(src/z1_ros2/z1_description) by extension 'colcon_pkg'
[0.356s] Level 1:colcon.colcon_core.package_identification:_identify(src/z1_ros2/z1_description) by extensions ['colcon_meta']
[0.356s] Level 1:colcon.colcon_core.package_identification:_identify(src/z1_ros2/z1_description) by extension 'colcon_meta'
[0.356s] Level 1:colcon.colcon_core.package_identification:_identify(src/z1_ros2/z1_description) by extensions ['ros']
[0.356s] Level 1:colcon.colcon_core.package_identification:_identify(src/z1_ros2/z1_description) by extension 'ros'
[0.357s] DEBUG:colcon.colcon_core.package_identification:Package 'src/z1_ros2/z1_description' with type 'ros.ament_cmake' and name 'z1_description'
[0.357s] Level 1:colcon.colcon_core.package_identification:_identify(src/z1_ros2/z1_examples) by extensions ['ignore', 'ignore_ament_install']
[0.357s] Level 1:colcon.colcon_core.package_identification:_identify(src/z1_ros2/z1_examples) by extension 'ignore'
[0.357s] Level 1:colcon.colcon_core.package_identification:_identify(src/z1_ros2/z1_examples) by extension 'ignore_ament_install'
[0.357s] Level 1:colcon.colcon_core.package_identification:_identify(src/z1_ros2/z1_examples) by extensions ['colcon_pkg']
[0.357s] Level 1:colcon.colcon_core.package_identification:_identify(src/z1_ros2/z1_examples) by extension 'colcon_pkg'
[0.357s] Level 1:colcon.colcon_core.package_identification:_identify(src/z1_ros2/z1_examples) by extensions ['colcon_meta']
[0.357s] Level 1:colcon.colcon_core.package_identification:_identify(src/z1_ros2/z1_examples) by extension 'colcon_meta'
[0.357s] Level 1:colcon.colcon_core.package_identification:_identify(src/z1_ros2/z1_examples) by extensions ['ros']
[0.357s] Level 1:colcon.colcon_core.package_identification:_identify(src/z1_ros2/z1_examples) by extension 'ros'
[0.359s] DEBUG:colcon.colcon_core.package_identification:Package 'src/z1_ros2/z1_examples' with type 'ros.ament_cmake' and name 'z1_examples'
[0.360s] Level 1:colcon.colcon_core.package_identification:_identify(src/z1_ros2/z1_hardware_interface) by extensions ['ignore', 'ignore_ament_install']
[0.360s] Level 1:colcon.colcon_core.package_identification:_identify(src/z1_ros2/z1_hardware_interface) by extension 'ignore'
[0.360s] Level 1:colcon.colcon_core.package_identification:_identify(src/z1_ros2/z1_hardware_interface) by extension 'ignore_ament_install'
[0.360s] Level 1:colcon.colcon_core.package_identification:_identify(src/z1_ros2/z1_hardware_interface) by extensions ['colcon_pkg']
[0.360s] Level 1:colcon.colcon_core.package_identification:_identify(src/z1_ros2/z1_hardware_interface) by extension 'colcon_pkg'
[0.360s] Level 1:colcon.colcon_core.package_identification:_identify(src/z1_ros2/z1_hardware_interface) by extensions ['colcon_meta']
[0.360s] Level 1:colcon.colcon_core.package_identification:_identify(src/z1_ros2/z1_hardware_interface) by extension 'colcon_meta'
[0.360s] Level 1:colcon.colcon_core.package_identification:_identify(src/z1_ros2/z1_hardware_interface) by extensions ['ros']
[0.361s] Level 1:colcon.colcon_core.package_identification:_identify(src/z1_ros2/z1_hardware_interface) by extension 'ros'
[0.362s] DEBUG:colcon.colcon_core.package_identification:Package 'src/z1_ros2/z1_hardware_interface' with type 'ros.ament_cmake' and name 'z1_hardware_interface'
[0.362s] Level 1:colcon.colcon_core.package_identification:_identify(src/z1_ros2/z1_moveit) by extensions ['ignore', 'ignore_ament_install']
[0.362s] Level 1:colcon.colcon_core.package_identification:_identify(src/z1_ros2/z1_moveit) by extension 'ignore'
[0.362s] Level 1:colcon.colcon_core.package_identification:_identify(src/z1_ros2/z1_moveit) by extension 'ignore_ament_install'
[0.362s] Level 1:colcon.colcon_core.package_identification:_identify(src/z1_ros2/z1_moveit) by extensions ['colcon_pkg']
[0.362s] Level 1:colcon.colcon_core.package_identification:_identify(src/z1_ros2/z1_moveit) by extension 'colcon_pkg'
[0.362s] Level 1:colcon.colcon_core.package_identification:_identify(src/z1_ros2/z1_moveit) by extensions ['colcon_meta']
[0.363s] Level 1:colcon.colcon_core.package_identification:_identify(src/z1_ros2/z1_moveit) by extension 'colcon_meta'
[0.363s] Level 1:colcon.colcon_core.package_identification:_identify(src/z1_ros2/z1_moveit) by extensions ['ros']
[0.363s] Level 1:colcon.colcon_core.package_identification:_identify(src/z1_ros2/z1_moveit) by extension 'ros'
[0.363s] DEBUG:colcon.colcon_core.package_identification:Package 'src/z1_ros2/z1_moveit' with type 'ros.ament_cmake' and name 'z1_moveit'
[0.364s] Level 1:colcon.colcon_core.package_discovery:discover_packages(recursive) using defaults
[0.364s] Level 1:colcon.colcon_core.package_discovery:discover_packages(ignore) discover
[0.364s] Level 1:colcon.colcon_core.package_discovery:discover_packages(ignore) using defaults
[0.364s] Level 1:colcon.colcon_core.package_discovery:discover_packages(path) discover
[0.364s] Level 1:colcon.colcon_core.package_discovery:discover_packages(path) using defaults
[0.409s] INFO:colcon.colcon_core.package_selection:Skipping not selected package 'z1_description' in 'src/z1_ros2/z1_description'
[0.410s] INFO:colcon.colcon_core.package_selection:Skipping not selected package 'z1_hardware_interface' in 'src/z1_ros2/z1_hardware_interface'
[0.410s] INFO:colcon.colcon_core.package_selection:Skipping not selected package 'z1_bringup' in 'src/z1_ros2/z1_bringup'
[0.410s] INFO:colcon.colcon_core.package_selection:Skipping not selected package 'z1_moveit' in 'src/z1_ros2/z1_moveit'
[0.410s] Level 1:colcon.colcon_core.package_discovery:discover_packages(prefix_path) check parameters
[0.410s] Level 1:colcon.colcon_core.package_discovery:discover_packages(prefix_path) discover
[0.412s] DEBUG:colcon.colcon_installed_package_information.package_discovery:Found 5 installed packages in /home/wangkun/z1_ros2_ws/install
[0.414s] DEBUG:colcon.colcon_installed_package_information.package_discovery:Found 366 installed packages in /opt/ros/humble
[0.416s] Level 1:colcon.colcon_core.package_discovery:discover_packages(prefix_path) using defaults
[0.468s] Level 5:colcon.colcon_core.verb:set package 'z1_examples' build argument 'cmake_args' from command line to 'None'
[0.469s] Level 5:colcon.colcon_core.verb:set package 'z1_examples' build argument 'cmake_target' from command line to 'None'
[0.469s] Level 5:colcon.colcon_core.verb:set package 'z1_examples' build argument 'cmake_target_skip_unavailable' from command line to 'False'
[0.469s] Level 5:colcon.colcon_core.verb:set package 'z1_examples' build argument 'cmake_clean_cache' from command line to 'False'
[0.469s] Level 5:colcon.colcon_core.verb:set package 'z1_examples' build argument 'cmake_clean_first' from command line to 'False'
[0.469s] Level 5:colcon.colcon_core.verb:set package 'z1_examples' build argument 'cmake_force_configure' from command line to 'False'
[0.469s] Level 5:colcon.colcon_core.verb:set package 'z1_examples' build argument 'ament_cmake_args' from command line to 'None'
[0.469s] Level 5:colcon.colcon_core.verb:set package 'z1_examples' build argument 'catkin_cmake_args' from command line to 'None'
[0.469s] Level 5:colcon.colcon_core.verb:set package 'z1_examples' build argument 'catkin_skip_building_tests' from command line to 'False'
[0.469s] DEBUG:colcon.colcon_core.verb:Building package 'z1_examples' with the following arguments: {'ament_cmake_args': None, 'build_base': '/home/wangkun/z1_ros2_ws/build/z1_examples', 'catkin_cmake_args': None, 'catkin_skip_building_tests': False, 'cmake_args': None, 'cmake_clean_cache': False, 'cmake_clean_first': False, 'cmake_force_configure': False, 'cmake_target': None, 'cmake_target_skip_unavailable': False, 'install_base': '/home/wangkun/z1_ros2_ws/install/z1_examples', 'merge_install': False, 'path': '/home/wangkun/z1_ros2_ws/src/z1_ros2/z1_examples', 'symlink_install': False, 'test_result_base': None}
[0.469s] INFO:colcon.colcon_core.executor:Executing jobs using 'parallel' executor
[0.471s] DEBUG:colcon.colcon_parallel_executor.executor.parallel:run_until_complete
[0.472s] INFO:colcon.colcon_ros.task.ament_cmake.build:Building ROS package in '/home/wangkun/z1_ros2_ws/src/z1_ros2/z1_examples' with build type 'ament_cmake'
[0.472s] INFO:colcon.colcon_cmake.task.cmake.build:Building CMake package in '/home/wangkun/z1_ros2_ws/src/z1_ros2/z1_examples'
[0.475s] INFO:colcon.colcon_core.plugin_system:Skipping extension 'colcon_core.shell.bat': Not used on non-Windows systems
[0.475s] INFO:colcon.colcon_core.shell:Skip shell extension 'powershell' for command environment: Not usable outside of PowerShell
[0.475s] DEBUG:colcon.colcon_core.shell:Skip shell extension 'dsv' for command environment
[0.499s] DEBUG:colcon.colcon_core.event_handler.log_command:Invoking command in '/home/wangkun/z1_ros2_ws/build/z1_examples': CMAKE_PREFIX_PATH=/home/wangkun/z1_ros2_ws/install/z1_bringup:/home/wangkun/z1_ros2_ws/install/z1_hardware_interface:/home/wangkun/z1_ros2_ws/install/z1_description:/home/wangkun/z1_ros2_ws/install/z1_moveit:/home/wangkun/z1_ros2_ws/install/z1_examples:/opt/ros/humble /usr/bin/cmake --build /home/wangkun/z1_ros2_ws/build/z1_examples -- -j4 -l4
[1.005s] DEBUG:colcon.colcon_core.event_handler.log_command:Invoked command in '/home/wangkun/z1_ros2_ws/build/z1_examples' returned '0': CMAKE_PREFIX_PATH=/home/wangkun/z1_ros2_ws/install/z1_bringup:/home/wangkun/z1_ros2_ws/install/z1_hardware_interface:/home/wangkun/z1_ros2_ws/install/z1_description:/home/wangkun/z1_ros2_ws/install/z1_moveit:/home/wangkun/z1_ros2_ws/install/z1_examples:/opt/ros/humble /usr/bin/cmake --build /home/wangkun/z1_ros2_ws/build/z1_examples -- -j4 -l4
[1.027s] DEBUG:colcon.colcon_core.event_handler.log_command:Invoking command in '/home/wangkun/z1_ros2_ws/build/z1_examples': CMAKE_PREFIX_PATH=/home/wangkun/z1_ros2_ws/install/z1_bringup:/home/wangkun/z1_ros2_ws/install/z1_hardware_interface:/home/wangkun/z1_ros2_ws/install/z1_description:/home/wangkun/z1_ros2_ws/install/z1_moveit:/home/wangkun/z1_ros2_ws/install/z1_examples:/opt/ros/humble /usr/bin/cmake --install /home/wangkun/z1_ros2_ws/build/z1_examples
[1.102s] Level 1:colcon.colcon_core.environment:create_environment_scripts_only(z1_examples)
[1.102s] DEBUG:colcon.colcon_core.event_handler.log_command:Invoked command in '/home/wangkun/z1_ros2_ws/build/z1_examples' returned '0': CMAKE_PREFIX_PATH=/home/wangkun/z1_ros2_ws/install/z1_bringup:/home/wangkun/z1_ros2_ws/install/z1_hardware_interface:/home/wangkun/z1_ros2_ws/install/z1_description:/home/wangkun/z1_ros2_ws/install/z1_moveit:/home/wangkun/z1_ros2_ws/install/z1_examples:/opt/ros/humble /usr/bin/cmake --install /home/wangkun/z1_ros2_ws/build/z1_examples
[1.105s] Level 1:colcon.colcon_core.environment:checking '/home/wangkun/z1_ros2_ws/install/z1_examples' for CMake module files
[1.106s] Level 1:colcon.colcon_core.environment:checking '/home/wangkun/z1_ros2_ws/install/z1_examples' for CMake config files
[1.106s] Level 1:colcon.colcon_core.shell:create_environment_hook('z1_examples', 'cmake_prefix_path')
[1.106s] INFO:colcon.colcon_core.shell:Creating environment hook '/home/wangkun/z1_ros2_ws/install/z1_examples/share/z1_examples/hook/cmake_prefix_path.ps1'
[1.108s] INFO:colcon.colcon_core.shell:Creating environment descriptor '/home/wangkun/z1_ros2_ws/install/z1_examples/share/z1_examples/hook/cmake_prefix_path.dsv'
[1.108s] INFO:colcon.colcon_core.shell:Creating environment hook '/home/wangkun/z1_ros2_ws/install/z1_examples/share/z1_examples/hook/cmake_prefix_path.sh'
[1.109s] Level 1:colcon.colcon_core.environment:checking '/home/wangkun/z1_ros2_ws/install/z1_examples/lib'
[1.110s] Level 1:colcon.colcon_core.environment:checking '/home/wangkun/z1_ros2_ws/install/z1_examples/bin'
[1.110s] Level 1:colcon.colcon_core.environment:checking '/home/wangkun/z1_ros2_ws/install/z1_examples/lib/pkgconfig/z1_examples.pc'
[1.110s] Level 1:colcon.colcon_core.environment:checking '/home/wangkun/z1_ros2_ws/install/z1_examples/lib/python3.10/site-packages'
[1.110s] Level 1:colcon.colcon_core.environment:checking '/home/wangkun/z1_ros2_ws/install/z1_examples/bin'
[1.111s] INFO:colcon.colcon_core.shell:Creating package script '/home/wangkun/z1_ros2_ws/install/z1_examples/share/z1_examples/package.ps1'
[1.112s] INFO:colcon.colcon_core.shell:Creating package descriptor '/home/wangkun/z1_ros2_ws/install/z1_examples/share/z1_examples/package.dsv'
[1.112s] INFO:colcon.colcon_core.shell:Creating package script '/home/wangkun/z1_ros2_ws/install/z1_examples/share/z1_examples/package.sh'
[1.113s] INFO:colcon.colcon_core.shell:Creating package script '/home/wangkun/z1_ros2_ws/install/z1_examples/share/z1_examples/package.bash'
[1.114s] INFO:colcon.colcon_core.shell:Creating package script '/home/wangkun/z1_ros2_ws/install/z1_examples/share/z1_examples/package.zsh'
[1.115s] Level 1:colcon.colcon_core.environment:create_file_with_runtime_dependencies(/home/wangkun/z1_ros2_ws/install/z1_examples/share/colcon-core/packages/z1_examples)
[1.116s] Level 1:colcon.colcon_core.environment:create_environment_scripts_only(z1_examples)
[1.116s] Level 1:colcon.colcon_core.environment:checking '/home/wangkun/z1_ros2_ws/install/z1_examples' for CMake module files
[1.117s] Level 1:colcon.colcon_core.environment:checking '/home/wangkun/z1_ros2_ws/install/z1_examples' for CMake config files
[1.117s] Level 1:colcon.colcon_core.shell:create_environment_hook('z1_examples', 'cmake_prefix_path')
[1.117s] INFO:colcon.colcon_core.shell:Creating environment hook '/home/wangkun/z1_ros2_ws/install/z1_examples/share/z1_examples/hook/cmake_prefix_path.ps1'
[1.118s] INFO:colcon.colcon_core.shell:Creating environment descriptor '/home/wangkun/z1_ros2_ws/install/z1_examples/share/z1_examples/hook/cmake_prefix_path.dsv'
[1.118s] INFO:colcon.colcon_core.shell:Creating environment hook '/home/wangkun/z1_ros2_ws/install/z1_examples/share/z1_examples/hook/cmake_prefix_path.sh'
[1.119s] Level 1:colcon.colcon_core.environment:checking '/home/wangkun/z1_ros2_ws/install/z1_examples/lib'
[1.119s] Level 1:colcon.colcon_core.environment:checking '/home/wangkun/z1_ros2_ws/install/z1_examples/bin'
[1.119s] Level 1:colcon.colcon_core.environment:checking '/home/wangkun/z1_ros2_ws/install/z1_examples/lib/pkgconfig/z1_examples.pc'
[1.120s] Level 1:colcon.colcon_core.environment:checking '/home/wangkun/z1_ros2_ws/install/z1_examples/lib/python3.10/site-packages'
[1.120s] Level 1:colcon.colcon_core.environment:checking '/home/wangkun/z1_ros2_ws/install/z1_examples/bin'
[1.120s] INFO:colcon.colcon_core.shell:Creating package script '/home/wangkun/z1_ros2_ws/install/z1_examples/share/z1_examples/package.ps1'
[1.121s] INFO:colcon.colcon_core.shell:Creating package descriptor '/home/wangkun/z1_ros2_ws/install/z1_examples/share/z1_examples/package.dsv'
[1.122s] INFO:colcon.colcon_core.shell:Creating package script '/home/wangkun/z1_ros2_ws/install/z1_examples/share/z1_examples/package.sh'
[1.122s] INFO:colcon.colcon_core.shell:Creating package script '/home/wangkun/z1_ros2_ws/install/z1_examples/share/z1_examples/package.bash'
[1.123s] INFO:colcon.colcon_core.shell:Creating package script '/home/wangkun/z1_ros2_ws/install/z1_examples/share/z1_examples/package.zsh'
[1.123s] Level 1:colcon.colcon_core.environment:create_file_with_runtime_dependencies(/home/wangkun/z1_ros2_ws/install/z1_examples/share/colcon-core/packages/z1_examples)
[1.124s] DEBUG:colcon.colcon_parallel_executor.executor.parallel:closing loop
[1.124s] DEBUG:colcon.colcon_parallel_executor.executor.parallel:loop closed
[1.124s] DEBUG:colcon.colcon_parallel_executor.executor.parallel:run_until_complete finished with '0'
[1.124s] DEBUG:colcon.colcon_core.event_reactor:joining thread
[1.132s] INFO:colcon.colcon_core.plugin_system:Skipping extension 'colcon_notification.desktop_notification.terminal_notifier': Not used on non-Darwin systems
[1.132s] INFO:colcon.colcon_core.plugin_system:Skipping extension 'colcon_notification.desktop_notification.win32': Not used on non-Windows systems
[1.133s] INFO:colcon.colcon_notification.desktop_notification:Sending desktop notification using 'notify2'
[1.150s] DEBUG:colcon.colcon_core.event_reactor:joined thread
[1.151s] INFO:colcon.colcon_core.shell:Creating prefix script '/home/wangkun/z1_ros2_ws/install/local_setup.ps1'
[1.152s] INFO:colcon.colcon_core.shell:Creating prefix util module '/home/wangkun/z1_ros2_ws/install/_local_setup_util_ps1.py'
[1.156s] INFO:colcon.colcon_core.shell:Creating prefix chain script '/home/wangkun/z1_ros2_ws/install/setup.ps1'
[1.160s] INFO:colcon.colcon_core.shell:Creating prefix script '/home/wangkun/z1_ros2_ws/install/local_setup.sh'
[1.162s] INFO:colcon.colcon_core.shell:Creating prefix util module '/home/wangkun/z1_ros2_ws/install/_local_setup_util_sh.py'
[1.164s] INFO:colcon.colcon_core.shell:Creating prefix chain script '/home/wangkun/z1_ros2_ws/install/setup.sh'
[1.168s] INFO:colcon.colcon_core.shell:Creating prefix script '/home/wangkun/z1_ros2_ws/install/local_setup.bash'
[1.170s] INFO:colcon.colcon_core.shell:Creating prefix chain script '/home/wangkun/z1_ros2_ws/install/setup.bash'
[1.172s] INFO:colcon.colcon_core.shell:Creating prefix script '/home/wangkun/z1_ros2_ws/install/local_setup.zsh'
[1.174s] INFO:colcon.colcon_core.shell:Creating prefix chain script '/home/wangkun/z1_ros2_ws/install/setup.zsh'
