[0.056s] Invoking command in '/home/wangkun/z1_ros2_ws/build/z1_bringup': CMAKE_PREFIX_PATH=/home/wangkun/z1_ros2_ws/install/z1_hardware_interface:/home/wangkun/z1_ros2_ws/install/z1_description:/home/wangkun/z1_ros2_ws/install/z1_moveit:/home/wangkun/z1_ros2_ws/install/z1_examples:/home/wangkun/z1_ros2_ws/install/z1_bringup:/opt/ros/humble /usr/bin/cmake --build /home/wangkun/z1_ros2_ws/build/z1_bringup -- -j4 -l4
[0.181s] -- Found ament_cmake: 1.3.14 (/opt/ros/humble/share/ament_cmake/cmake)
[0.881s] -- Configuring done
[0.903s] -- Generating done
[0.922s] -- Build files have been written to: /home/wangkun/z1_ros2_ws/build/z1_bringup
[1.020s] Invoked command in '/home/wangkun/z1_ros2_ws/build/z1_bringup' returned '0': CMAKE_PREFIX_PATH=/home/wangkun/z1_ros2_ws/install/z1_hardware_interface:/home/wangkun/z1_ros2_ws/install/z1_description:/home/wangkun/z1_ros2_ws/install/z1_moveit:/home/wangkun/z1_ros2_ws/install/z1_examples:/home/wangkun/z1_ros2_ws/install/z1_bringup:/opt/ros/humble /usr/bin/cmake --build /home/wangkun/z1_ros2_ws/build/z1_bringup -- -j4 -l4
[1.084s] Invoking command in '/home/wangkun/z1_ros2_ws/build/z1_bringup': CMAKE_PREFIX_PATH=/home/wangkun/z1_ros2_ws/install/z1_hardware_interface:/home/wangkun/z1_ros2_ws/install/z1_description:/home/wangkun/z1_ros2_ws/install/z1_moveit:/home/wangkun/z1_ros2_ws/install/z1_examples:/home/wangkun/z1_ros2_ws/install/z1_bringup:/opt/ros/humble /usr/bin/cmake --install /home/wangkun/z1_ros2_ws/build/z1_bringup
[1.139s] -- Install configuration: "Release"
[1.140s] -- Up-to-date: /home/wangkun/z1_ros2_ws/install/z1_bringup/share/z1_bringup/launch
[1.140s] -- Installing: /home/wangkun/z1_ros2_ws/install/z1_bringup/share/z1_bringup/launch/z1.launch.py
[1.149s] -- Up-to-date: /home/wangkun/z1_ros2_ws/install/z1_bringup/share/z1_bringup/config
[1.149s] -- Up-to-date: /home/wangkun/z1_ros2_ws/install/z1_bringup/share/z1_bringup/config/z1_controllers.yaml
[1.150s] -- Up-to-date: /home/wangkun/z1_ros2_ws/install/z1_bringup/share/z1_bringup/rviz
[1.150s] -- Up-to-date: /home/wangkun/z1_ros2_ws/install/z1_bringup/share/z1_bringup/rviz/z1.rviz
[1.151s] -- Up-to-date: /home/wangkun/z1_ros2_ws/install/z1_bringup/share/ament_index/resource_index/package_run_dependencies/z1_bringup
[1.151s] -- Up-to-date: /home/wangkun/z1_ros2_ws/install/z1_bringup/share/ament_index/resource_index/parent_prefix_path/z1_bringup
[1.156s] -- Up-to-date: /home/wangkun/z1_ros2_ws/install/z1_bringup/share/z1_bringup/environment/ament_prefix_path.sh
[1.157s] -- Installing: /home/wangkun/z1_ros2_ws/install/z1_bringup/share/z1_bringup/environment/ament_prefix_path.dsv
[1.157s] -- Up-to-date: /home/wangkun/z1_ros2_ws/install/z1_bringup/share/z1_bringup/environment/path.sh
[1.157s] -- Installing: /home/wangkun/z1_ros2_ws/install/z1_bringup/share/z1_bringup/environment/path.dsv
[1.159s] -- Up-to-date: /home/wangkun/z1_ros2_ws/install/z1_bringup/share/z1_bringup/local_setup.bash
[1.159s] -- Up-to-date: /home/wangkun/z1_ros2_ws/install/z1_bringup/share/z1_bringup/local_setup.sh
[1.159s] -- Up-to-date: /home/wangkun/z1_ros2_ws/install/z1_bringup/share/z1_bringup/local_setup.zsh
[1.159s] -- Installing: /home/wangkun/z1_ros2_ws/install/z1_bringup/share/z1_bringup/local_setup.dsv
[1.161s] -- Installing: /home/wangkun/z1_ros2_ws/install/z1_bringup/share/z1_bringup/package.dsv
[1.162s] -- Up-to-date: /home/wangkun/z1_ros2_ws/install/z1_bringup/share/ament_index/resource_index/packages/z1_bringup
[1.162s] -- Up-to-date: /home/wangkun/z1_ros2_ws/install/z1_bringup/share/z1_bringup/cmake/z1_bringupConfig.cmake
[1.162s] -- Up-to-date: /home/wangkun/z1_ros2_ws/install/z1_bringup/share/z1_bringup/cmake/z1_bringupConfig-version.cmake
[1.162s] -- Up-to-date: /home/wangkun/z1_ros2_ws/install/z1_bringup/share/z1_bringup/package.xml
[1.177s] Invoked command in '/home/wangkun/z1_ros2_ws/build/z1_bringup' returned '0': CMAKE_PREFIX_PATH=/home/wangkun/z1_ros2_ws/install/z1_hardware_interface:/home/wangkun/z1_ros2_ws/install/z1_description:/home/wangkun/z1_ros2_ws/install/z1_moveit:/home/wangkun/z1_ros2_ws/install/z1_examples:/home/wangkun/z1_ros2_ws/install/z1_bringup:/opt/ros/humble /usr/bin/cmake --install /home/wangkun/z1_ros2_ws/build/z1_bringup
