[0.044s] Invoking command in '/home/wangkun/z1_ros2_ws/build/z1_bringup': CMAKE_PREFIX_PATH=/home/wangkun/z1_ros2_ws/install/z1_hardware_interface:/home/wangkun/z1_ros2_ws/install/z1_description:/home/wangkun/z1_ros2_ws/install/z1_moveit:/home/wangkun/z1_ros2_ws/install/z1_examples:/home/wangkun/z1_ros2_ws/install/z1_bringup:/opt/ros/humble /usr/bin/cmake /home/wangkun/z1_ros2_ws/src/z1_ros2/z1_bringup -DCMAKE_INSTALL_PREFIX=/home/wangkun/z1_ros2_ws/install/z1_bringup
[0.080s] -- Found ament_cmake: 1.3.14 (/opt/ros/humble/share/ament_cmake/cmake)
[0.351s] -- Configuring done
[0.360s] -- Generating done
[0.364s] -- Build files have been written to: /home/wangkun/z1_ros2_ws/build/z1_bringup
[0.371s] Invoked command in '/home/wangkun/z1_ros2_ws/build/z1_bringup' returned '0': CMAKE_PREFIX_PATH=/home/wangkun/z1_ros2_ws/install/z1_hardware_interface:/home/wangkun/z1_ros2_ws/install/z1_description:/home/wangkun/z1_ros2_ws/install/z1_moveit:/home/wangkun/z1_ros2_ws/install/z1_examples:/home/wangkun/z1_ros2_ws/install/z1_bringup:/opt/ros/humble /usr/bin/cmake /home/wangkun/z1_ros2_ws/src/z1_ros2/z1_bringup -DCMAKE_INSTALL_PREFIX=/home/wangkun/z1_ros2_ws/install/z1_bringup
[0.372s] Invoking command in '/home/wangkun/z1_ros2_ws/build/z1_bringup': CMAKE_PREFIX_PATH=/home/wangkun/z1_ros2_ws/install/z1_hardware_interface:/home/wangkun/z1_ros2_ws/install/z1_description:/home/wangkun/z1_ros2_ws/install/z1_moveit:/home/wangkun/z1_ros2_ws/install/z1_examples:/home/wangkun/z1_ros2_ws/install/z1_bringup:/opt/ros/humble /usr/bin/cmake --build /home/wangkun/z1_ros2_ws/build/z1_bringup -- -j4 -l4
[0.443s] Invoked command in '/home/wangkun/z1_ros2_ws/build/z1_bringup' returned '0': CMAKE_PREFIX_PATH=/home/wangkun/z1_ros2_ws/install/z1_hardware_interface:/home/wangkun/z1_ros2_ws/install/z1_description:/home/wangkun/z1_ros2_ws/install/z1_moveit:/home/wangkun/z1_ros2_ws/install/z1_examples:/home/wangkun/z1_ros2_ws/install/z1_bringup:/opt/ros/humble /usr/bin/cmake --build /home/wangkun/z1_ros2_ws/build/z1_bringup -- -j4 -l4
[0.465s] Invoking command in '/home/wangkun/z1_ros2_ws/build/z1_bringup': CMAKE_PREFIX_PATH=/home/wangkun/z1_ros2_ws/install/z1_hardware_interface:/home/wangkun/z1_ros2_ws/install/z1_description:/home/wangkun/z1_ros2_ws/install/z1_moveit:/home/wangkun/z1_ros2_ws/install/z1_examples:/home/wangkun/z1_ros2_ws/install/z1_bringup:/opt/ros/humble /usr/bin/cmake --install /home/wangkun/z1_ros2_ws/build/z1_bringup
[0.481s] -- Install configuration: "Release"
[0.481s] -- Up-to-date: /home/wangkun/z1_ros2_ws/install/z1_bringup/share/z1_bringup/launch
[0.483s] -- Up-to-date: /home/wangkun/z1_ros2_ws/install/z1_bringup/share/z1_bringup/launch/z1.launch.py
[0.484s] -- Up-to-date: /home/wangkun/z1_ros2_ws/install/z1_bringup/share/z1_bringup/config
[0.484s] -- Up-to-date: /home/wangkun/z1_ros2_ws/install/z1_bringup/share/z1_bringup/config/z1_controllers.yaml
[0.484s] -- Up-to-date: /home/wangkun/z1_ros2_ws/install/z1_bringup/share/z1_bringup/rviz
[0.484s] -- Up-to-date: /home/wangkun/z1_ros2_ws/install/z1_bringup/share/z1_bringup/rviz/z1.rviz
[0.484s] -- Up-to-date: /home/wangkun/z1_ros2_ws/install/z1_bringup/share/ament_index/resource_index/package_run_dependencies/z1_bringup
[0.484s] -- Up-to-date: /home/wangkun/z1_ros2_ws/install/z1_bringup/share/ament_index/resource_index/parent_prefix_path/z1_bringup
[0.484s] -- Up-to-date: /home/wangkun/z1_ros2_ws/install/z1_bringup/share/z1_bringup/environment/ament_prefix_path.sh
[0.485s] -- Installing: /home/wangkun/z1_ros2_ws/install/z1_bringup/share/z1_bringup/environment/ament_prefix_path.dsv
[0.485s] -- Up-to-date: /home/wangkun/z1_ros2_ws/install/z1_bringup/share/z1_bringup/environment/path.sh
[0.486s] -- Installing: /home/wangkun/z1_ros2_ws/install/z1_bringup/share/z1_bringup/environment/path.dsv
[0.486s] -- Up-to-date: /home/wangkun/z1_ros2_ws/install/z1_bringup/share/z1_bringup/local_setup.bash
[0.486s] -- Up-to-date: /home/wangkun/z1_ros2_ws/install/z1_bringup/share/z1_bringup/local_setup.sh
[0.486s] -- Up-to-date: /home/wangkun/z1_ros2_ws/install/z1_bringup/share/z1_bringup/local_setup.zsh
[0.486s] -- Installing: /home/wangkun/z1_ros2_ws/install/z1_bringup/share/z1_bringup/local_setup.dsv
[0.490s] -- Installing: /home/wangkun/z1_ros2_ws/install/z1_bringup/share/z1_bringup/package.dsv
[0.490s] -- Up-to-date: /home/wangkun/z1_ros2_ws/install/z1_bringup/share/ament_index/resource_index/packages/z1_bringup
[0.490s] -- Up-to-date: /home/wangkun/z1_ros2_ws/install/z1_bringup/share/z1_bringup/cmake/z1_bringupConfig.cmake
[0.490s] -- Up-to-date: /home/wangkun/z1_ros2_ws/install/z1_bringup/share/z1_bringup/cmake/z1_bringupConfig-version.cmake
[0.490s] -- Up-to-date: /home/wangkun/z1_ros2_ws/install/z1_bringup/share/z1_bringup/package.xml
[0.494s] Invoked command in '/home/wangkun/z1_ros2_ws/build/z1_bringup' returned '0': CMAKE_PREFIX_PATH=/home/wangkun/z1_ros2_ws/install/z1_hardware_interface:/home/wangkun/z1_ros2_ws/install/z1_description:/home/wangkun/z1_ros2_ws/install/z1_moveit:/home/wangkun/z1_ros2_ws/install/z1_examples:/home/wangkun/z1_ros2_ws/install/z1_bringup:/opt/ros/humble /usr/bin/cmake --install /home/wangkun/z1_ros2_ws/build/z1_bringup
