-- The C compiler identification is GNU 11.4.0
-- The CXX compiler identification is GNU 11.4.0
-- Detecting C compiler ABI info
-- Detecting C compiler ABI info - done
-- Check for working C compiler: /usr/bin/cc - skipped
-- Detecting C compile features
-- Detecting C compile features - done
-- Detecting CXX compiler ABI info
-- Detecting CXX compiler ABI info - done
-- Check for working CXX compiler: /usr/bin/c++ - skipped
-- Detecting CXX compile features
-- Detecting CXX compile features - done
-- Found ament_cmake: 1.3.14 (/opt/ros/humble/share/ament_cmake/cmake)
-- Found Python3: /usr/bin/python3 (found version "3.10.12") found components: Interpreter 
-- Found hardware_interface: 2.54.2 (/opt/ros/humble/share/hardware_interface/cmake)
-- Found rosidl_generator_c: 3.1.9 (/opt/ros/humble/share/rosidl_generator_c/cmake)
-- Found rosidl_adapter: 3.1.9 (/opt/ros/humble/share/rosidl_adapter/cmake)
-- Found rosidl_generator_cpp: 3.1.9 (/opt/ros/humble/share/rosidl_generator_cpp/cmake)
-- Using all available rosidl_typesupport_c: rosidl_typesupport_fastrtps_c;rosidl_typesupport_introspection_c
-- Using all available rosidl_typesupport_cpp: rosidl_typesupport_fastrtps_cpp;rosidl_typesupport_introspection_cpp
-- Found rmw_implementation_cmake: 6.1.4 (/opt/ros/humble/share/rmw_implementation_cmake/cmake)
-- Found rmw_fastrtps_cpp: 6.2.10 (/opt/ros/humble/share/rmw_fastrtps_cpp/cmake)
-- Found TinyXML2 via Config file: TinyXML2_DIR-NOTFOUND
-- Found OpenSSL: /usr/lib/x86_64-linux-gnu/libcrypto.so (found version "3.0.2")  
-- Found TinyXML2 via Config file: TinyXML2_DIR-NOTFOUND
-- Found FastRTPS: /opt/ros/humble/include  
-- Found TinyXML2 via Config file: TinyXML2_DIR-NOTFOUND
-- Found TinyXML2 via Config file: TinyXML2_DIR-NOTFOUND
-- Using RMW implementation 'rmw_fastrtps_cpp' as default
-- Looking for pthread.h
-- Looking for pthread.h - found
-- Performing Test CMAKE_HAVE_LIBC_PTHREAD
-- Performing Test CMAKE_HAVE_LIBC_PTHREAD - Success
-- Found Threads: TRUE  
-- Found Boost: /usr/lib/x86_64-linux-gnu/cmake/Boost-1.74.0/BoostConfig.cmake (found version "1.74.0")  
-- z1_sdk not found, fetching...
-- Configuring done
-- Generating done
-- Build files have been written to: /home/wangkun/z1_ros2_ws/build/z1_hardware_interface
[ 50%] [32mBuilding CXX object CMakeFiles/z1_hardware_interface.dir/src/z1_hardware_interface.cpp.o[0m
[ 50%] [32mBuilding CXX object _deps/z1_controller-build/CMakeFiles/z1_ctrl.dir/main.cpp.o[0m
[ 75%] [32m[1mLinking CXX executable ../../z1_ctrl[0m
[ 75%] Built target z1_ctrl
[100%] [32m[1mLinking CXX shared library libz1_hardware_interface.so[0m
[100%] Built target z1_hardware_interface
-- Install configuration: "Release"
-- Installing: /home/wangkun/z1_ros2_ws/install/z1_hardware_interface/share/z1_hardware_interface/z1_hardware_interface.xml
-- Installing: /home/wangkun/z1_ros2_ws/install/z1_hardware_interface/lib/libz1_hardware_interface.so
-- Set runtime path of "/home/wangkun/z1_ros2_ws/install/z1_hardware_interface/lib/libz1_hardware_interface.so" to ""
-- Installing: /home/wangkun/z1_ros2_ws/install/z1_hardware_interface/include/include
-- Installing: /home/wangkun/z1_ros2_ws/install/z1_hardware_interface/include/include/z1_hardware_interface
-- Installing: /home/wangkun/z1_ros2_ws/install/z1_hardware_interface/include/include/z1_hardware_interface/z1_hardware_interface.hpp
-- Installing: /home/wangkun/z1_ros2_ws/install/z1_hardware_interface/lib/libZ1_x86_64.so
-- Installing: /home/wangkun/z1_ros2_ws/install/z1_hardware_interface/lib/libZ1_SDK_x86_64.so
-- Installing: /home/wangkun/z1_ros2_ws/install/z1_hardware_interface/share/z1_hardware_interface/controller/z1_ctrl
-- Installing: /home/wangkun/z1_ros2_ws/install/z1_hardware_interface/share/z1_hardware_interface/config
-- Installing: /home/wangkun/z1_ros2_ws/install/z1_hardware_interface/share/z1_hardware_interface/config/savedArmStates.csv
-- Installing: /home/wangkun/z1_ros2_ws/install/z1_hardware_interface/share/z1_hardware_interface/config/config.xml
-- Installing: /home/wangkun/z1_ros2_ws/install/z1_hardware_interface/share/z1_hardware_interface/scripts
-- Installing: /home/wangkun/z1_ros2_ws/install/z1_hardware_interface/share/z1_hardware_interface/scripts/z1_controller_process.py
-- Installing: /home/wangkun/z1_ros2_ws/install/z1_hardware_interface/share/z1_hardware_interface/environment/library_path.sh
-- Installing: /home/wangkun/z1_ros2_ws/install/z1_hardware_interface/share/z1_hardware_interface/environment/library_path.dsv
-- Installing: /home/wangkun/z1_ros2_ws/install/z1_hardware_interface/share/ament_index/resource_index/package_run_dependencies/z1_hardware_interface
-- Installing: /home/wangkun/z1_ros2_ws/install/z1_hardware_interface/share/ament_index/resource_index/parent_prefix_path/z1_hardware_interface
-- Installing: /home/wangkun/z1_ros2_ws/install/z1_hardware_interface/share/z1_hardware_interface/environment/ament_prefix_path.sh
-- Installing: /home/wangkun/z1_ros2_ws/install/z1_hardware_interface/share/z1_hardware_interface/environment/ament_prefix_path.dsv
-- Installing: /home/wangkun/z1_ros2_ws/install/z1_hardware_interface/share/z1_hardware_interface/environment/path.sh
-- Installing: /home/wangkun/z1_ros2_ws/install/z1_hardware_interface/share/z1_hardware_interface/environment/path.dsv
-- Installing: /home/wangkun/z1_ros2_ws/install/z1_hardware_interface/share/z1_hardware_interface/local_setup.bash
-- Installing: /home/wangkun/z1_ros2_ws/install/z1_hardware_interface/share/z1_hardware_interface/local_setup.sh
-- Installing: /home/wangkun/z1_ros2_ws/install/z1_hardware_interface/share/z1_hardware_interface/local_setup.zsh
-- Installing: /home/wangkun/z1_ros2_ws/install/z1_hardware_interface/share/z1_hardware_interface/local_setup.dsv
-- Installing: /home/wangkun/z1_ros2_ws/install/z1_hardware_interface/share/z1_hardware_interface/package.dsv
-- Installing: /home/wangkun/z1_ros2_ws/install/z1_hardware_interface/share/ament_index/resource_index/packages/z1_hardware_interface
-- Installing: /home/wangkun/z1_ros2_ws/install/z1_hardware_interface/share/ament_index/resource_index/hardware_interface__pluginlib__plugin/z1_hardware_interface
-- Installing: /home/wangkun/z1_ros2_ws/install/z1_hardware_interface/share/z1_hardware_interface/cmake/export_z1_hardware_interfaceExport.cmake
-- Installing: /home/wangkun/z1_ros2_ws/install/z1_hardware_interface/share/z1_hardware_interface/cmake/export_z1_hardware_interfaceExport-release.cmake
-- Installing: /home/wangkun/z1_ros2_ws/install/z1_hardware_interface/share/z1_hardware_interface/cmake/ament_cmake_export_targets-extras.cmake
-- Installing: /home/wangkun/z1_ros2_ws/install/z1_hardware_interface/share/z1_hardware_interface/cmake/ament_cmake_export_dependencies-extras.cmake
-- Installing: /home/wangkun/z1_ros2_ws/install/z1_hardware_interface/share/z1_hardware_interface/cmake/z1_hardware_interfaceConfig.cmake
-- Installing: /home/wangkun/z1_ros2_ws/install/z1_hardware_interface/share/z1_hardware_interface/cmake/z1_hardware_interfaceConfig-version.cmake
-- Installing: /home/wangkun/z1_ros2_ws/install/z1_hardware_interface/share/z1_hardware_interface/package.xml
