[0.030s] Invoking command in '/home/wangkun/z1_ros2_ws/build/z1_bringup': CMAKE_PREFIX_PATH=/home/wangkun/z1_ros2_ws/install/z1_hardware_interface:/home/wangkun/z1_ros2_ws/install/z1_description:/home/wangkun/z1_ros2_ws/install/z1_moveit:/home/wangkun/z1_ros2_ws/install/z1_examples:/home/wangkun/z1_ros2_ws/install/z1_bringup:/opt/ros/humble /usr/bin/cmake --build /home/wangkun/z1_ros2_ws/build/z1_bringup -- -j4 -l4
[0.157s] Invoked command in '/home/wangkun/z1_ros2_ws/build/z1_bringup' returned '0': CMAKE_PREFIX_PATH=/home/wangkun/z1_ros2_ws/install/z1_hardware_interface:/home/wangkun/z1_ros2_ws/install/z1_description:/home/wangkun/z1_ros2_ws/install/z1_moveit:/home/wangkun/z1_ros2_ws/install/z1_examples:/home/wangkun/z1_ros2_ws/install/z1_bringup:/opt/ros/humble /usr/bin/cmake --build /home/wangkun/z1_ros2_ws/build/z1_bringup -- -j4 -l4
[0.194s] Invoking command in '/home/wangkun/z1_ros2_ws/build/z1_bringup': CMAKE_PREFIX_PATH=/home/wangkun/z1_ros2_ws/install/z1_hardware_interface:/home/wangkun/z1_ros2_ws/install/z1_description:/home/wangkun/z1_ros2_ws/install/z1_moveit:/home/wangkun/z1_ros2_ws/install/z1_examples:/home/wangkun/z1_ros2_ws/install/z1_bringup:/opt/ros/humble /usr/bin/cmake --install /home/wangkun/z1_ros2_ws/build/z1_bringup
[0.213s] -- Install configuration: "Release"
[0.220s] -- Up-to-date: /home/wangkun/z1_ros2_ws/install/z1_bringup/share/z1_bringup/launch
[0.221s] -- Installing: /home/wangkun/z1_ros2_ws/install/z1_bringup/share/z1_bringup/launch/z1.launch.py
[0.221s] -- Up-to-date: /home/wangkun/z1_ros2_ws/install/z1_bringup/share/z1_bringup/config
[0.222s] -- Up-to-date: /home/wangkun/z1_ros2_ws/install/z1_bringup/share/z1_bringup/config/z1_controllers.yaml
[0.222s] -- Up-to-date: /home/wangkun/z1_ros2_ws/install/z1_bringup/share/z1_bringup/rviz
[0.223s] -- Up-to-date: /home/wangkun/z1_ros2_ws/install/z1_bringup/share/z1_bringup/rviz/z1.rviz
[0.225s] -- Up-to-date: /home/wangkun/z1_ros2_ws/install/z1_bringup/share/ament_index/resource_index/package_run_dependencies/z1_bringup
[0.226s] -- Up-to-date: /home/wangkun/z1_ros2_ws/install/z1_bringup/share/ament_index/resource_index/parent_prefix_path/z1_bringup
[0.226s] -- Up-to-date: /home/wangkun/z1_ros2_ws/install/z1_bringup/share/z1_bringup/environment/ament_prefix_path.sh
[0.227s] -- Up-to-date: /home/wangkun/z1_ros2_ws/install/z1_bringup/share/z1_bringup/environment/ament_prefix_path.dsv
[0.227s] -- Up-to-date: /home/wangkun/z1_ros2_ws/install/z1_bringup/share/z1_bringup/environment/path.sh
[0.228s] -- Up-to-date: /home/wangkun/z1_ros2_ws/install/z1_bringup/share/z1_bringup/environment/path.dsv
[0.228s] -- Up-to-date: /home/wangkun/z1_ros2_ws/install/z1_bringup/share/z1_bringup/local_setup.bash
[0.228s] -- Up-to-date: /home/wangkun/z1_ros2_ws/install/z1_bringup/share/z1_bringup/local_setup.sh
[0.229s] -- Up-to-date: /home/wangkun/z1_ros2_ws/install/z1_bringup/share/z1_bringup/local_setup.zsh
[0.229s] -- Up-to-date: /home/wangkun/z1_ros2_ws/install/z1_bringup/share/z1_bringup/local_setup.dsv
[0.230s] -- Up-to-date: /home/wangkun/z1_ros2_ws/install/z1_bringup/share/z1_bringup/package.dsv
[0.230s] -- Up-to-date: /home/wangkun/z1_ros2_ws/install/z1_bringup/share/ament_index/resource_index/packages/z1_bringup
[0.230s] -- Up-to-date: /home/wangkun/z1_ros2_ws/install/z1_bringup/share/z1_bringup/cmake/z1_bringupConfig.cmake
[0.230s] -- Up-to-date: /home/wangkun/z1_ros2_ws/install/z1_bringup/share/z1_bringup/cmake/z1_bringupConfig-version.cmake
[0.231s] -- Up-to-date: /home/wangkun/z1_ros2_ws/install/z1_bringup/share/z1_bringup/package.xml
[0.233s] Invoked command in '/home/wangkun/z1_ros2_ws/build/z1_bringup' returned '0': CMAKE_PREFIX_PATH=/home/wangkun/z1_ros2_ws/install/z1_hardware_interface:/home/wangkun/z1_ros2_ws/install/z1_description:/home/wangkun/z1_ros2_ws/install/z1_moveit:/home/wangkun/z1_ros2_ws/install/z1_examples:/home/wangkun/z1_ros2_ws/install/z1_bringup:/opt/ros/humble /usr/bin/cmake --install /home/wangkun/z1_ros2_ws/build/z1_bringup
