[0.147s] DEBUG:colcon:Command line arguments: ['/usr/bin/colcon', 'build', '--packages-select', 'z1_examples', 'z1_bringup']
[0.147s] DEBUG:colcon:Parsed command line arguments: Namespace(log_base=None, log_level=None, verb_name='build', build_base='build', install_base='install', merge_install=False, symlink_install=False, test_result_base=None, continue_on_error=False, executor='parallel', parallel_workers=4, event_handlers=None, ignore_user_meta=False, metas=['./colcon.meta'], base_paths=['.'], packages_ignore=None, packages_ignore_regex=None, paths=None, packages_up_to=None, packages_up_to_regex=None, packages_above=None, packages_above_and_dependencies=None, packages_above_depth=None, packages_select_by_dep=None, packages_skip_by_dep=None, packages_skip_up_to=None, packages_select_build_failed=False, packages_skip_build_finished=False, packages_select_test_failures=False, packages_skip_test_passed=False, packages_select=['z1_examples', 'z1_bringup'], packages_skip=None, packages_select_regex=None, packages_skip_regex=None, packages_start=None, packages_end=None, allow_overriding=[], cmake_args=None, cmake_target=None, cmake_target_skip_unavailable=False, cmake_clean_cache=False, cmake_clean_first=False, cmake_force_configure=False, ament_cmake_args=None, catkin_cmake_args=None, catkin_skip_building_tests=False, verb_parser=<colcon_defaults.argument_parser.defaults.DefaultArgumentsDecorator object at 0x79e8e4c1cca0>, verb_extension=<colcon_core.verb.build.BuildVerb object at 0x79e8e4c1c310>, main=<bound method BuildVerb.main of <colcon_core.verb.build.BuildVerb object at 0x79e8e4c1c310>>)
[0.349s] Level 1:colcon.colcon_core.package_discovery:discover_packages(colcon_meta) check parameters
[0.349s] Level 1:colcon.colcon_core.package_discovery:discover_packages(recursive) check parameters
[0.350s] Level 1:colcon.colcon_core.package_discovery:discover_packages(ignore) check parameters
[0.350s] Level 1:colcon.colcon_core.package_discovery:discover_packages(path) check parameters
[0.350s] Level 1:colcon.colcon_core.package_discovery:discover_packages(colcon_meta) discover
[0.350s] Level 1:colcon.colcon_core.package_discovery:discover_packages(recursive) discover
[0.350s] INFO:colcon.colcon_core.package_discovery:Crawling recursively for packages in '/home/wangkun/z1_ros2_ws'
[0.350s] Level 1:colcon.colcon_core.package_identification:_identify(.) by extensions ['ignore', 'ignore_ament_install']
[0.350s] Level 1:colcon.colcon_core.package_identification:_identify(.) by extension 'ignore'
[0.351s] Level 1:colcon.colcon_core.package_identification:_identify(.) by extension 'ignore_ament_install'
[0.351s] Level 1:colcon.colcon_core.package_identification:_identify(.) by extensions ['colcon_pkg']
[0.351s] Level 1:colcon.colcon_core.package_identification:_identify(.) by extension 'colcon_pkg'
[0.351s] Level 1:colcon.colcon_core.package_identification:_identify(.) by extensions ['colcon_meta']
[0.351s] Level 1:colcon.colcon_core.package_identification:_identify(.) by extension 'colcon_meta'
[0.351s] Level 1:colcon.colcon_core.package_identification:_identify(.) by extensions ['ros']
[0.351s] Level 1:colcon.colcon_core.package_identification:_identify(.) by extension 'ros'
[0.364s] Level 1:colcon.colcon_core.package_identification:_identify(.) by extensions ['cmake', 'python']
[0.364s] Level 1:colcon.colcon_core.package_identification:_identify(.) by extension 'cmake'
[0.364s] Level 1:colcon.colcon_core.package_identification:_identify(.) by extension 'python'
[0.365s] Level 1:colcon.colcon_core.package_identification:_identify(.) by extensions ['python_setup_py']
[0.365s] Level 1:colcon.colcon_core.package_identification:_identify(.) by extension 'python_setup_py'
[0.365s] Level 1:colcon.colcon_core.package_identification:_identify(build) by extensions ['ignore', 'ignore_ament_install']
[0.365s] Level 1:colcon.colcon_core.package_identification:_identify(build) by extension 'ignore'
[0.365s] Level 1:colcon.colcon_core.package_identification:_identify(build) ignored
[0.366s] Level 1:colcon.colcon_core.package_identification:_identify(install) by extensions ['ignore', 'ignore_ament_install']
[0.366s] Level 1:colcon.colcon_core.package_identification:_identify(install) by extension 'ignore'
[0.366s] Level 1:colcon.colcon_core.package_identification:_identify(install) ignored
[0.366s] Level 1:colcon.colcon_core.package_identification:_identify(log) by extensions ['ignore', 'ignore_ament_install']
[0.366s] Level 1:colcon.colcon_core.package_identification:_identify(log) by extension 'ignore'
[0.366s] Level 1:colcon.colcon_core.package_identification:_identify(log) ignored
[0.366s] Level 1:colcon.colcon_core.package_identification:_identify(src) by extensions ['ignore', 'ignore_ament_install']
[0.366s] Level 1:colcon.colcon_core.package_identification:_identify(src) by extension 'ignore'
[0.366s] Level 1:colcon.colcon_core.package_identification:_identify(src) by extension 'ignore_ament_install'
[0.367s] Level 1:colcon.colcon_core.package_identification:_identify(src) by extensions ['colcon_pkg']
[0.367s] Level 1:colcon.colcon_core.package_identification:_identify(src) by extension 'colcon_pkg'
[0.367s] Level 1:colcon.colcon_core.package_identification:_identify(src) by extensions ['colcon_meta']
[0.367s] Level 1:colcon.colcon_core.package_identification:_identify(src) by extension 'colcon_meta'
[0.367s] Level 1:colcon.colcon_core.package_identification:_identify(src) by extensions ['ros']
[0.367s] Level 1:colcon.colcon_core.package_identification:_identify(src) by extension 'ros'
[0.367s] Level 1:colcon.colcon_core.package_identification:_identify(src) by extensions ['cmake', 'python']
[0.367s] Level 1:colcon.colcon_core.package_identification:_identify(src) by extension 'cmake'
[0.367s] Level 1:colcon.colcon_core.package_identification:_identify(src) by extension 'python'
[0.367s] Level 1:colcon.colcon_core.package_identification:_identify(src) by extensions ['python_setup_py']
[0.367s] Level 1:colcon.colcon_core.package_identification:_identify(src) by extension 'python_setup_py'
[0.367s] Level 1:colcon.colcon_core.package_identification:_identify(src/z1_ros2) by extensions ['ignore', 'ignore_ament_install']
[0.367s] Level 1:colcon.colcon_core.package_identification:_identify(src/z1_ros2) by extension 'ignore'
[0.367s] Level 1:colcon.colcon_core.package_identification:_identify(src/z1_ros2) by extension 'ignore_ament_install'
[0.367s] Level 1:colcon.colcon_core.package_identification:_identify(src/z1_ros2) by extensions ['colcon_pkg']
[0.367s] Level 1:colcon.colcon_core.package_identification:_identify(src/z1_ros2) by extension 'colcon_pkg'
[0.367s] Level 1:colcon.colcon_core.package_identification:_identify(src/z1_ros2) by extensions ['colcon_meta']
[0.367s] Level 1:colcon.colcon_core.package_identification:_identify(src/z1_ros2) by extension 'colcon_meta'
[0.367s] Level 1:colcon.colcon_core.package_identification:_identify(src/z1_ros2) by extensions ['ros']
[0.367s] Level 1:colcon.colcon_core.package_identification:_identify(src/z1_ros2) by extension 'ros'
[0.367s] Level 1:colcon.colcon_core.package_identification:_identify(src/z1_ros2) by extensions ['cmake', 'python']
[0.368s] Level 1:colcon.colcon_core.package_identification:_identify(src/z1_ros2) by extension 'cmake'
[0.368s] Level 1:colcon.colcon_core.package_identification:_identify(src/z1_ros2) by extension 'python'
[0.368s] Level 1:colcon.colcon_core.package_identification:_identify(src/z1_ros2) by extensions ['python_setup_py']
[0.368s] Level 1:colcon.colcon_core.package_identification:_identify(src/z1_ros2) by extension 'python_setup_py'
[0.368s] Level 1:colcon.colcon_core.package_identification:_identify(src/z1_ros2/build) by extensions ['ignore', 'ignore_ament_install']
[0.368s] Level 1:colcon.colcon_core.package_identification:_identify(src/z1_ros2/build) by extension 'ignore'
[0.368s] Level 1:colcon.colcon_core.package_identification:_identify(src/z1_ros2/build) ignored
[0.368s] Level 1:colcon.colcon_core.package_identification:_identify(src/z1_ros2/docs) by extensions ['ignore', 'ignore_ament_install']
[0.368s] Level 1:colcon.colcon_core.package_identification:_identify(src/z1_ros2/docs) by extension 'ignore'
[0.368s] Level 1:colcon.colcon_core.package_identification:_identify(src/z1_ros2/docs) by extension 'ignore_ament_install'
[0.368s] Level 1:colcon.colcon_core.package_identification:_identify(src/z1_ros2/docs) by extensions ['colcon_pkg']
[0.368s] Level 1:colcon.colcon_core.package_identification:_identify(src/z1_ros2/docs) by extension 'colcon_pkg'
[0.368s] Level 1:colcon.colcon_core.package_identification:_identify(src/z1_ros2/docs) by extensions ['colcon_meta']
[0.368s] Level 1:colcon.colcon_core.package_identification:_identify(src/z1_ros2/docs) by extension 'colcon_meta'
[0.368s] Level 1:colcon.colcon_core.package_identification:_identify(src/z1_ros2/docs) by extensions ['ros']
[0.369s] Level 1:colcon.colcon_core.package_identification:_identify(src/z1_ros2/docs) by extension 'ros'
[0.369s] Level 1:colcon.colcon_core.package_identification:_identify(src/z1_ros2/docs) by extensions ['cmake', 'python']
[0.369s] Level 1:colcon.colcon_core.package_identification:_identify(src/z1_ros2/docs) by extension 'cmake'
[0.369s] Level 1:colcon.colcon_core.package_identification:_identify(src/z1_ros2/docs) by extension 'python'
[0.369s] Level 1:colcon.colcon_core.package_identification:_identify(src/z1_ros2/docs) by extensions ['python_setup_py']
[0.369s] Level 1:colcon.colcon_core.package_identification:_identify(src/z1_ros2/docs) by extension 'python_setup_py'
[0.369s] Level 1:colcon.colcon_core.package_identification:_identify(src/z1_ros2/docs/resources) by extensions ['ignore', 'ignore_ament_install']
[0.369s] Level 1:colcon.colcon_core.package_identification:_identify(src/z1_ros2/docs/resources) by extension 'ignore'
[0.369s] Level 1:colcon.colcon_core.package_identification:_identify(src/z1_ros2/docs/resources) by extension 'ignore_ament_install'
[0.369s] Level 1:colcon.colcon_core.package_identification:_identify(src/z1_ros2/docs/resources) by extensions ['colcon_pkg']
[0.369s] Level 1:colcon.colcon_core.package_identification:_identify(src/z1_ros2/docs/resources) by extension 'colcon_pkg'
[0.369s] Level 1:colcon.colcon_core.package_identification:_identify(src/z1_ros2/docs/resources) by extensions ['colcon_meta']
[0.369s] Level 1:colcon.colcon_core.package_identification:_identify(src/z1_ros2/docs/resources) by extension 'colcon_meta'
[0.369s] Level 1:colcon.colcon_core.package_identification:_identify(src/z1_ros2/docs/resources) by extensions ['ros']
[0.369s] Level 1:colcon.colcon_core.package_identification:_identify(src/z1_ros2/docs/resources) by extension 'ros'
[0.369s] Level 1:colcon.colcon_core.package_identification:_identify(src/z1_ros2/docs/resources) by extensions ['cmake', 'python']
[0.370s] Level 1:colcon.colcon_core.package_identification:_identify(src/z1_ros2/docs/resources) by extension 'cmake'
[0.370s] Level 1:colcon.colcon_core.package_identification:_identify(src/z1_ros2/docs/resources) by extension 'python'
[0.370s] Level 1:colcon.colcon_core.package_identification:_identify(src/z1_ros2/docs/resources) by extensions ['python_setup_py']
[0.370s] Level 1:colcon.colcon_core.package_identification:_identify(src/z1_ros2/docs/resources) by extension 'python_setup_py'
[0.370s] Level 1:colcon.colcon_core.package_identification:_identify(src/z1_ros2/install) by extensions ['ignore', 'ignore_ament_install']
[0.371s] Level 1:colcon.colcon_core.package_identification:_identify(src/z1_ros2/install) by extension 'ignore'
[0.371s] Level 1:colcon.colcon_core.package_identification:_identify(src/z1_ros2/install) ignored
[0.371s] Level 1:colcon.colcon_core.package_identification:_identify(src/z1_ros2/log) by extensions ['ignore', 'ignore_ament_install']
[0.371s] Level 1:colcon.colcon_core.package_identification:_identify(src/z1_ros2/log) by extension 'ignore'
[0.371s] Level 1:colcon.colcon_core.package_identification:_identify(src/z1_ros2/log) ignored
[0.372s] Level 1:colcon.colcon_core.package_identification:_identify(src/z1_ros2/z1_bringup) by extensions ['ignore', 'ignore_ament_install']
[0.372s] Level 1:colcon.colcon_core.package_identification:_identify(src/z1_ros2/z1_bringup) by extension 'ignore'
[0.372s] Level 1:colcon.colcon_core.package_identification:_identify(src/z1_ros2/z1_bringup) by extension 'ignore_ament_install'
[0.372s] Level 1:colcon.colcon_core.package_identification:_identify(src/z1_ros2/z1_bringup) by extensions ['colcon_pkg']
[0.372s] Level 1:colcon.colcon_core.package_identification:_identify(src/z1_ros2/z1_bringup) by extension 'colcon_pkg'
[0.372s] Level 1:colcon.colcon_core.package_identification:_identify(src/z1_ros2/z1_bringup) by extensions ['colcon_meta']
[0.372s] Level 1:colcon.colcon_core.package_identification:_identify(src/z1_ros2/z1_bringup) by extension 'colcon_meta'
[0.372s] Level 1:colcon.colcon_core.package_identification:_identify(src/z1_ros2/z1_bringup) by extensions ['ros']
[0.372s] Level 1:colcon.colcon_core.package_identification:_identify(src/z1_ros2/z1_bringup) by extension 'ros'
[0.375s] DEBUG:colcon.colcon_core.package_identification:Package 'src/z1_ros2/z1_bringup' with type 'ros.ament_cmake' and name 'z1_bringup'
[0.376s] Level 1:colcon.colcon_core.package_identification:_identify(src/z1_ros2/z1_description) by extensions ['ignore', 'ignore_ament_install']
[0.376s] Level 1:colcon.colcon_core.package_identification:_identify(src/z1_ros2/z1_description) by extension 'ignore'
[0.376s] Level 1:colcon.colcon_core.package_identification:_identify(src/z1_ros2/z1_description) by extension 'ignore_ament_install'
[0.376s] Level 1:colcon.colcon_core.package_identification:_identify(src/z1_ros2/z1_description) by extensions ['colcon_pkg']
[0.376s] Level 1:colcon.colcon_core.package_identification:_identify(src/z1_ros2/z1_description) by extension 'colcon_pkg'
[0.376s] Level 1:colcon.colcon_core.package_identification:_identify(src/z1_ros2/z1_description) by extensions ['colcon_meta']
[0.376s] Level 1:colcon.colcon_core.package_identification:_identify(src/z1_ros2/z1_description) by extension 'colcon_meta'
[0.376s] Level 1:colcon.colcon_core.package_identification:_identify(src/z1_ros2/z1_description) by extensions ['ros']
[0.376s] Level 1:colcon.colcon_core.package_identification:_identify(src/z1_ros2/z1_description) by extension 'ros'
[0.378s] DEBUG:colcon.colcon_core.package_identification:Package 'src/z1_ros2/z1_description' with type 'ros.ament_cmake' and name 'z1_description'
[0.378s] Level 1:colcon.colcon_core.package_identification:_identify(src/z1_ros2/z1_examples) by extensions ['ignore', 'ignore_ament_install']
[0.378s] Level 1:colcon.colcon_core.package_identification:_identify(src/z1_ros2/z1_examples) by extension 'ignore'
[0.378s] Level 1:colcon.colcon_core.package_identification:_identify(src/z1_ros2/z1_examples) by extension 'ignore_ament_install'
[0.378s] Level 1:colcon.colcon_core.package_identification:_identify(src/z1_ros2/z1_examples) by extensions ['colcon_pkg']
[0.378s] Level 1:colcon.colcon_core.package_identification:_identify(src/z1_ros2/z1_examples) by extension 'colcon_pkg'
[0.378s] Level 1:colcon.colcon_core.package_identification:_identify(src/z1_ros2/z1_examples) by extensions ['colcon_meta']
[0.378s] Level 1:colcon.colcon_core.package_identification:_identify(src/z1_ros2/z1_examples) by extension 'colcon_meta'
[0.378s] Level 1:colcon.colcon_core.package_identification:_identify(src/z1_ros2/z1_examples) by extensions ['ros']
[0.378s] Level 1:colcon.colcon_core.package_identification:_identify(src/z1_ros2/z1_examples) by extension 'ros'
[0.379s] DEBUG:colcon.colcon_core.package_identification:Package 'src/z1_ros2/z1_examples' with type 'ros.ament_cmake' and name 'z1_examples'
[0.379s] Level 1:colcon.colcon_core.package_identification:_identify(src/z1_ros2/z1_hardware_interface) by extensions ['ignore', 'ignore_ament_install']
[0.379s] Level 1:colcon.colcon_core.package_identification:_identify(src/z1_ros2/z1_hardware_interface) by extension 'ignore'
[0.379s] Level 1:colcon.colcon_core.package_identification:_identify(src/z1_ros2/z1_hardware_interface) by extension 'ignore_ament_install'
[0.379s] Level 1:colcon.colcon_core.package_identification:_identify(src/z1_ros2/z1_hardware_interface) by extensions ['colcon_pkg']
[0.380s] Level 1:colcon.colcon_core.package_identification:_identify(src/z1_ros2/z1_hardware_interface) by extension 'colcon_pkg'
[0.380s] Level 1:colcon.colcon_core.package_identification:_identify(src/z1_ros2/z1_hardware_interface) by extensions ['colcon_meta']
[0.380s] Level 1:colcon.colcon_core.package_identification:_identify(src/z1_ros2/z1_hardware_interface) by extension 'colcon_meta'
[0.380s] Level 1:colcon.colcon_core.package_identification:_identify(src/z1_ros2/z1_hardware_interface) by extensions ['ros']
[0.380s] Level 1:colcon.colcon_core.package_identification:_identify(src/z1_ros2/z1_hardware_interface) by extension 'ros'
[0.381s] DEBUG:colcon.colcon_core.package_identification:Package 'src/z1_ros2/z1_hardware_interface' with type 'ros.ament_cmake' and name 'z1_hardware_interface'
[0.381s] Level 1:colcon.colcon_core.package_identification:_identify(src/z1_ros2/z1_moveit) by extensions ['ignore', 'ignore_ament_install']
[0.381s] Level 1:colcon.colcon_core.package_identification:_identify(src/z1_ros2/z1_moveit) by extension 'ignore'
[0.381s] Level 1:colcon.colcon_core.package_identification:_identify(src/z1_ros2/z1_moveit) by extension 'ignore_ament_install'
[0.381s] Level 1:colcon.colcon_core.package_identification:_identify(src/z1_ros2/z1_moveit) by extensions ['colcon_pkg']
[0.381s] Level 1:colcon.colcon_core.package_identification:_identify(src/z1_ros2/z1_moveit) by extension 'colcon_pkg'
[0.381s] Level 1:colcon.colcon_core.package_identification:_identify(src/z1_ros2/z1_moveit) by extensions ['colcon_meta']
[0.381s] Level 1:colcon.colcon_core.package_identification:_identify(src/z1_ros2/z1_moveit) by extension 'colcon_meta'
[0.381s] Level 1:colcon.colcon_core.package_identification:_identify(src/z1_ros2/z1_moveit) by extensions ['ros']
[0.381s] Level 1:colcon.colcon_core.package_identification:_identify(src/z1_ros2/z1_moveit) by extension 'ros'
[0.382s] DEBUG:colcon.colcon_core.package_identification:Package 'src/z1_ros2/z1_moveit' with type 'ros.ament_cmake' and name 'z1_moveit'
[0.382s] Level 1:colcon.colcon_core.package_discovery:discover_packages(recursive) using defaults
[0.382s] Level 1:colcon.colcon_core.package_discovery:discover_packages(ignore) discover
[0.382s] Level 1:colcon.colcon_core.package_discovery:discover_packages(ignore) using defaults
[0.382s] Level 1:colcon.colcon_core.package_discovery:discover_packages(path) discover
[0.382s] Level 1:colcon.colcon_core.package_discovery:discover_packages(path) using defaults
[0.429s] INFO:colcon.colcon_core.package_selection:Skipping not selected package 'z1_description' in 'src/z1_ros2/z1_description'
[0.429s] INFO:colcon.colcon_core.package_selection:Skipping not selected package 'z1_hardware_interface' in 'src/z1_ros2/z1_hardware_interface'
[0.429s] INFO:colcon.colcon_core.package_selection:Skipping not selected package 'z1_moveit' in 'src/z1_ros2/z1_moveit'
[0.429s] Level 1:colcon.colcon_core.package_discovery:discover_packages(prefix_path) check parameters
[0.429s] Level 1:colcon.colcon_core.package_discovery:discover_packages(prefix_path) discover
[0.432s] DEBUG:colcon.colcon_installed_package_information.package_discovery:Found 5 installed packages in /home/wangkun/z1_ros2_ws/install
[0.433s] DEBUG:colcon.colcon_installed_package_information.package_discovery:Found 366 installed packages in /opt/ros/humble
[0.435s] Level 1:colcon.colcon_core.package_discovery:discover_packages(prefix_path) using defaults
[0.486s] Level 5:colcon.colcon_core.verb:set package 'z1_bringup' build argument 'cmake_args' from command line to 'None'
[0.487s] Level 5:colcon.colcon_core.verb:set package 'z1_bringup' build argument 'cmake_target' from command line to 'None'
[0.487s] Level 5:colcon.colcon_core.verb:set package 'z1_bringup' build argument 'cmake_target_skip_unavailable' from command line to 'False'
[0.487s] Level 5:colcon.colcon_core.verb:set package 'z1_bringup' build argument 'cmake_clean_cache' from command line to 'False'
[0.487s] Level 5:colcon.colcon_core.verb:set package 'z1_bringup' build argument 'cmake_clean_first' from command line to 'False'
[0.487s] Level 5:colcon.colcon_core.verb:set package 'z1_bringup' build argument 'cmake_force_configure' from command line to 'False'
[0.487s] Level 5:colcon.colcon_core.verb:set package 'z1_bringup' build argument 'ament_cmake_args' from command line to 'None'
[0.487s] Level 5:colcon.colcon_core.verb:set package 'z1_bringup' build argument 'catkin_cmake_args' from command line to 'None'
[0.487s] Level 5:colcon.colcon_core.verb:set package 'z1_bringup' build argument 'catkin_skip_building_tests' from command line to 'False'
[0.487s] DEBUG:colcon.colcon_core.verb:Building package 'z1_bringup' with the following arguments: {'ament_cmake_args': None, 'build_base': '/home/wangkun/z1_ros2_ws/build/z1_bringup', 'catkin_cmake_args': None, 'catkin_skip_building_tests': False, 'cmake_args': None, 'cmake_clean_cache': False, 'cmake_clean_first': False, 'cmake_force_configure': False, 'cmake_target': None, 'cmake_target_skip_unavailable': False, 'install_base': '/home/wangkun/z1_ros2_ws/install/z1_bringup', 'merge_install': False, 'path': '/home/wangkun/z1_ros2_ws/src/z1_ros2/z1_bringup', 'symlink_install': False, 'test_result_base': None}
[0.487s] Level 5:colcon.colcon_core.verb:set package 'z1_examples' build argument 'cmake_args' from command line to 'None'
[0.487s] Level 5:colcon.colcon_core.verb:set package 'z1_examples' build argument 'cmake_target' from command line to 'None'
[0.487s] Level 5:colcon.colcon_core.verb:set package 'z1_examples' build argument 'cmake_target_skip_unavailable' from command line to 'False'
[0.488s] Level 5:colcon.colcon_core.verb:set package 'z1_examples' build argument 'cmake_clean_cache' from command line to 'False'
[0.488s] Level 5:colcon.colcon_core.verb:set package 'z1_examples' build argument 'cmake_clean_first' from command line to 'False'
[0.488s] Level 5:colcon.colcon_core.verb:set package 'z1_examples' build argument 'cmake_force_configure' from command line to 'False'
[0.488s] Level 5:colcon.colcon_core.verb:set package 'z1_examples' build argument 'ament_cmake_args' from command line to 'None'
[0.488s] Level 5:colcon.colcon_core.verb:set package 'z1_examples' build argument 'catkin_cmake_args' from command line to 'None'
[0.488s] Level 5:colcon.colcon_core.verb:set package 'z1_examples' build argument 'catkin_skip_building_tests' from command line to 'False'
[0.488s] DEBUG:colcon.colcon_core.verb:Building package 'z1_examples' with the following arguments: {'ament_cmake_args': None, 'build_base': '/home/wangkun/z1_ros2_ws/build/z1_examples', 'catkin_cmake_args': None, 'catkin_skip_building_tests': False, 'cmake_args': None, 'cmake_clean_cache': False, 'cmake_clean_first': False, 'cmake_force_configure': False, 'cmake_target': None, 'cmake_target_skip_unavailable': False, 'install_base': '/home/wangkun/z1_ros2_ws/install/z1_examples', 'merge_install': False, 'path': '/home/wangkun/z1_ros2_ws/src/z1_ros2/z1_examples', 'symlink_install': False, 'test_result_base': None}
[0.488s] INFO:colcon.colcon_core.executor:Executing jobs using 'parallel' executor
[0.492s] DEBUG:colcon.colcon_parallel_executor.executor.parallel:run_until_complete
[0.493s] INFO:colcon.colcon_ros.task.ament_cmake.build:Building ROS package in '/home/wangkun/z1_ros2_ws/src/z1_ros2/z1_bringup' with build type 'ament_cmake'
[0.493s] INFO:colcon.colcon_cmake.task.cmake.build:Building CMake package in '/home/wangkun/z1_ros2_ws/src/z1_ros2/z1_bringup'
[0.496s] INFO:colcon.colcon_core.plugin_system:Skipping extension 'colcon_core.shell.bat': Not used on non-Windows systems
[0.496s] INFO:colcon.colcon_core.shell:Skip shell extension 'powershell' for command environment: Not usable outside of PowerShell
[0.496s] DEBUG:colcon.colcon_core.shell:Skip shell extension 'dsv' for command environment
[0.538s] DEBUG:colcon.colcon_core.event_handler.log_command:Invoking command in '/home/wangkun/z1_ros2_ws/build/z1_bringup': CMAKE_PREFIX_PATH=/home/wangkun/z1_ros2_ws/install/z1_hardware_interface:/home/wangkun/z1_ros2_ws/install/z1_description:/home/wangkun/z1_ros2_ws/install/z1_moveit:/home/wangkun/z1_ros2_ws/install/z1_examples:/home/wangkun/z1_ros2_ws/install/z1_bringup:/opt/ros/humble /usr/bin/cmake /home/wangkun/z1_ros2_ws/src/z1_ros2/z1_bringup -DCMAKE_INSTALL_PREFIX=/home/wangkun/z1_ros2_ws/install/z1_bringup
[0.864s] DEBUG:colcon.colcon_core.event_handler.log_command:Invoked command in '/home/wangkun/z1_ros2_ws/build/z1_bringup' returned '0': CMAKE_PREFIX_PATH=/home/wangkun/z1_ros2_ws/install/z1_hardware_interface:/home/wangkun/z1_ros2_ws/install/z1_description:/home/wangkun/z1_ros2_ws/install/z1_moveit:/home/wangkun/z1_ros2_ws/install/z1_examples:/home/wangkun/z1_ros2_ws/install/z1_bringup:/opt/ros/humble /usr/bin/cmake /home/wangkun/z1_ros2_ws/src/z1_ros2/z1_bringup -DCMAKE_INSTALL_PREFIX=/home/wangkun/z1_ros2_ws/install/z1_bringup
[0.865s] DEBUG:colcon.colcon_core.event_handler.log_command:Invoking command in '/home/wangkun/z1_ros2_ws/build/z1_bringup': CMAKE_PREFIX_PATH=/home/wangkun/z1_ros2_ws/install/z1_hardware_interface:/home/wangkun/z1_ros2_ws/install/z1_description:/home/wangkun/z1_ros2_ws/install/z1_moveit:/home/wangkun/z1_ros2_ws/install/z1_examples:/home/wangkun/z1_ros2_ws/install/z1_bringup:/opt/ros/humble /usr/bin/cmake --build /home/wangkun/z1_ros2_ws/build/z1_bringup -- -j4 -l4
[0.936s] DEBUG:colcon.colcon_core.event_handler.log_command:Invoked command in '/home/wangkun/z1_ros2_ws/build/z1_bringup' returned '0': CMAKE_PREFIX_PATH=/home/wangkun/z1_ros2_ws/install/z1_hardware_interface:/home/wangkun/z1_ros2_ws/install/z1_description:/home/wangkun/z1_ros2_ws/install/z1_moveit:/home/wangkun/z1_ros2_ws/install/z1_examples:/home/wangkun/z1_ros2_ws/install/z1_bringup:/opt/ros/humble /usr/bin/cmake --build /home/wangkun/z1_ros2_ws/build/z1_bringup -- -j4 -l4
[0.959s] DEBUG:colcon.colcon_core.event_handler.log_command:Invoking command in '/home/wangkun/z1_ros2_ws/build/z1_bringup': CMAKE_PREFIX_PATH=/home/wangkun/z1_ros2_ws/install/z1_hardware_interface:/home/wangkun/z1_ros2_ws/install/z1_description:/home/wangkun/z1_ros2_ws/install/z1_moveit:/home/wangkun/z1_ros2_ws/install/z1_examples:/home/wangkun/z1_ros2_ws/install/z1_bringup:/opt/ros/humble /usr/bin/cmake --install /home/wangkun/z1_ros2_ws/build/z1_bringup
[0.984s] Level 1:colcon.colcon_core.environment:create_environment_scripts_only(z1_bringup)
[0.987s] DEBUG:colcon.colcon_core.event_handler.log_command:Invoked command in '/home/wangkun/z1_ros2_ws/build/z1_bringup' returned '0': CMAKE_PREFIX_PATH=/home/wangkun/z1_ros2_ws/install/z1_hardware_interface:/home/wangkun/z1_ros2_ws/install/z1_description:/home/wangkun/z1_ros2_ws/install/z1_moveit:/home/wangkun/z1_ros2_ws/install/z1_examples:/home/wangkun/z1_ros2_ws/install/z1_bringup:/opt/ros/humble /usr/bin/cmake --install /home/wangkun/z1_ros2_ws/build/z1_bringup
[0.988s] Level 1:colcon.colcon_core.environment:checking '/home/wangkun/z1_ros2_ws/install/z1_bringup' for CMake module files
[0.989s] Level 1:colcon.colcon_core.environment:checking '/home/wangkun/z1_ros2_ws/install/z1_bringup' for CMake config files
[0.989s] Level 1:colcon.colcon_core.shell:create_environment_hook('z1_bringup', 'cmake_prefix_path')
[0.990s] INFO:colcon.colcon_core.shell:Creating environment hook '/home/wangkun/z1_ros2_ws/install/z1_bringup/share/z1_bringup/hook/cmake_prefix_path.ps1'
[0.991s] INFO:colcon.colcon_core.shell:Creating environment descriptor '/home/wangkun/z1_ros2_ws/install/z1_bringup/share/z1_bringup/hook/cmake_prefix_path.dsv'
[0.992s] INFO:colcon.colcon_core.shell:Creating environment hook '/home/wangkun/z1_ros2_ws/install/z1_bringup/share/z1_bringup/hook/cmake_prefix_path.sh'
[0.993s] Level 1:colcon.colcon_core.environment:checking '/home/wangkun/z1_ros2_ws/install/z1_bringup/bin'
[0.993s] Level 1:colcon.colcon_core.environment:checking '/home/wangkun/z1_ros2_ws/install/z1_bringup/lib/pkgconfig/z1_bringup.pc'
[0.993s] Level 1:colcon.colcon_core.environment:checking '/home/wangkun/z1_ros2_ws/install/z1_bringup/lib/python3.10/site-packages'
[0.994s] Level 1:colcon.colcon_core.environment:checking '/home/wangkun/z1_ros2_ws/install/z1_bringup/bin'
[0.994s] INFO:colcon.colcon_core.shell:Creating package script '/home/wangkun/z1_ros2_ws/install/z1_bringup/share/z1_bringup/package.ps1'
[0.996s] INFO:colcon.colcon_core.shell:Creating package descriptor '/home/wangkun/z1_ros2_ws/install/z1_bringup/share/z1_bringup/package.dsv'
[0.997s] INFO:colcon.colcon_core.shell:Creating package script '/home/wangkun/z1_ros2_ws/install/z1_bringup/share/z1_bringup/package.sh'
[0.998s] INFO:colcon.colcon_core.shell:Creating package script '/home/wangkun/z1_ros2_ws/install/z1_bringup/share/z1_bringup/package.bash'
[0.999s] INFO:colcon.colcon_core.shell:Creating package script '/home/wangkun/z1_ros2_ws/install/z1_bringup/share/z1_bringup/package.zsh'
[1.000s] Level 1:colcon.colcon_core.environment:create_file_with_runtime_dependencies(/home/wangkun/z1_ros2_ws/install/z1_bringup/share/colcon-core/packages/z1_bringup)
[1.001s] Level 1:colcon.colcon_core.environment:create_environment_scripts_only(z1_bringup)
[1.001s] Level 1:colcon.colcon_core.environment:checking '/home/wangkun/z1_ros2_ws/install/z1_bringup' for CMake module files
[1.001s] Level 1:colcon.colcon_core.environment:checking '/home/wangkun/z1_ros2_ws/install/z1_bringup' for CMake config files
[1.002s] Level 1:colcon.colcon_core.shell:create_environment_hook('z1_bringup', 'cmake_prefix_path')
[1.002s] INFO:colcon.colcon_core.shell:Creating environment hook '/home/wangkun/z1_ros2_ws/install/z1_bringup/share/z1_bringup/hook/cmake_prefix_path.ps1'
[1.003s] INFO:colcon.colcon_core.shell:Creating environment descriptor '/home/wangkun/z1_ros2_ws/install/z1_bringup/share/z1_bringup/hook/cmake_prefix_path.dsv'
[1.004s] INFO:colcon.colcon_core.shell:Creating environment hook '/home/wangkun/z1_ros2_ws/install/z1_bringup/share/z1_bringup/hook/cmake_prefix_path.sh'
[1.004s] Level 1:colcon.colcon_core.environment:checking '/home/wangkun/z1_ros2_ws/install/z1_bringup/bin'
[1.005s] Level 1:colcon.colcon_core.environment:checking '/home/wangkun/z1_ros2_ws/install/z1_bringup/lib/pkgconfig/z1_bringup.pc'
[1.005s] Level 1:colcon.colcon_core.environment:checking '/home/wangkun/z1_ros2_ws/install/z1_bringup/lib/python3.10/site-packages'
[1.005s] Level 1:colcon.colcon_core.environment:checking '/home/wangkun/z1_ros2_ws/install/z1_bringup/bin'
[1.006s] INFO:colcon.colcon_core.shell:Creating package script '/home/wangkun/z1_ros2_ws/install/z1_bringup/share/z1_bringup/package.ps1'
[1.007s] INFO:colcon.colcon_core.shell:Creating package descriptor '/home/wangkun/z1_ros2_ws/install/z1_bringup/share/z1_bringup/package.dsv'
[1.007s] INFO:colcon.colcon_core.shell:Creating package script '/home/wangkun/z1_ros2_ws/install/z1_bringup/share/z1_bringup/package.sh'
[1.009s] INFO:colcon.colcon_core.shell:Creating package script '/home/wangkun/z1_ros2_ws/install/z1_bringup/share/z1_bringup/package.bash'
[1.010s] INFO:colcon.colcon_core.shell:Creating package script '/home/wangkun/z1_ros2_ws/install/z1_bringup/share/z1_bringup/package.zsh'
[1.011s] Level 1:colcon.colcon_core.environment:create_file_with_runtime_dependencies(/home/wangkun/z1_ros2_ws/install/z1_bringup/share/colcon-core/packages/z1_bringup)
[1.011s] INFO:colcon.colcon_ros.task.ament_cmake.build:Building ROS package in '/home/wangkun/z1_ros2_ws/src/z1_ros2/z1_examples' with build type 'ament_cmake'
[1.012s] INFO:colcon.colcon_cmake.task.cmake.build:Building CMake package in '/home/wangkun/z1_ros2_ws/src/z1_ros2/z1_examples'
[1.012s] INFO:colcon.colcon_core.shell:Skip shell extension 'powershell' for command environment: Not usable outside of PowerShell
[1.012s] DEBUG:colcon.colcon_core.shell:Skip shell extension 'dsv' for command environment
[1.035s] DEBUG:colcon.colcon_core.event_handler.log_command:Invoking command in '/home/wangkun/z1_ros2_ws/build/z1_examples': CMAKE_PREFIX_PATH=/home/wangkun/z1_ros2_ws/install/z1_bringup:/home/wangkun/z1_ros2_ws/install/z1_hardware_interface:/home/wangkun/z1_ros2_ws/install/z1_description:/home/wangkun/z1_ros2_ws/install/z1_moveit:/home/wangkun/z1_ros2_ws/install/z1_examples:/opt/ros/humble /usr/bin/cmake --build /home/wangkun/z1_ros2_ws/build/z1_examples -- -j4 -l4
[1.494s] DEBUG:colcon.colcon_core.event_handler.log_command:Invoked command in '/home/wangkun/z1_ros2_ws/build/z1_examples' returned '0': CMAKE_PREFIX_PATH=/home/wangkun/z1_ros2_ws/install/z1_bringup:/home/wangkun/z1_ros2_ws/install/z1_hardware_interface:/home/wangkun/z1_ros2_ws/install/z1_description:/home/wangkun/z1_ros2_ws/install/z1_moveit:/home/wangkun/z1_ros2_ws/install/z1_examples:/opt/ros/humble /usr/bin/cmake --build /home/wangkun/z1_ros2_ws/build/z1_examples -- -j4 -l4
[1.494s] DEBUG:colcon.colcon_core.event_handler.log_command:Invoking command in '/home/wangkun/z1_ros2_ws/build/z1_examples': CMAKE_PREFIX_PATH=/home/wangkun/z1_ros2_ws/install/z1_bringup:/home/wangkun/z1_ros2_ws/install/z1_hardware_interface:/home/wangkun/z1_ros2_ws/install/z1_description:/home/wangkun/z1_ros2_ws/install/z1_moveit:/home/wangkun/z1_ros2_ws/install/z1_examples:/opt/ros/humble /usr/bin/cmake --install /home/wangkun/z1_ros2_ws/build/z1_examples
[1.553s] Level 1:colcon.colcon_core.environment:create_environment_scripts_only(z1_examples)
[1.554s] Level 1:colcon.colcon_core.environment:checking '/home/wangkun/z1_ros2_ws/install/z1_examples' for CMake module files
[1.555s] DEBUG:colcon.colcon_core.event_handler.log_command:Invoked command in '/home/wangkun/z1_ros2_ws/build/z1_examples' returned '0': CMAKE_PREFIX_PATH=/home/wangkun/z1_ros2_ws/install/z1_bringup:/home/wangkun/z1_ros2_ws/install/z1_hardware_interface:/home/wangkun/z1_ros2_ws/install/z1_description:/home/wangkun/z1_ros2_ws/install/z1_moveit:/home/wangkun/z1_ros2_ws/install/z1_examples:/opt/ros/humble /usr/bin/cmake --install /home/wangkun/z1_ros2_ws/build/z1_examples
[1.556s] Level 1:colcon.colcon_core.environment:checking '/home/wangkun/z1_ros2_ws/install/z1_examples' for CMake config files
[1.556s] Level 1:colcon.colcon_core.shell:create_environment_hook('z1_examples', 'cmake_prefix_path')
[1.557s] INFO:colcon.colcon_core.shell:Creating environment hook '/home/wangkun/z1_ros2_ws/install/z1_examples/share/z1_examples/hook/cmake_prefix_path.ps1'
[1.557s] INFO:colcon.colcon_core.shell:Creating environment descriptor '/home/wangkun/z1_ros2_ws/install/z1_examples/share/z1_examples/hook/cmake_prefix_path.dsv'
[1.558s] INFO:colcon.colcon_core.shell:Creating environment hook '/home/wangkun/z1_ros2_ws/install/z1_examples/share/z1_examples/hook/cmake_prefix_path.sh'
[1.559s] Level 1:colcon.colcon_core.environment:checking '/home/wangkun/z1_ros2_ws/install/z1_examples/lib'
[1.559s] Level 1:colcon.colcon_core.environment:checking '/home/wangkun/z1_ros2_ws/install/z1_examples/bin'
[1.559s] Level 1:colcon.colcon_core.environment:checking '/home/wangkun/z1_ros2_ws/install/z1_examples/lib/pkgconfig/z1_examples.pc'
[1.560s] Level 1:colcon.colcon_core.environment:checking '/home/wangkun/z1_ros2_ws/install/z1_examples/lib/python3.10/site-packages'
[1.560s] Level 1:colcon.colcon_core.environment:checking '/home/wangkun/z1_ros2_ws/install/z1_examples/bin'
[1.560s] INFO:colcon.colcon_core.shell:Creating package script '/home/wangkun/z1_ros2_ws/install/z1_examples/share/z1_examples/package.ps1'
[1.561s] INFO:colcon.colcon_core.shell:Creating package descriptor '/home/wangkun/z1_ros2_ws/install/z1_examples/share/z1_examples/package.dsv'
[1.562s] INFO:colcon.colcon_core.shell:Creating package script '/home/wangkun/z1_ros2_ws/install/z1_examples/share/z1_examples/package.sh'
[1.563s] INFO:colcon.colcon_core.shell:Creating package script '/home/wangkun/z1_ros2_ws/install/z1_examples/share/z1_examples/package.bash'
[1.563s] INFO:colcon.colcon_core.shell:Creating package script '/home/wangkun/z1_ros2_ws/install/z1_examples/share/z1_examples/package.zsh'
[1.564s] Level 1:colcon.colcon_core.environment:create_file_with_runtime_dependencies(/home/wangkun/z1_ros2_ws/install/z1_examples/share/colcon-core/packages/z1_examples)
[1.565s] Level 1:colcon.colcon_core.environment:create_environment_scripts_only(z1_examples)
[1.565s] Level 1:colcon.colcon_core.environment:checking '/home/wangkun/z1_ros2_ws/install/z1_examples' for CMake module files
[1.566s] Level 1:colcon.colcon_core.environment:checking '/home/wangkun/z1_ros2_ws/install/z1_examples' for CMake config files
[1.566s] Level 1:colcon.colcon_core.shell:create_environment_hook('z1_examples', 'cmake_prefix_path')
[1.566s] INFO:colcon.colcon_core.shell:Creating environment hook '/home/wangkun/z1_ros2_ws/install/z1_examples/share/z1_examples/hook/cmake_prefix_path.ps1'
[1.567s] INFO:colcon.colcon_core.shell:Creating environment descriptor '/home/wangkun/z1_ros2_ws/install/z1_examples/share/z1_examples/hook/cmake_prefix_path.dsv'
[1.567s] INFO:colcon.colcon_core.shell:Creating environment hook '/home/wangkun/z1_ros2_ws/install/z1_examples/share/z1_examples/hook/cmake_prefix_path.sh'
[1.568s] Level 1:colcon.colcon_core.environment:checking '/home/wangkun/z1_ros2_ws/install/z1_examples/lib'
[1.568s] Level 1:colcon.colcon_core.environment:checking '/home/wangkun/z1_ros2_ws/install/z1_examples/bin'
[1.568s] Level 1:colcon.colcon_core.environment:checking '/home/wangkun/z1_ros2_ws/install/z1_examples/lib/pkgconfig/z1_examples.pc'
[1.569s] Level 1:colcon.colcon_core.environment:checking '/home/wangkun/z1_ros2_ws/install/z1_examples/lib/python3.10/site-packages'
[1.569s] Level 1:colcon.colcon_core.environment:checking '/home/wangkun/z1_ros2_ws/install/z1_examples/bin'
[1.569s] INFO:colcon.colcon_core.shell:Creating package script '/home/wangkun/z1_ros2_ws/install/z1_examples/share/z1_examples/package.ps1'
[1.570s] INFO:colcon.colcon_core.shell:Creating package descriptor '/home/wangkun/z1_ros2_ws/install/z1_examples/share/z1_examples/package.dsv'
[1.571s] INFO:colcon.colcon_core.shell:Creating package script '/home/wangkun/z1_ros2_ws/install/z1_examples/share/z1_examples/package.sh'
[1.571s] INFO:colcon.colcon_core.shell:Creating package script '/home/wangkun/z1_ros2_ws/install/z1_examples/share/z1_examples/package.bash'
[1.572s] INFO:colcon.colcon_core.shell:Creating package script '/home/wangkun/z1_ros2_ws/install/z1_examples/share/z1_examples/package.zsh'
[1.573s] Level 1:colcon.colcon_core.environment:create_file_with_runtime_dependencies(/home/wangkun/z1_ros2_ws/install/z1_examples/share/colcon-core/packages/z1_examples)
[1.573s] DEBUG:colcon.colcon_parallel_executor.executor.parallel:closing loop
[1.573s] DEBUG:colcon.colcon_parallel_executor.executor.parallel:loop closed
[1.574s] DEBUG:colcon.colcon_parallel_executor.executor.parallel:run_until_complete finished with '0'
[1.574s] DEBUG:colcon.colcon_core.event_reactor:joining thread
[1.586s] INFO:colcon.colcon_core.plugin_system:Skipping extension 'colcon_notification.desktop_notification.terminal_notifier': Not used on non-Darwin systems
[1.587s] INFO:colcon.colcon_core.plugin_system:Skipping extension 'colcon_notification.desktop_notification.win32': Not used on non-Windows systems
[1.587s] INFO:colcon.colcon_notification.desktop_notification:Sending desktop notification using 'notify2'
[1.605s] DEBUG:colcon.colcon_core.event_reactor:joined thread
[1.605s] INFO:colcon.colcon_core.shell:Creating prefix script '/home/wangkun/z1_ros2_ws/install/local_setup.ps1'
[1.607s] INFO:colcon.colcon_core.shell:Creating prefix util module '/home/wangkun/z1_ros2_ws/install/_local_setup_util_ps1.py'
[1.609s] INFO:colcon.colcon_core.shell:Creating prefix chain script '/home/wangkun/z1_ros2_ws/install/setup.ps1'
[1.611s] INFO:colcon.colcon_core.shell:Creating prefix script '/home/wangkun/z1_ros2_ws/install/local_setup.sh'
[1.612s] INFO:colcon.colcon_core.shell:Creating prefix util module '/home/wangkun/z1_ros2_ws/install/_local_setup_util_sh.py'
[1.613s] INFO:colcon.colcon_core.shell:Creating prefix chain script '/home/wangkun/z1_ros2_ws/install/setup.sh'
[1.615s] INFO:colcon.colcon_core.shell:Creating prefix script '/home/wangkun/z1_ros2_ws/install/local_setup.bash'
[1.616s] INFO:colcon.colcon_core.shell:Creating prefix chain script '/home/wangkun/z1_ros2_ws/install/setup.bash'
[1.618s] INFO:colcon.colcon_core.shell:Creating prefix script '/home/wangkun/z1_ros2_ws/install/local_setup.zsh'
[1.619s] INFO:colcon.colcon_core.shell:Creating prefix chain script '/home/wangkun/z1_ros2_ws/install/setup.zsh'
