[0.035s] Invoking command in '/home/wangkun/z1_ros2_ws/build/z1_examples': CMAKE_PREFIX_PATH=/home/wangkun/z1_ros2_ws/install/z1_bringup:/home/wangkun/z1_ros2_ws/install/z1_hardware_interface:/home/wangkun/z1_ros2_ws/install/z1_description:/home/wangkun/z1_ros2_ws/install/z1_moveit:/home/wangkun/z1_ros2_ws/install/z1_examples:/opt/ros/humble /usr/bin/cmake /home/wangkun/z1_ros2_ws/src/z1_ros2/z1_examples -DCMAKE_BUILD_TYPE=Release -DCMAKE_INSTALL_PREFIX=/home/wangkun/z1_ros2_ws/install/z1_examples
[0.065s] -- Found ament_cmake: 1.3.14 (/opt/ros/humble/share/ament_cmake/cmake)
[0.281s] -- Found rclpy: 3.3.22 (/opt/ros/humble/share/rclpy/cmake)
[0.539s] -- Configuring done
[0.559s] -- Generating done
[0.568s] -- Build files have been written to: /home/wangkun/z1_ros2_ws/build/z1_examples
[0.577s] Invoked command in '/home/wangkun/z1_ros2_ws/build/z1_examples' returned '0': CMAKE_PREFIX_PATH=/home/wangkun/z1_ros2_ws/install/z1_bringup:/home/wangkun/z1_ros2_ws/install/z1_hardware_interface:/home/wangkun/z1_ros2_ws/install/z1_description:/home/wangkun/z1_ros2_ws/install/z1_moveit:/home/wangkun/z1_ros2_ws/install/z1_examples:/opt/ros/humble /usr/bin/cmake /home/wangkun/z1_ros2_ws/src/z1_ros2/z1_examples -DCMAKE_BUILD_TYPE=Release -DCMAKE_INSTALL_PREFIX=/home/wangkun/z1_ros2_ws/install/z1_examples
[0.583s] Invoking command in '/home/wangkun/z1_ros2_ws/build/z1_examples': CMAKE_PREFIX_PATH=/home/wangkun/z1_ros2_ws/install/z1_bringup:/home/wangkun/z1_ros2_ws/install/z1_hardware_interface:/home/wangkun/z1_ros2_ws/install/z1_description:/home/wangkun/z1_ros2_ws/install/z1_moveit:/home/wangkun/z1_ros2_ws/install/z1_examples:/opt/ros/humble /usr/bin/cmake --build /home/wangkun/z1_ros2_ws/build/z1_examples -- -j4 -l4
[0.747s] Built target ament_cmake_python_copy_z1_examples
[1.181s] running egg_info
[1.181s] writing z1_examples.egg-info/PKG-INFO
[1.182s] writing dependency_links to z1_examples.egg-info/dependency_links.txt
[1.183s] writing top-level names to z1_examples.egg-info/top_level.txt
[1.191s] reading manifest file 'z1_examples.egg-info/SOURCES.txt'
[1.192s] writing manifest file 'z1_examples.egg-info/SOURCES.txt'
[1.255s] Built target ament_cmake_python_build_z1_examples_egg
[1.285s] Invoked command in '/home/wangkun/z1_ros2_ws/build/z1_examples' returned '0': CMAKE_PREFIX_PATH=/home/wangkun/z1_ros2_ws/install/z1_bringup:/home/wangkun/z1_ros2_ws/install/z1_hardware_interface:/home/wangkun/z1_ros2_ws/install/z1_description:/home/wangkun/z1_ros2_ws/install/z1_moveit:/home/wangkun/z1_ros2_ws/install/z1_examples:/opt/ros/humble /usr/bin/cmake --build /home/wangkun/z1_ros2_ws/build/z1_examples -- -j4 -l4
[1.293s] Invoking command in '/home/wangkun/z1_ros2_ws/build/z1_examples': CMAKE_PREFIX_PATH=/home/wangkun/z1_ros2_ws/install/z1_bringup:/home/wangkun/z1_ros2_ws/install/z1_hardware_interface:/home/wangkun/z1_ros2_ws/install/z1_description:/home/wangkun/z1_ros2_ws/install/z1_moveit:/home/wangkun/z1_ros2_ws/install/z1_examples:/opt/ros/humble /usr/bin/cmake --install /home/wangkun/z1_ros2_ws/build/z1_examples
[1.306s] -- Install configuration: "Release"
[1.309s] -- Up-to-date: /home/wangkun/z1_ros2_ws/install/z1_examples/lib/z1_examples/waypoint_test.py
[1.309s] -- Installing: /home/wangkun/z1_ros2_ws/install/z1_examples/lib/z1_examples/teleop_keyboard.py
[1.309s] -- Up-to-date: /home/wangkun/z1_ros2_ws/install/z1_examples/share/z1_examples/launch
[1.309s] -- Installing: /home/wangkun/z1_ros2_ws/install/z1_examples/share/z1_examples/launch/teleop_keyboard.launch.py
[1.309s] -- Up-to-date: /home/wangkun/z1_ros2_ws/install/z1_examples/share/z1_examples/launch/waypoint_test.launch.py
[1.309s] -- Up-to-date: /home/wangkun/z1_ros2_ws/install/z1_examples/share/z1_examples/environment/pythonpath.sh
[1.309s] -- Installing: /home/wangkun/z1_ros2_ws/install/z1_examples/share/z1_examples/environment/pythonpath.dsv
[1.309s] -- Up-to-date: /home/wangkun/z1_ros2_ws/install/z1_examples/local/lib/python3.10/dist-packages/z1_examples-0.0.0-py3.10.egg-info
[1.309s] -- Installing: /home/wangkun/z1_ros2_ws/install/z1_examples/local/lib/python3.10/dist-packages/z1_examples-0.0.0-py3.10.egg-info/PKG-INFO
[1.309s] -- Installing: /home/wangkun/z1_ros2_ws/install/z1_examples/local/lib/python3.10/dist-packages/z1_examples-0.0.0-py3.10.egg-info/dependency_links.txt
[1.310s] -- Installing: /home/wangkun/z1_ros2_ws/install/z1_examples/local/lib/python3.10/dist-packages/z1_examples-0.0.0-py3.10.egg-info/top_level.txt
[1.310s] -- Installing: /home/wangkun/z1_ros2_ws/install/z1_examples/local/lib/python3.10/dist-packages/z1_examples-0.0.0-py3.10.egg-info/SOURCES.txt
[1.310s] -- Up-to-date: /home/wangkun/z1_ros2_ws/install/z1_examples/local/lib/python3.10/dist-packages/z1_examples
[1.310s] -- Installing: /home/wangkun/z1_ros2_ws/install/z1_examples/local/lib/python3.10/dist-packages/z1_examples/teleop_keyboard.py
[1.310s] -- Up-to-date: /home/wangkun/z1_ros2_ws/install/z1_examples/local/lib/python3.10/dist-packages/z1_examples/waypoint_test.py
[1.310s] -- Up-to-date: /home/wangkun/z1_ros2_ws/install/z1_examples/local/lib/python3.10/dist-packages/z1_examples/__init__.py
[1.365s] Listing '/home/wangkun/z1_ros2_ws/install/z1_examples/local/lib/python3.10/dist-packages/z1_examples'...
[1.366s] Compiling '/home/wangkun/z1_ros2_ws/install/z1_examples/local/lib/python3.10/dist-packages/z1_examples/teleop_keyboard.py'...
[1.377s] -- Installing: /home/wangkun/z1_ros2_ws/install/z1_examples/share/ament_index/resource_index/package_run_dependencies/z1_examples
[1.379s] -- Up-to-date: /home/wangkun/z1_ros2_ws/install/z1_examples/share/ament_index/resource_index/parent_prefix_path/z1_examples
[1.380s] -- Up-to-date: /home/wangkun/z1_ros2_ws/install/z1_examples/share/z1_examples/environment/ament_prefix_path.sh
[1.381s] -- Installing: /home/wangkun/z1_ros2_ws/install/z1_examples/share/z1_examples/environment/ament_prefix_path.dsv
[1.381s] -- Up-to-date: /home/wangkun/z1_ros2_ws/install/z1_examples/share/z1_examples/environment/path.sh
[1.382s] -- Installing: /home/wangkun/z1_ros2_ws/install/z1_examples/share/z1_examples/environment/path.dsv
[1.382s] -- Up-to-date: /home/wangkun/z1_ros2_ws/install/z1_examples/share/z1_examples/local_setup.bash
[1.383s] -- Up-to-date: /home/wangkun/z1_ros2_ws/install/z1_examples/share/z1_examples/local_setup.sh
[1.383s] -- Up-to-date: /home/wangkun/z1_ros2_ws/install/z1_examples/share/z1_examples/local_setup.zsh
[1.383s] -- Installing: /home/wangkun/z1_ros2_ws/install/z1_examples/share/z1_examples/local_setup.dsv
[1.383s] -- Installing: /home/wangkun/z1_ros2_ws/install/z1_examples/share/z1_examples/package.dsv
[1.383s] -- Up-to-date: /home/wangkun/z1_ros2_ws/install/z1_examples/share/ament_index/resource_index/packages/z1_examples
[1.388s] -- Up-to-date: /home/wangkun/z1_ros2_ws/install/z1_examples/share/z1_examples/cmake/z1_examplesConfig.cmake
[1.390s] -- Up-to-date: /home/wangkun/z1_ros2_ws/install/z1_examples/share/z1_examples/cmake/z1_examplesConfig-version.cmake
[1.392s] -- Installing: /home/wangkun/z1_ros2_ws/install/z1_examples/share/z1_examples/package.xml
[1.392s] Invoked command in '/home/wangkun/z1_ros2_ws/build/z1_examples' returned '0': CMAKE_PREFIX_PATH=/home/wangkun/z1_ros2_ws/install/z1_bringup:/home/wangkun/z1_ros2_ws/install/z1_hardware_interface:/home/wangkun/z1_ros2_ws/install/z1_description:/home/wangkun/z1_ros2_ws/install/z1_moveit:/home/wangkun/z1_ros2_ws/install/z1_examples:/opt/ros/humble /usr/bin/cmake --install /home/wangkun/z1_ros2_ws/build/z1_examples
