Built target ament_cmake_python_copy_z1_examples
running egg_info
writing z1_examples.egg-info/PKG-INFO
writing dependency_links to z1_examples.egg-info/dependency_links.txt
writing top-level names to z1_examples.egg-info/top_level.txt
reading manifest file 'z1_examples.egg-info/SOURCES.txt'
writing manifest file 'z1_examples.egg-info/SOURCES.txt'
Built target ament_cmake_python_build_z1_examples_egg
-- Install configuration: "Release"
-- Up-to-date: /home/wangkun/z1_ros2_ws/install/z1_examples/lib/z1_examples/waypoint_test.py
-- Up-to-date: /home/wangkun/z1_ros2_ws/install/z1_examples/lib/z1_examples/teleop_keyboard.py
-- Up-to-date: /home/wangkun/z1_ros2_ws/install/z1_examples/share/z1_examples/launch
-- Up-to-date: /home/wangkun/z1_ros2_ws/install/z1_examples/share/z1_examples/launch/teleop_keyboard.launch.py
-- Up-to-date: /home/wangkun/z1_ros2_ws/install/z1_examples/share/z1_examples/launch/waypoint_test.launch.py
-- Up-to-date: /home/wangkun/z1_ros2_ws/install/z1_examples/share/z1_examples/environment/pythonpath.sh
-- Up-to-date: /home/wangkun/z1_ros2_ws/install/z1_examples/share/z1_examples/environment/pythonpath.dsv
-- Up-to-date: /home/wangkun/z1_ros2_ws/install/z1_examples/local/lib/python3.10/dist-packages/z1_examples-0.0.0-py3.10.egg-info
-- Installing: /home/wangkun/z1_ros2_ws/install/z1_examples/local/lib/python3.10/dist-packages/z1_examples-0.0.0-py3.10.egg-info/PKG-INFO
-- Installing: /home/wangkun/z1_ros2_ws/install/z1_examples/local/lib/python3.10/dist-packages/z1_examples-0.0.0-py3.10.egg-info/dependency_links.txt
-- Installing: /home/wangkun/z1_ros2_ws/install/z1_examples/local/lib/python3.10/dist-packages/z1_examples-0.0.0-py3.10.egg-info/top_level.txt
-- Installing: /home/wangkun/z1_ros2_ws/install/z1_examples/local/lib/python3.10/dist-packages/z1_examples-0.0.0-py3.10.egg-info/SOURCES.txt
-- Up-to-date: /home/wangkun/z1_ros2_ws/install/z1_examples/local/lib/python3.10/dist-packages/z1_examples
-- Up-to-date: /home/wangkun/z1_ros2_ws/install/z1_examples/local/lib/python3.10/dist-packages/z1_examples/teleop_keyboard.py
-- Up-to-date: /home/wangkun/z1_ros2_ws/install/z1_examples/local/lib/python3.10/dist-packages/z1_examples/waypoint_test.py
-- Up-to-date: /home/wangkun/z1_ros2_ws/install/z1_examples/local/lib/python3.10/dist-packages/z1_examples/__init__.py
Listing '/home/wangkun/z1_ros2_ws/install/z1_examples/local/lib/python3.10/dist-packages/z1_examples'...
-- Up-to-date: /home/wangkun/z1_ros2_ws/install/z1_examples/share/ament_index/resource_index/package_run_dependencies/z1_examples
-- Up-to-date: /home/wangkun/z1_ros2_ws/install/z1_examples/share/ament_index/resource_index/parent_prefix_path/z1_examples
-- Up-to-date: /home/wangkun/z1_ros2_ws/install/z1_examples/share/z1_examples/environment/ament_prefix_path.sh
-- Up-to-date: /home/wangkun/z1_ros2_ws/install/z1_examples/share/z1_examples/environment/ament_prefix_path.dsv
-- Up-to-date: /home/wangkun/z1_ros2_ws/install/z1_examples/share/z1_examples/environment/path.sh
-- Up-to-date: /home/wangkun/z1_ros2_ws/install/z1_examples/share/z1_examples/environment/path.dsv
-- Up-to-date: /home/wangkun/z1_ros2_ws/install/z1_examples/share/z1_examples/local_setup.bash
-- Up-to-date: /home/wangkun/z1_ros2_ws/install/z1_examples/share/z1_examples/local_setup.sh
-- Up-to-date: /home/wangkun/z1_ros2_ws/install/z1_examples/share/z1_examples/local_setup.zsh
-- Up-to-date: /home/wangkun/z1_ros2_ws/install/z1_examples/share/z1_examples/local_setup.dsv
-- Installing: /home/wangkun/z1_ros2_ws/install/z1_examples/share/z1_examples/package.dsv
-- Up-to-date: /home/wangkun/z1_ros2_ws/install/z1_examples/share/ament_index/resource_index/packages/z1_examples
-- Up-to-date: /home/wangkun/z1_ros2_ws/install/z1_examples/share/z1_examples/cmake/z1_examplesConfig.cmake
-- Up-to-date: /home/wangkun/z1_ros2_ws/install/z1_examples/share/z1_examples/cmake/z1_examplesConfig-version.cmake
-- Up-to-date: /home/wangkun/z1_ros2_ws/install/z1_examples/share/z1_examples/package.xml
