[0.023s] Invoking command in '/home/wangkun/z1_ros2_ws/build/z1_description': CMAKE_PREFIX_PATH=${CMAKE_PREFIX_PATH}:/opt/ros/humble /usr/bin/cmake --build /home/wangkun/z1_ros2_ws/build/z1_description -- -j4 -l4
[0.101s] Invoked command in '/home/wangkun/z1_ros2_ws/build/z1_description' returned '0': CMAKE_PREFIX_PATH=${CMAKE_PREFIX_PATH}:/opt/ros/humble /usr/bin/cmake --build /home/wangkun/z1_ros2_ws/build/z1_description -- -j4 -l4
[0.121s] Invoking command in '/home/wangkun/z1_ros2_ws/build/z1_description': CMAKE_PREFIX_PATH=${CMAKE_PREFIX_PATH}:/opt/ros/humble /usr/bin/cmake --install /home/wangkun/z1_ros2_ws/build/z1_description
[0.133s] -- Install configuration: "Release"
[0.134s] -- Up-to-date: /home/wangkun/z1_ros2_ws/install/z1_description/share/z1_description/urdf
[0.134s] -- Up-to-date: /home/wangkun/z1_ros2_ws/install/z1_description/share/z1_description/urdf/z1.ros2_control.xacro
[0.134s] -- Up-to-date: /home/wangkun/z1_ros2_ws/install/z1_description/share/z1_description/urdf/const.xacro
[0.134s] -- Up-to-date: /home/wangkun/z1_ros2_ws/install/z1_description/share/z1_description/urdf/z1.urdf.xacro
[0.134s] -- Up-to-date: /home/wangkun/z1_ros2_ws/install/z1_description/share/z1_description/meshes
[0.134s] -- Up-to-date: /home/wangkun/z1_ros2_ws/install/z1_description/share/z1_description/meshes/visual
[0.134s] -- Up-to-date: /home/wangkun/z1_ros2_ws/install/z1_description/share/z1_description/meshes/visual/z1_GripperMover.dae
[0.134s] -- Up-to-date: /home/wangkun/z1_ros2_ws/install/z1_description/share/z1_description/meshes/visual/z1_Link04.dae
[0.134s] -- Up-to-date: /home/wangkun/z1_ros2_ws/install/z1_description/share/z1_description/meshes/visual/z1_Link01.dae
[0.134s] -- Up-to-date: /home/wangkun/z1_ros2_ws/install/z1_description/share/z1_description/meshes/visual/z1_Link06.dae
[0.134s] -- Up-to-date: /home/wangkun/z1_ros2_ws/install/z1_description/share/z1_description/meshes/visual/z1_Link02.dae
[0.134s] -- Up-to-date: /home/wangkun/z1_ros2_ws/install/z1_description/share/z1_description/meshes/visual/z1_Link05.dae
[0.134s] -- Up-to-date: /home/wangkun/z1_ros2_ws/install/z1_description/share/z1_description/meshes/visual/z1_GripperStator.dae
[0.134s] -- Up-to-date: /home/wangkun/z1_ros2_ws/install/z1_description/share/z1_description/meshes/visual/z1_Link03.dae
[0.134s] -- Up-to-date: /home/wangkun/z1_ros2_ws/install/z1_description/share/z1_description/meshes/visual/z1_Link00.dae
[0.134s] -- Up-to-date: /home/wangkun/z1_ros2_ws/install/z1_description/share/z1_description/meshes/collision
[0.134s] -- Up-to-date: /home/wangkun/z1_ros2_ws/install/z1_description/share/z1_description/meshes/collision/z1_GripperStator.STL
[0.134s] -- Up-to-date: /home/wangkun/z1_ros2_ws/install/z1_description/share/z1_description/meshes/collision/z1_Link00.STL
[0.134s] -- Up-to-date: /home/wangkun/z1_ros2_ws/install/z1_description/share/z1_description/meshes/collision/z1_Link02.STL
[0.135s] -- Up-to-date: /home/wangkun/z1_ros2_ws/install/z1_description/share/z1_description/meshes/collision/z1_Link05.STL
[0.135s] -- Up-to-date: /home/wangkun/z1_ros2_ws/install/z1_description/share/z1_description/meshes/collision/z1_GripperMover.STL
[0.135s] -- Up-to-date: /home/wangkun/z1_ros2_ws/install/z1_description/share/z1_description/meshes/collision/z1_Link03.STL
[0.135s] -- Up-to-date: /home/wangkun/z1_ros2_ws/install/z1_description/share/z1_description/meshes/collision/z1_Link04.STL
[0.135s] -- Up-to-date: /home/wangkun/z1_ros2_ws/install/z1_description/share/z1_description/meshes/collision/z1_Link01.STL
[0.135s] -- Up-to-date: /home/wangkun/z1_ros2_ws/install/z1_description/share/z1_description/meshes/collision/z1_Link06.STL
[0.135s] -- Up-to-date: /home/wangkun/z1_ros2_ws/install/z1_description/share/ament_index/resource_index/package_run_dependencies/z1_description
[0.135s] -- Up-to-date: /home/wangkun/z1_ros2_ws/install/z1_description/share/ament_index/resource_index/parent_prefix_path/z1_description
[0.135s] -- Up-to-date: /home/wangkun/z1_ros2_ws/install/z1_description/share/z1_description/environment/ament_prefix_path.sh
[0.136s] -- Up-to-date: /home/wangkun/z1_ros2_ws/install/z1_description/share/z1_description/environment/ament_prefix_path.dsv
[0.136s] -- Up-to-date: /home/wangkun/z1_ros2_ws/install/z1_description/share/z1_description/environment/path.sh
[0.136s] -- Up-to-date: /home/wangkun/z1_ros2_ws/install/z1_description/share/z1_description/environment/path.dsv
[0.136s] -- Up-to-date: /home/wangkun/z1_ros2_ws/install/z1_description/share/z1_description/local_setup.bash
[0.136s] -- Up-to-date: /home/wangkun/z1_ros2_ws/install/z1_description/share/z1_description/local_setup.sh
[0.136s] -- Up-to-date: /home/wangkun/z1_ros2_ws/install/z1_description/share/z1_description/local_setup.zsh
[0.136s] -- Up-to-date: /home/wangkun/z1_ros2_ws/install/z1_description/share/z1_description/local_setup.dsv
[0.136s] -- Installing: /home/wangkun/z1_ros2_ws/install/z1_description/share/z1_description/package.dsv
[0.136s] -- Up-to-date: /home/wangkun/z1_ros2_ws/install/z1_description/share/ament_index/resource_index/packages/z1_description
[0.136s] -- Up-to-date: /home/wangkun/z1_ros2_ws/install/z1_description/share/z1_description/cmake/z1_descriptionConfig.cmake
[0.136s] -- Up-to-date: /home/wangkun/z1_ros2_ws/install/z1_description/share/z1_description/cmake/z1_descriptionConfig-version.cmake
[0.136s] -- Up-to-date: /home/wangkun/z1_ros2_ws/install/z1_description/share/z1_description/package.xml
[0.137s] Invoked command in '/home/wangkun/z1_ros2_ws/build/z1_description' returned '0': CMAKE_PREFIX_PATH=${CMAKE_PREFIX_PATH}:/opt/ros/humble /usr/bin/cmake --install /home/wangkun/z1_ros2_ws/build/z1_description
