[0.207s] DEBUG:colcon:Command line arguments: ['/usr/bin/colcon', 'build', '--packages-select', 'z1_bringup', 'z1_examples']
[0.208s] DEBUG:colcon:Parsed command line arguments: Namespace(log_base=None, log_level=None, verb_name='build', build_base='build', install_base='install', merge_install=False, symlink_install=False, test_result_base=None, continue_on_error=False, executor='parallel', parallel_workers=4, event_handlers=None, ignore_user_meta=False, metas=['./colcon.meta'], base_paths=['.'], packages_ignore=None, packages_ignore_regex=None, paths=None, packages_up_to=None, packages_up_to_regex=None, packages_above=None, packages_above_and_dependencies=None, packages_above_depth=None, packages_select_by_dep=None, packages_skip_by_dep=None, packages_skip_up_to=None, packages_select_build_failed=False, packages_skip_build_finished=False, packages_select_test_failures=False, packages_skip_test_passed=False, packages_select=['z1_bringup', 'z1_examples'], packages_skip=None, packages_select_regex=None, packages_skip_regex=None, packages_start=None, packages_end=None, allow_overriding=[], cmake_args=None, cmake_target=None, cmake_target_skip_unavailable=False, cmake_clean_cache=False, cmake_clean_first=False, cmake_force_configure=False, ament_cmake_args=None, catkin_cmake_args=None, catkin_skip_building_tests=False, verb_parser=<colcon_defaults.argument_parser.defaults.DefaultArgumentsDecorator object at 0x79a2e2b04e50>, verb_extension=<colcon_core.verb.build.BuildVerb object at 0x79a2e2b044c0>, main=<bound method BuildVerb.main of <colcon_core.verb.build.BuildVerb object at 0x79a2e2b044c0>>)
[0.596s] Level 1:colcon.colcon_core.package_discovery:discover_packages(colcon_meta) check parameters
[0.597s] Level 1:colcon.colcon_core.package_discovery:discover_packages(recursive) check parameters
[0.597s] Level 1:colcon.colcon_core.package_discovery:discover_packages(ignore) check parameters
[0.597s] Level 1:colcon.colcon_core.package_discovery:discover_packages(path) check parameters
[0.597s] Level 1:colcon.colcon_core.package_discovery:discover_packages(colcon_meta) discover
[0.597s] Level 1:colcon.colcon_core.package_discovery:discover_packages(recursive) discover
[0.597s] INFO:colcon.colcon_core.package_discovery:Crawling recursively for packages in '/home/wangkun/z1_ros2_ws'
[0.597s] Level 1:colcon.colcon_core.package_identification:_identify(.) by extensions ['ignore', 'ignore_ament_install']
[0.597s] Level 1:colcon.colcon_core.package_identification:_identify(.) by extension 'ignore'
[0.597s] Level 1:colcon.colcon_core.package_identification:_identify(.) by extension 'ignore_ament_install'
[0.597s] Level 1:colcon.colcon_core.package_identification:_identify(.) by extensions ['colcon_pkg']
[0.597s] Level 1:colcon.colcon_core.package_identification:_identify(.) by extension 'colcon_pkg'
[0.597s] Level 1:colcon.colcon_core.package_identification:_identify(.) by extensions ['colcon_meta']
[0.597s] Level 1:colcon.colcon_core.package_identification:_identify(.) by extension 'colcon_meta'
[0.598s] Level 1:colcon.colcon_core.package_identification:_identify(.) by extensions ['ros']
[0.598s] Level 1:colcon.colcon_core.package_identification:_identify(.) by extension 'ros'
[0.608s] Level 1:colcon.colcon_core.package_identification:_identify(.) by extensions ['cmake', 'python']
[0.608s] Level 1:colcon.colcon_core.package_identification:_identify(.) by extension 'cmake'
[0.608s] Level 1:colcon.colcon_core.package_identification:_identify(.) by extension 'python'
[0.608s] Level 1:colcon.colcon_core.package_identification:_identify(.) by extensions ['python_setup_py']
[0.608s] Level 1:colcon.colcon_core.package_identification:_identify(.) by extension 'python_setup_py'
[0.608s] Level 1:colcon.colcon_core.package_identification:_identify(build) by extensions ['ignore', 'ignore_ament_install']
[0.608s] Level 1:colcon.colcon_core.package_identification:_identify(build) by extension 'ignore'
[0.608s] Level 1:colcon.colcon_core.package_identification:_identify(build) ignored
[0.608s] Level 1:colcon.colcon_core.package_identification:_identify(install) by extensions ['ignore', 'ignore_ament_install']
[0.608s] Level 1:colcon.colcon_core.package_identification:_identify(install) by extension 'ignore'
[0.609s] Level 1:colcon.colcon_core.package_identification:_identify(install) ignored
[0.609s] Level 1:colcon.colcon_core.package_identification:_identify(log) by extensions ['ignore', 'ignore_ament_install']
[0.609s] Level 1:colcon.colcon_core.package_identification:_identify(log) by extension 'ignore'
[0.609s] Level 1:colcon.colcon_core.package_identification:_identify(log) ignored
[0.609s] Level 1:colcon.colcon_core.package_identification:_identify(src) by extensions ['ignore', 'ignore_ament_install']
[0.609s] Level 1:colcon.colcon_core.package_identification:_identify(src) by extension 'ignore'
[0.609s] Level 1:colcon.colcon_core.package_identification:_identify(src) by extension 'ignore_ament_install'
[0.609s] Level 1:colcon.colcon_core.package_identification:_identify(src) by extensions ['colcon_pkg']
[0.609s] Level 1:colcon.colcon_core.package_identification:_identify(src) by extension 'colcon_pkg'
[0.609s] Level 1:colcon.colcon_core.package_identification:_identify(src) by extensions ['colcon_meta']
[0.609s] Level 1:colcon.colcon_core.package_identification:_identify(src) by extension 'colcon_meta'
[0.609s] Level 1:colcon.colcon_core.package_identification:_identify(src) by extensions ['ros']
[0.609s] Level 1:colcon.colcon_core.package_identification:_identify(src) by extension 'ros'
[0.609s] Level 1:colcon.colcon_core.package_identification:_identify(src) by extensions ['cmake', 'python']
[0.610s] Level 1:colcon.colcon_core.package_identification:_identify(src) by extension 'cmake'
[0.610s] Level 1:colcon.colcon_core.package_identification:_identify(src) by extension 'python'
[0.610s] Level 1:colcon.colcon_core.package_identification:_identify(src) by extensions ['python_setup_py']
[0.610s] Level 1:colcon.colcon_core.package_identification:_identify(src) by extension 'python_setup_py'
[0.610s] Level 1:colcon.colcon_core.package_identification:_identify(src/z1_ros2) by extensions ['ignore', 'ignore_ament_install']
[0.610s] Level 1:colcon.colcon_core.package_identification:_identify(src/z1_ros2) by extension 'ignore'
[0.610s] Level 1:colcon.colcon_core.package_identification:_identify(src/z1_ros2) by extension 'ignore_ament_install'
[0.610s] Level 1:colcon.colcon_core.package_identification:_identify(src/z1_ros2) by extensions ['colcon_pkg']
[0.610s] Level 1:colcon.colcon_core.package_identification:_identify(src/z1_ros2) by extension 'colcon_pkg'
[0.610s] Level 1:colcon.colcon_core.package_identification:_identify(src/z1_ros2) by extensions ['colcon_meta']
[0.610s] Level 1:colcon.colcon_core.package_identification:_identify(src/z1_ros2) by extension 'colcon_meta'
[0.610s] Level 1:colcon.colcon_core.package_identification:_identify(src/z1_ros2) by extensions ['ros']
[0.610s] Level 1:colcon.colcon_core.package_identification:_identify(src/z1_ros2) by extension 'ros'
[0.610s] Level 1:colcon.colcon_core.package_identification:_identify(src/z1_ros2) by extensions ['cmake', 'python']
[0.610s] Level 1:colcon.colcon_core.package_identification:_identify(src/z1_ros2) by extension 'cmake'
[0.610s] Level 1:colcon.colcon_core.package_identification:_identify(src/z1_ros2) by extension 'python'
[0.610s] Level 1:colcon.colcon_core.package_identification:_identify(src/z1_ros2) by extensions ['python_setup_py']
[0.610s] Level 1:colcon.colcon_core.package_identification:_identify(src/z1_ros2) by extension 'python_setup_py'
[0.611s] Level 1:colcon.colcon_core.package_identification:_identify(src/z1_ros2/docs) by extensions ['ignore', 'ignore_ament_install']
[0.611s] Level 1:colcon.colcon_core.package_identification:_identify(src/z1_ros2/docs) by extension 'ignore'
[0.611s] Level 1:colcon.colcon_core.package_identification:_identify(src/z1_ros2/docs) by extension 'ignore_ament_install'
[0.611s] Level 1:colcon.colcon_core.package_identification:_identify(src/z1_ros2/docs) by extensions ['colcon_pkg']
[0.611s] Level 1:colcon.colcon_core.package_identification:_identify(src/z1_ros2/docs) by extension 'colcon_pkg'
[0.611s] Level 1:colcon.colcon_core.package_identification:_identify(src/z1_ros2/docs) by extensions ['colcon_meta']
[0.611s] Level 1:colcon.colcon_core.package_identification:_identify(src/z1_ros2/docs) by extension 'colcon_meta'
[0.611s] Level 1:colcon.colcon_core.package_identification:_identify(src/z1_ros2/docs) by extensions ['ros']
[0.611s] Level 1:colcon.colcon_core.package_identification:_identify(src/z1_ros2/docs) by extension 'ros'
[0.611s] Level 1:colcon.colcon_core.package_identification:_identify(src/z1_ros2/docs) by extensions ['cmake', 'python']
[0.611s] Level 1:colcon.colcon_core.package_identification:_identify(src/z1_ros2/docs) by extension 'cmake'
[0.611s] Level 1:colcon.colcon_core.package_identification:_identify(src/z1_ros2/docs) by extension 'python'
[0.611s] Level 1:colcon.colcon_core.package_identification:_identify(src/z1_ros2/docs) by extensions ['python_setup_py']
[0.611s] Level 1:colcon.colcon_core.package_identification:_identify(src/z1_ros2/docs) by extension 'python_setup_py'
[0.611s] Level 1:colcon.colcon_core.package_identification:_identify(src/z1_ros2/docs/resources) by extensions ['ignore', 'ignore_ament_install']
[0.612s] Level 1:colcon.colcon_core.package_identification:_identify(src/z1_ros2/docs/resources) by extension 'ignore'
[0.612s] Level 1:colcon.colcon_core.package_identification:_identify(src/z1_ros2/docs/resources) by extension 'ignore_ament_install'
[0.612s] Level 1:colcon.colcon_core.package_identification:_identify(src/z1_ros2/docs/resources) by extensions ['colcon_pkg']
[0.612s] Level 1:colcon.colcon_core.package_identification:_identify(src/z1_ros2/docs/resources) by extension 'colcon_pkg'
[0.612s] Level 1:colcon.colcon_core.package_identification:_identify(src/z1_ros2/docs/resources) by extensions ['colcon_meta']
[0.612s] Level 1:colcon.colcon_core.package_identification:_identify(src/z1_ros2/docs/resources) by extension 'colcon_meta'
[0.612s] Level 1:colcon.colcon_core.package_identification:_identify(src/z1_ros2/docs/resources) by extensions ['ros']
[0.612s] Level 1:colcon.colcon_core.package_identification:_identify(src/z1_ros2/docs/resources) by extension 'ros'
[0.612s] Level 1:colcon.colcon_core.package_identification:_identify(src/z1_ros2/docs/resources) by extensions ['cmake', 'python']
[0.612s] Level 1:colcon.colcon_core.package_identification:_identify(src/z1_ros2/docs/resources) by extension 'cmake'
[0.612s] Level 1:colcon.colcon_core.package_identification:_identify(src/z1_ros2/docs/resources) by extension 'python'
[0.612s] Level 1:colcon.colcon_core.package_identification:_identify(src/z1_ros2/docs/resources) by extensions ['python_setup_py']
[0.612s] Level 1:colcon.colcon_core.package_identification:_identify(src/z1_ros2/docs/resources) by extension 'python_setup_py'
[0.612s] Level 1:colcon.colcon_core.package_identification:_identify(src/z1_ros2/z1_bringup) by extensions ['ignore', 'ignore_ament_install']
[0.612s] Level 1:colcon.colcon_core.package_identification:_identify(src/z1_ros2/z1_bringup) by extension 'ignore'
[0.612s] Level 1:colcon.colcon_core.package_identification:_identify(src/z1_ros2/z1_bringup) by extension 'ignore_ament_install'
[0.613s] Level 1:colcon.colcon_core.package_identification:_identify(src/z1_ros2/z1_bringup) by extensions ['colcon_pkg']
[0.613s] Level 1:colcon.colcon_core.package_identification:_identify(src/z1_ros2/z1_bringup) by extension 'colcon_pkg'
[0.613s] Level 1:colcon.colcon_core.package_identification:_identify(src/z1_ros2/z1_bringup) by extensions ['colcon_meta']
[0.613s] Level 1:colcon.colcon_core.package_identification:_identify(src/z1_ros2/z1_bringup) by extension 'colcon_meta'
[0.613s] Level 1:colcon.colcon_core.package_identification:_identify(src/z1_ros2/z1_bringup) by extensions ['ros']
[0.613s] Level 1:colcon.colcon_core.package_identification:_identify(src/z1_ros2/z1_bringup) by extension 'ros'
[0.615s] DEBUG:colcon.colcon_core.package_identification:Package 'src/z1_ros2/z1_bringup' with type 'ros.ament_cmake' and name 'z1_bringup'
[0.615s] Level 1:colcon.colcon_core.package_identification:_identify(src/z1_ros2/z1_description) by extensions ['ignore', 'ignore_ament_install']
[0.615s] Level 1:colcon.colcon_core.package_identification:_identify(src/z1_ros2/z1_description) by extension 'ignore'
[0.615s] Level 1:colcon.colcon_core.package_identification:_identify(src/z1_ros2/z1_description) by extension 'ignore_ament_install'
[0.615s] Level 1:colcon.colcon_core.package_identification:_identify(src/z1_ros2/z1_description) by extensions ['colcon_pkg']
[0.615s] Level 1:colcon.colcon_core.package_identification:_identify(src/z1_ros2/z1_description) by extension 'colcon_pkg'
[0.615s] Level 1:colcon.colcon_core.package_identification:_identify(src/z1_ros2/z1_description) by extensions ['colcon_meta']
[0.615s] Level 1:colcon.colcon_core.package_identification:_identify(src/z1_ros2/z1_description) by extension 'colcon_meta'
[0.615s] Level 1:colcon.colcon_core.package_identification:_identify(src/z1_ros2/z1_description) by extensions ['ros']
[0.615s] Level 1:colcon.colcon_core.package_identification:_identify(src/z1_ros2/z1_description) by extension 'ros'
[0.616s] DEBUG:colcon.colcon_core.package_identification:Package 'src/z1_ros2/z1_description' with type 'ros.ament_cmake' and name 'z1_description'
[0.616s] Level 1:colcon.colcon_core.package_identification:_identify(src/z1_ros2/z1_examples) by extensions ['ignore', 'ignore_ament_install']
[0.616s] Level 1:colcon.colcon_core.package_identification:_identify(src/z1_ros2/z1_examples) by extension 'ignore'
[0.617s] Level 1:colcon.colcon_core.package_identification:_identify(src/z1_ros2/z1_examples) by extension 'ignore_ament_install'
[0.617s] Level 1:colcon.colcon_core.package_identification:_identify(src/z1_ros2/z1_examples) by extensions ['colcon_pkg']
[0.617s] Level 1:colcon.colcon_core.package_identification:_identify(src/z1_ros2/z1_examples) by extension 'colcon_pkg'
[0.617s] Level 1:colcon.colcon_core.package_identification:_identify(src/z1_ros2/z1_examples) by extensions ['colcon_meta']
[0.617s] Level 1:colcon.colcon_core.package_identification:_identify(src/z1_ros2/z1_examples) by extension 'colcon_meta'
[0.617s] Level 1:colcon.colcon_core.package_identification:_identify(src/z1_ros2/z1_examples) by extensions ['ros']
[0.617s] Level 1:colcon.colcon_core.package_identification:_identify(src/z1_ros2/z1_examples) by extension 'ros'
[0.618s] DEBUG:colcon.colcon_core.package_identification:Package 'src/z1_ros2/z1_examples' with type 'ros.ament_cmake' and name 'z1_examples'
[0.618s] Level 1:colcon.colcon_core.package_identification:_identify(src/z1_ros2/z1_hardware_interface) by extensions ['ignore', 'ignore_ament_install']
[0.618s] Level 1:colcon.colcon_core.package_identification:_identify(src/z1_ros2/z1_hardware_interface) by extension 'ignore'
[0.618s] Level 1:colcon.colcon_core.package_identification:_identify(src/z1_ros2/z1_hardware_interface) by extension 'ignore_ament_install'
[0.618s] Level 1:colcon.colcon_core.package_identification:_identify(src/z1_ros2/z1_hardware_interface) by extensions ['colcon_pkg']
[0.618s] Level 1:colcon.colcon_core.package_identification:_identify(src/z1_ros2/z1_hardware_interface) by extension 'colcon_pkg'
[0.618s] Level 1:colcon.colcon_core.package_identification:_identify(src/z1_ros2/z1_hardware_interface) by extensions ['colcon_meta']
[0.618s] Level 1:colcon.colcon_core.package_identification:_identify(src/z1_ros2/z1_hardware_interface) by extension 'colcon_meta'
[0.618s] Level 1:colcon.colcon_core.package_identification:_identify(src/z1_ros2/z1_hardware_interface) by extensions ['ros']
[0.618s] Level 1:colcon.colcon_core.package_identification:_identify(src/z1_ros2/z1_hardware_interface) by extension 'ros'
[0.619s] DEBUG:colcon.colcon_core.package_identification:Package 'src/z1_ros2/z1_hardware_interface' with type 'ros.ament_cmake' and name 'z1_hardware_interface'
[0.619s] Level 1:colcon.colcon_core.package_identification:_identify(src/z1_ros2/z1_moveit) by extensions ['ignore', 'ignore_ament_install']
[0.619s] Level 1:colcon.colcon_core.package_identification:_identify(src/z1_ros2/z1_moveit) by extension 'ignore'
[0.619s] Level 1:colcon.colcon_core.package_identification:_identify(src/z1_ros2/z1_moveit) by extension 'ignore_ament_install'
[0.620s] Level 1:colcon.colcon_core.package_identification:_identify(src/z1_ros2/z1_moveit) by extensions ['colcon_pkg']
[0.620s] Level 1:colcon.colcon_core.package_identification:_identify(src/z1_ros2/z1_moveit) by extension 'colcon_pkg'
[0.620s] Level 1:colcon.colcon_core.package_identification:_identify(src/z1_ros2/z1_moveit) by extensions ['colcon_meta']
[0.620s] Level 1:colcon.colcon_core.package_identification:_identify(src/z1_ros2/z1_moveit) by extension 'colcon_meta'
[0.620s] Level 1:colcon.colcon_core.package_identification:_identify(src/z1_ros2/z1_moveit) by extensions ['ros']
[0.620s] Level 1:colcon.colcon_core.package_identification:_identify(src/z1_ros2/z1_moveit) by extension 'ros'
[0.621s] DEBUG:colcon.colcon_core.package_identification:Package 'src/z1_ros2/z1_moveit' with type 'ros.ament_cmake' and name 'z1_moveit'
[0.621s] Level 1:colcon.colcon_core.package_discovery:discover_packages(recursive) using defaults
[0.621s] Level 1:colcon.colcon_core.package_discovery:discover_packages(ignore) discover
[0.621s] Level 1:colcon.colcon_core.package_discovery:discover_packages(ignore) using defaults
[0.621s] Level 1:colcon.colcon_core.package_discovery:discover_packages(path) discover
[0.621s] Level 1:colcon.colcon_core.package_discovery:discover_packages(path) using defaults
[0.664s] INFO:colcon.colcon_core.package_selection:Skipping not selected package 'z1_description' in 'src/z1_ros2/z1_description'
[0.664s] INFO:colcon.colcon_core.package_selection:Skipping not selected package 'z1_hardware_interface' in 'src/z1_ros2/z1_hardware_interface'
[0.664s] INFO:colcon.colcon_core.package_selection:Skipping not selected package 'z1_moveit' in 'src/z1_ros2/z1_moveit'
[0.665s] Level 1:colcon.colcon_core.package_discovery:discover_packages(prefix_path) check parameters
[0.665s] Level 1:colcon.colcon_core.package_discovery:discover_packages(prefix_path) discover
[0.669s] DEBUG:colcon.colcon_installed_package_information.package_discovery:Found 5 installed packages in /home/wangkun/z1_ros2_ws/install
[0.671s] DEBUG:colcon.colcon_installed_package_information.package_discovery:Found 366 installed packages in /opt/ros/humble
[0.672s] Level 1:colcon.colcon_core.package_discovery:discover_packages(prefix_path) using defaults
[0.725s] Level 5:colcon.colcon_core.verb:set package 'z1_bringup' build argument 'cmake_args' from command line to 'None'
[0.725s] Level 5:colcon.colcon_core.verb:set package 'z1_bringup' build argument 'cmake_target' from command line to 'None'
[0.725s] Level 5:colcon.colcon_core.verb:set package 'z1_bringup' build argument 'cmake_target_skip_unavailable' from command line to 'False'
[0.725s] Level 5:colcon.colcon_core.verb:set package 'z1_bringup' build argument 'cmake_clean_cache' from command line to 'False'
[0.725s] Level 5:colcon.colcon_core.verb:set package 'z1_bringup' build argument 'cmake_clean_first' from command line to 'False'
[0.725s] Level 5:colcon.colcon_core.verb:set package 'z1_bringup' build argument 'cmake_force_configure' from command line to 'False'
[0.725s] Level 5:colcon.colcon_core.verb:set package 'z1_bringup' build argument 'ament_cmake_args' from command line to 'None'
[0.725s] Level 5:colcon.colcon_core.verb:set package 'z1_bringup' build argument 'catkin_cmake_args' from command line to 'None'
[0.725s] Level 5:colcon.colcon_core.verb:set package 'z1_bringup' build argument 'catkin_skip_building_tests' from command line to 'False'
[0.725s] DEBUG:colcon.colcon_core.verb:Building package 'z1_bringup' with the following arguments: {'ament_cmake_args': None, 'build_base': '/home/wangkun/z1_ros2_ws/build/z1_bringup', 'catkin_cmake_args': None, 'catkin_skip_building_tests': False, 'cmake_args': None, 'cmake_clean_cache': False, 'cmake_clean_first': False, 'cmake_force_configure': False, 'cmake_target': None, 'cmake_target_skip_unavailable': False, 'install_base': '/home/wangkun/z1_ros2_ws/install/z1_bringup', 'merge_install': False, 'path': '/home/wangkun/z1_ros2_ws/src/z1_ros2/z1_bringup', 'symlink_install': False, 'test_result_base': None}
[0.726s] Level 5:colcon.colcon_core.verb:set package 'z1_examples' build argument 'cmake_args' from command line to 'None'
[0.726s] Level 5:colcon.colcon_core.verb:set package 'z1_examples' build argument 'cmake_target' from command line to 'None'
[0.726s] Level 5:colcon.colcon_core.verb:set package 'z1_examples' build argument 'cmake_target_skip_unavailable' from command line to 'False'
[0.726s] Level 5:colcon.colcon_core.verb:set package 'z1_examples' build argument 'cmake_clean_cache' from command line to 'False'
[0.726s] Level 5:colcon.colcon_core.verb:set package 'z1_examples' build argument 'cmake_clean_first' from command line to 'False'
[0.726s] Level 5:colcon.colcon_core.verb:set package 'z1_examples' build argument 'cmake_force_configure' from command line to 'False'
[0.726s] Level 5:colcon.colcon_core.verb:set package 'z1_examples' build argument 'ament_cmake_args' from command line to 'None'
[0.726s] Level 5:colcon.colcon_core.verb:set package 'z1_examples' build argument 'catkin_cmake_args' from command line to 'None'
[0.726s] Level 5:colcon.colcon_core.verb:set package 'z1_examples' build argument 'catkin_skip_building_tests' from command line to 'False'
[0.726s] DEBUG:colcon.colcon_core.verb:Building package 'z1_examples' with the following arguments: {'ament_cmake_args': None, 'build_base': '/home/wangkun/z1_ros2_ws/build/z1_examples', 'catkin_cmake_args': None, 'catkin_skip_building_tests': False, 'cmake_args': None, 'cmake_clean_cache': False, 'cmake_clean_first': False, 'cmake_force_configure': False, 'cmake_target': None, 'cmake_target_skip_unavailable': False, 'install_base': '/home/wangkun/z1_ros2_ws/install/z1_examples', 'merge_install': False, 'path': '/home/wangkun/z1_ros2_ws/src/z1_ros2/z1_examples', 'symlink_install': False, 'test_result_base': None}
[0.726s] INFO:colcon.colcon_core.executor:Executing jobs using 'parallel' executor
[0.728s] DEBUG:colcon.colcon_parallel_executor.executor.parallel:run_until_complete
[0.728s] INFO:colcon.colcon_ros.task.ament_cmake.build:Building ROS package in '/home/wangkun/z1_ros2_ws/src/z1_ros2/z1_bringup' with build type 'ament_cmake'
[0.728s] INFO:colcon.colcon_cmake.task.cmake.build:Building CMake package in '/home/wangkun/z1_ros2_ws/src/z1_ros2/z1_bringup'
[0.738s] INFO:colcon.colcon_core.plugin_system:Skipping extension 'colcon_core.shell.bat': Not used on non-Windows systems
[0.738s] INFO:colcon.colcon_core.shell:Skip shell extension 'powershell' for command environment: Not usable outside of PowerShell
[0.738s] DEBUG:colcon.colcon_core.shell:Skip shell extension 'dsv' for command environment
[0.763s] DEBUG:colcon.colcon_core.event_handler.log_command:Invoking command in '/home/wangkun/z1_ros2_ws/build/z1_bringup': CMAKE_PREFIX_PATH=/home/wangkun/z1_ros2_ws/install/z1_hardware_interface:/home/wangkun/z1_ros2_ws/install/z1_description:/home/wangkun/z1_ros2_ws/install/z1_moveit:/home/wangkun/z1_ros2_ws/install/z1_examples:/home/wangkun/z1_ros2_ws/install/z1_bringup:/opt/ros/humble /usr/bin/cmake --build /home/wangkun/z1_ros2_ws/build/z1_bringup -- -j4 -l4
[1.108s] DEBUG:colcon.colcon_core.event_handler.log_command:Invoked command in '/home/wangkun/z1_ros2_ws/build/z1_bringup' returned '0': CMAKE_PREFIX_PATH=/home/wangkun/z1_ros2_ws/install/z1_hardware_interface:/home/wangkun/z1_ros2_ws/install/z1_description:/home/wangkun/z1_ros2_ws/install/z1_moveit:/home/wangkun/z1_ros2_ws/install/z1_examples:/home/wangkun/z1_ros2_ws/install/z1_bringup:/opt/ros/humble /usr/bin/cmake --build /home/wangkun/z1_ros2_ws/build/z1_bringup -- -j4 -l4
[1.122s] DEBUG:colcon.colcon_core.event_handler.log_command:Invoking command in '/home/wangkun/z1_ros2_ws/build/z1_bringup': CMAKE_PREFIX_PATH=/home/wangkun/z1_ros2_ws/install/z1_hardware_interface:/home/wangkun/z1_ros2_ws/install/z1_description:/home/wangkun/z1_ros2_ws/install/z1_moveit:/home/wangkun/z1_ros2_ws/install/z1_examples:/home/wangkun/z1_ros2_ws/install/z1_bringup:/opt/ros/humble /usr/bin/cmake --install /home/wangkun/z1_ros2_ws/build/z1_bringup
[1.135s] Level 1:colcon.colcon_core.environment:create_environment_scripts_only(z1_bringup)
[1.136s] DEBUG:colcon.colcon_core.event_handler.log_command:Invoked command in '/home/wangkun/z1_ros2_ws/build/z1_bringup' returned '0': CMAKE_PREFIX_PATH=/home/wangkun/z1_ros2_ws/install/z1_hardware_interface:/home/wangkun/z1_ros2_ws/install/z1_description:/home/wangkun/z1_ros2_ws/install/z1_moveit:/home/wangkun/z1_ros2_ws/install/z1_examples:/home/wangkun/z1_ros2_ws/install/z1_bringup:/opt/ros/humble /usr/bin/cmake --install /home/wangkun/z1_ros2_ws/build/z1_bringup
[1.143s] Level 1:colcon.colcon_core.environment:checking '/home/wangkun/z1_ros2_ws/install/z1_bringup' for CMake module files
[1.143s] Level 1:colcon.colcon_core.environment:checking '/home/wangkun/z1_ros2_ws/install/z1_bringup' for CMake config files
[1.144s] Level 1:colcon.colcon_core.shell:create_environment_hook('z1_bringup', 'cmake_prefix_path')
[1.144s] INFO:colcon.colcon_core.shell:Creating environment hook '/home/wangkun/z1_ros2_ws/install/z1_bringup/share/z1_bringup/hook/cmake_prefix_path.ps1'
[1.146s] INFO:colcon.colcon_core.shell:Creating environment descriptor '/home/wangkun/z1_ros2_ws/install/z1_bringup/share/z1_bringup/hook/cmake_prefix_path.dsv'
[1.147s] INFO:colcon.colcon_core.shell:Creating environment hook '/home/wangkun/z1_ros2_ws/install/z1_bringup/share/z1_bringup/hook/cmake_prefix_path.sh'
[1.149s] Level 1:colcon.colcon_core.environment:checking '/home/wangkun/z1_ros2_ws/install/z1_bringup/bin'
[1.149s] Level 1:colcon.colcon_core.environment:checking '/home/wangkun/z1_ros2_ws/install/z1_bringup/lib/pkgconfig/z1_bringup.pc'
[1.149s] Level 1:colcon.colcon_core.environment:checking '/home/wangkun/z1_ros2_ws/install/z1_bringup/lib/python3.10/site-packages'
[1.149s] Level 1:colcon.colcon_core.environment:checking '/home/wangkun/z1_ros2_ws/install/z1_bringup/bin'
[1.150s] INFO:colcon.colcon_core.shell:Creating package script '/home/wangkun/z1_ros2_ws/install/z1_bringup/share/z1_bringup/package.ps1'
[1.152s] INFO:colcon.colcon_core.shell:Creating package descriptor '/home/wangkun/z1_ros2_ws/install/z1_bringup/share/z1_bringup/package.dsv'
[1.154s] INFO:colcon.colcon_core.shell:Creating package script '/home/wangkun/z1_ros2_ws/install/z1_bringup/share/z1_bringup/package.sh'
[1.155s] INFO:colcon.colcon_core.shell:Creating package script '/home/wangkun/z1_ros2_ws/install/z1_bringup/share/z1_bringup/package.bash'
[1.157s] INFO:colcon.colcon_core.shell:Creating package script '/home/wangkun/z1_ros2_ws/install/z1_bringup/share/z1_bringup/package.zsh'
[1.159s] Level 1:colcon.colcon_core.environment:create_file_with_runtime_dependencies(/home/wangkun/z1_ros2_ws/install/z1_bringup/share/colcon-core/packages/z1_bringup)
[1.160s] Level 1:colcon.colcon_core.environment:create_environment_scripts_only(z1_bringup)
[1.160s] Level 1:colcon.colcon_core.environment:checking '/home/wangkun/z1_ros2_ws/install/z1_bringup' for CMake module files
[1.160s] Level 1:colcon.colcon_core.environment:checking '/home/wangkun/z1_ros2_ws/install/z1_bringup' for CMake config files
[1.161s] Level 1:colcon.colcon_core.shell:create_environment_hook('z1_bringup', 'cmake_prefix_path')
[1.161s] INFO:colcon.colcon_core.shell:Creating environment hook '/home/wangkun/z1_ros2_ws/install/z1_bringup/share/z1_bringup/hook/cmake_prefix_path.ps1'
[1.161s] INFO:colcon.colcon_core.shell:Creating environment descriptor '/home/wangkun/z1_ros2_ws/install/z1_bringup/share/z1_bringup/hook/cmake_prefix_path.dsv'
[1.162s] INFO:colcon.colcon_core.shell:Creating environment hook '/home/wangkun/z1_ros2_ws/install/z1_bringup/share/z1_bringup/hook/cmake_prefix_path.sh'
[1.163s] Level 1:colcon.colcon_core.environment:checking '/home/wangkun/z1_ros2_ws/install/z1_bringup/bin'
[1.163s] Level 1:colcon.colcon_core.environment:checking '/home/wangkun/z1_ros2_ws/install/z1_bringup/lib/pkgconfig/z1_bringup.pc'
[1.163s] Level 1:colcon.colcon_core.environment:checking '/home/wangkun/z1_ros2_ws/install/z1_bringup/lib/python3.10/site-packages'
[1.163s] Level 1:colcon.colcon_core.environment:checking '/home/wangkun/z1_ros2_ws/install/z1_bringup/bin'
[1.164s] INFO:colcon.colcon_core.shell:Creating package script '/home/wangkun/z1_ros2_ws/install/z1_bringup/share/z1_bringup/package.ps1'
[1.164s] INFO:colcon.colcon_core.shell:Creating package descriptor '/home/wangkun/z1_ros2_ws/install/z1_bringup/share/z1_bringup/package.dsv'
[1.165s] INFO:colcon.colcon_core.shell:Creating package script '/home/wangkun/z1_ros2_ws/install/z1_bringup/share/z1_bringup/package.sh'
[1.166s] INFO:colcon.colcon_core.shell:Creating package script '/home/wangkun/z1_ros2_ws/install/z1_bringup/share/z1_bringup/package.bash'
[1.166s] INFO:colcon.colcon_core.shell:Creating package script '/home/wangkun/z1_ros2_ws/install/z1_bringup/share/z1_bringup/package.zsh'
[1.167s] Level 1:colcon.colcon_core.environment:create_file_with_runtime_dependencies(/home/wangkun/z1_ros2_ws/install/z1_bringup/share/colcon-core/packages/z1_bringup)
[1.167s] INFO:colcon.colcon_ros.task.ament_cmake.build:Building ROS package in '/home/wangkun/z1_ros2_ws/src/z1_ros2/z1_examples' with build type 'ament_cmake'
[1.168s] INFO:colcon.colcon_cmake.task.cmake.build:Building CMake package in '/home/wangkun/z1_ros2_ws/src/z1_ros2/z1_examples'
[1.168s] INFO:colcon.colcon_core.shell:Skip shell extension 'powershell' for command environment: Not usable outside of PowerShell
[1.168s] DEBUG:colcon.colcon_core.shell:Skip shell extension 'dsv' for command environment
[1.187s] DEBUG:colcon.colcon_core.event_handler.log_command:Invoking command in '/home/wangkun/z1_ros2_ws/build/z1_examples': CMAKE_PREFIX_PATH=/home/wangkun/z1_ros2_ws/install/z1_bringup:/home/wangkun/z1_ros2_ws/install/z1_hardware_interface:/home/wangkun/z1_ros2_ws/install/z1_description:/home/wangkun/z1_ros2_ws/install/z1_moveit:/home/wangkun/z1_ros2_ws/install/z1_examples:/opt/ros/humble /usr/bin/cmake /home/wangkun/z1_ros2_ws/src/z1_ros2/z1_examples -DCMAKE_INSTALL_PREFIX=/home/wangkun/z1_ros2_ws/install/z1_examples
[1.507s] DEBUG:colcon.colcon_core.event_handler.log_command:Invoked command in '/home/wangkun/z1_ros2_ws/build/z1_examples' returned '0': CMAKE_PREFIX_PATH=/home/wangkun/z1_ros2_ws/install/z1_bringup:/home/wangkun/z1_ros2_ws/install/z1_hardware_interface:/home/wangkun/z1_ros2_ws/install/z1_description:/home/wangkun/z1_ros2_ws/install/z1_moveit:/home/wangkun/z1_ros2_ws/install/z1_examples:/opt/ros/humble /usr/bin/cmake /home/wangkun/z1_ros2_ws/src/z1_ros2/z1_examples -DCMAKE_INSTALL_PREFIX=/home/wangkun/z1_ros2_ws/install/z1_examples
[1.508s] DEBUG:colcon.colcon_core.event_handler.log_command:Invoking command in '/home/wangkun/z1_ros2_ws/build/z1_examples': CMAKE_PREFIX_PATH=/home/wangkun/z1_ros2_ws/install/z1_bringup:/home/wangkun/z1_ros2_ws/install/z1_hardware_interface:/home/wangkun/z1_ros2_ws/install/z1_description:/home/wangkun/z1_ros2_ws/install/z1_moveit:/home/wangkun/z1_ros2_ws/install/z1_examples:/opt/ros/humble /usr/bin/cmake --build /home/wangkun/z1_ros2_ws/build/z1_examples -- -j4 -l4
[1.975s] DEBUG:colcon.colcon_core.event_handler.log_command:Invoked command in '/home/wangkun/z1_ros2_ws/build/z1_examples' returned '0': CMAKE_PREFIX_PATH=/home/wangkun/z1_ros2_ws/install/z1_bringup:/home/wangkun/z1_ros2_ws/install/z1_hardware_interface:/home/wangkun/z1_ros2_ws/install/z1_description:/home/wangkun/z1_ros2_ws/install/z1_moveit:/home/wangkun/z1_ros2_ws/install/z1_examples:/opt/ros/humble /usr/bin/cmake --build /home/wangkun/z1_ros2_ws/build/z1_examples -- -j4 -l4
[1.983s] DEBUG:colcon.colcon_core.event_handler.log_command:Invoking command in '/home/wangkun/z1_ros2_ws/build/z1_examples': CMAKE_PREFIX_PATH=/home/wangkun/z1_ros2_ws/install/z1_bringup:/home/wangkun/z1_ros2_ws/install/z1_hardware_interface:/home/wangkun/z1_ros2_ws/install/z1_description:/home/wangkun/z1_ros2_ws/install/z1_moveit:/home/wangkun/z1_ros2_ws/install/z1_examples:/opt/ros/humble /usr/bin/cmake --install /home/wangkun/z1_ros2_ws/build/z1_examples
[2.088s] Level 1:colcon.colcon_core.environment:create_environment_scripts_only(z1_examples)
[2.089s] Level 1:colcon.colcon_core.environment:checking '/home/wangkun/z1_ros2_ws/install/z1_examples' for CMake module files
[2.090s] DEBUG:colcon.colcon_core.event_handler.log_command:Invoked command in '/home/wangkun/z1_ros2_ws/build/z1_examples' returned '0': CMAKE_PREFIX_PATH=/home/wangkun/z1_ros2_ws/install/z1_bringup:/home/wangkun/z1_ros2_ws/install/z1_hardware_interface:/home/wangkun/z1_ros2_ws/install/z1_description:/home/wangkun/z1_ros2_ws/install/z1_moveit:/home/wangkun/z1_ros2_ws/install/z1_examples:/opt/ros/humble /usr/bin/cmake --install /home/wangkun/z1_ros2_ws/build/z1_examples
[2.091s] Level 1:colcon.colcon_core.environment:checking '/home/wangkun/z1_ros2_ws/install/z1_examples' for CMake config files
[2.091s] Level 1:colcon.colcon_core.shell:create_environment_hook('z1_examples', 'cmake_prefix_path')
[2.091s] INFO:colcon.colcon_core.shell:Creating environment hook '/home/wangkun/z1_ros2_ws/install/z1_examples/share/z1_examples/hook/cmake_prefix_path.ps1'
[2.092s] INFO:colcon.colcon_core.shell:Creating environment descriptor '/home/wangkun/z1_ros2_ws/install/z1_examples/share/z1_examples/hook/cmake_prefix_path.dsv'
[2.093s] INFO:colcon.colcon_core.shell:Creating environment hook '/home/wangkun/z1_ros2_ws/install/z1_examples/share/z1_examples/hook/cmake_prefix_path.sh'
[2.095s] Level 1:colcon.colcon_core.environment:checking '/home/wangkun/z1_ros2_ws/install/z1_examples/lib'
[2.095s] Level 1:colcon.colcon_core.environment:checking '/home/wangkun/z1_ros2_ws/install/z1_examples/bin'
[2.096s] Level 1:colcon.colcon_core.environment:checking '/home/wangkun/z1_ros2_ws/install/z1_examples/lib/pkgconfig/z1_examples.pc'
[2.096s] Level 1:colcon.colcon_core.environment:checking '/home/wangkun/z1_ros2_ws/install/z1_examples/lib/python3.10/site-packages'
[2.096s] Level 1:colcon.colcon_core.environment:checking '/home/wangkun/z1_ros2_ws/install/z1_examples/bin'
[2.097s] INFO:colcon.colcon_core.shell:Creating package script '/home/wangkun/z1_ros2_ws/install/z1_examples/share/z1_examples/package.ps1'
[2.098s] INFO:colcon.colcon_core.shell:Creating package descriptor '/home/wangkun/z1_ros2_ws/install/z1_examples/share/z1_examples/package.dsv'
[2.099s] INFO:colcon.colcon_core.shell:Creating package script '/home/wangkun/z1_ros2_ws/install/z1_examples/share/z1_examples/package.sh'
[2.100s] INFO:colcon.colcon_core.shell:Creating package script '/home/wangkun/z1_ros2_ws/install/z1_examples/share/z1_examples/package.bash'
[2.100s] INFO:colcon.colcon_core.shell:Creating package script '/home/wangkun/z1_ros2_ws/install/z1_examples/share/z1_examples/package.zsh'
[2.101s] Level 1:colcon.colcon_core.environment:create_file_with_runtime_dependencies(/home/wangkun/z1_ros2_ws/install/z1_examples/share/colcon-core/packages/z1_examples)
[2.103s] Level 1:colcon.colcon_core.environment:create_environment_scripts_only(z1_examples)
[2.103s] Level 1:colcon.colcon_core.environment:checking '/home/wangkun/z1_ros2_ws/install/z1_examples' for CMake module files
[2.103s] Level 1:colcon.colcon_core.environment:checking '/home/wangkun/z1_ros2_ws/install/z1_examples' for CMake config files
[2.104s] Level 1:colcon.colcon_core.shell:create_environment_hook('z1_examples', 'cmake_prefix_path')
[2.104s] INFO:colcon.colcon_core.shell:Creating environment hook '/home/wangkun/z1_ros2_ws/install/z1_examples/share/z1_examples/hook/cmake_prefix_path.ps1'
[2.105s] INFO:colcon.colcon_core.shell:Creating environment descriptor '/home/wangkun/z1_ros2_ws/install/z1_examples/share/z1_examples/hook/cmake_prefix_path.dsv'
[2.105s] INFO:colcon.colcon_core.shell:Creating environment hook '/home/wangkun/z1_ros2_ws/install/z1_examples/share/z1_examples/hook/cmake_prefix_path.sh'
[2.106s] Level 1:colcon.colcon_core.environment:checking '/home/wangkun/z1_ros2_ws/install/z1_examples/lib'
[2.106s] Level 1:colcon.colcon_core.environment:checking '/home/wangkun/z1_ros2_ws/install/z1_examples/bin'
[2.106s] Level 1:colcon.colcon_core.environment:checking '/home/wangkun/z1_ros2_ws/install/z1_examples/lib/pkgconfig/z1_examples.pc'
[2.107s] Level 1:colcon.colcon_core.environment:checking '/home/wangkun/z1_ros2_ws/install/z1_examples/lib/python3.10/site-packages'
[2.107s] Level 1:colcon.colcon_core.environment:checking '/home/wangkun/z1_ros2_ws/install/z1_examples/bin'
[2.107s] INFO:colcon.colcon_core.shell:Creating package script '/home/wangkun/z1_ros2_ws/install/z1_examples/share/z1_examples/package.ps1'
[2.108s] INFO:colcon.colcon_core.shell:Creating package descriptor '/home/wangkun/z1_ros2_ws/install/z1_examples/share/z1_examples/package.dsv'
[2.109s] INFO:colcon.colcon_core.shell:Creating package script '/home/wangkun/z1_ros2_ws/install/z1_examples/share/z1_examples/package.sh'
[2.110s] INFO:colcon.colcon_core.shell:Creating package script '/home/wangkun/z1_ros2_ws/install/z1_examples/share/z1_examples/package.bash'
[2.110s] INFO:colcon.colcon_core.shell:Creating package script '/home/wangkun/z1_ros2_ws/install/z1_examples/share/z1_examples/package.zsh'
[2.111s] Level 1:colcon.colcon_core.environment:create_file_with_runtime_dependencies(/home/wangkun/z1_ros2_ws/install/z1_examples/share/colcon-core/packages/z1_examples)
[2.111s] DEBUG:colcon.colcon_parallel_executor.executor.parallel:closing loop
[2.111s] DEBUG:colcon.colcon_parallel_executor.executor.parallel:loop closed
[2.112s] DEBUG:colcon.colcon_parallel_executor.executor.parallel:run_until_complete finished with '0'
[2.112s] DEBUG:colcon.colcon_core.event_reactor:joining thread
[2.132s] INFO:colcon.colcon_core.plugin_system:Skipping extension 'colcon_notification.desktop_notification.terminal_notifier': Not used on non-Darwin systems
[2.133s] INFO:colcon.colcon_core.plugin_system:Skipping extension 'colcon_notification.desktop_notification.win32': Not used on non-Windows systems
[2.133s] INFO:colcon.colcon_notification.desktop_notification:Sending desktop notification using 'notify2'
[2.186s] DEBUG:colcon.colcon_core.event_reactor:joined thread
[2.187s] INFO:colcon.colcon_core.shell:Creating prefix script '/home/wangkun/z1_ros2_ws/install/local_setup.ps1'
[2.191s] INFO:colcon.colcon_core.shell:Creating prefix util module '/home/wangkun/z1_ros2_ws/install/_local_setup_util_ps1.py'
[2.195s] INFO:colcon.colcon_core.shell:Creating prefix chain script '/home/wangkun/z1_ros2_ws/install/setup.ps1'
[2.197s] INFO:colcon.colcon_core.shell:Creating prefix script '/home/wangkun/z1_ros2_ws/install/local_setup.sh'
[2.199s] INFO:colcon.colcon_core.shell:Creating prefix util module '/home/wangkun/z1_ros2_ws/install/_local_setup_util_sh.py'
[2.201s] INFO:colcon.colcon_core.shell:Creating prefix chain script '/home/wangkun/z1_ros2_ws/install/setup.sh'
[2.205s] INFO:colcon.colcon_core.shell:Creating prefix script '/home/wangkun/z1_ros2_ws/install/local_setup.bash'
[2.208s] INFO:colcon.colcon_core.shell:Creating prefix chain script '/home/wangkun/z1_ros2_ws/install/setup.bash'
[2.211s] INFO:colcon.colcon_core.shell:Creating prefix script '/home/wangkun/z1_ros2_ws/install/local_setup.zsh'
[2.213s] INFO:colcon.colcon_core.shell:Creating prefix chain script '/home/wangkun/z1_ros2_ws/install/setup.zsh'
