[0.428s] DEBUG:colcon:Command line arguments: ['/usr/bin/colcon', 'build', '--packages-select', 'z1_examples']
[0.428s] DEBUG:colcon:Parsed command line arguments: Namespace(log_base=None, log_level=None, verb_name='build', build_base='build', install_base='install', merge_install=False, symlink_install=False, test_result_base=None, continue_on_error=False, executor='parallel', parallel_workers=4, event_handlers=None, ignore_user_meta=False, metas=['./colcon.meta'], base_paths=['.'], packages_ignore=None, packages_ignore_regex=None, paths=None, packages_up_to=None, packages_up_to_regex=None, packages_above=None, packages_above_and_dependencies=None, packages_above_depth=None, packages_select_by_dep=None, packages_skip_by_dep=None, packages_skip_up_to=None, packages_select_build_failed=False, packages_skip_build_finished=False, packages_select_test_failures=False, packages_skip_test_passed=False, packages_select=['z1_examples'], packages_skip=None, packages_select_regex=None, packages_skip_regex=None, packages_start=None, packages_end=None, allow_overriding=[], cmake_args=None, cmake_target=None, cmake_target_skip_unavailable=False, cmake_clean_cache=False, cmake_clean_first=False, cmake_force_configure=False, ament_cmake_args=None, catkin_cmake_args=None, catkin_skip_building_tests=False, verb_parser=<colcon_defaults.argument_parser.defaults.DefaultArgumentsDecorator object at 0x7bd7a61d0e20>, verb_extension=<colcon_core.verb.build.BuildVerb object at 0x7bd7a61d0490>, main=<bound method BuildVerb.main of <colcon_core.verb.build.BuildVerb object at 0x7bd7a61d0490>>)
[1.309s] Level 1:colcon.colcon_core.package_discovery:discover_packages(colcon_meta) check parameters
[1.310s] Level 1:colcon.colcon_core.package_discovery:discover_packages(recursive) check parameters
[1.310s] Level 1:colcon.colcon_core.package_discovery:discover_packages(ignore) check parameters
[1.310s] Level 1:colcon.colcon_core.package_discovery:discover_packages(path) check parameters
[1.310s] Level 1:colcon.colcon_core.package_discovery:discover_packages(colcon_meta) discover
[1.310s] Level 1:colcon.colcon_core.package_discovery:discover_packages(recursive) discover
[1.310s] INFO:colcon.colcon_core.package_discovery:Crawling recursively for packages in '/home/wangkun/z1_ros2_ws'
[1.311s] Level 1:colcon.colcon_core.package_identification:_identify(.) by extensions ['ignore', 'ignore_ament_install']
[1.311s] Level 1:colcon.colcon_core.package_identification:_identify(.) by extension 'ignore'
[1.311s] Level 1:colcon.colcon_core.package_identification:_identify(.) by extension 'ignore_ament_install'
[1.311s] Level 1:colcon.colcon_core.package_identification:_identify(.) by extensions ['colcon_pkg']
[1.311s] Level 1:colcon.colcon_core.package_identification:_identify(.) by extension 'colcon_pkg'
[1.311s] Level 1:colcon.colcon_core.package_identification:_identify(.) by extensions ['colcon_meta']
[1.311s] Level 1:colcon.colcon_core.package_identification:_identify(.) by extension 'colcon_meta'
[1.311s] Level 1:colcon.colcon_core.package_identification:_identify(.) by extensions ['ros']
[1.311s] Level 1:colcon.colcon_core.package_identification:_identify(.) by extension 'ros'
[1.332s] Level 1:colcon.colcon_core.package_identification:_identify(.) by extensions ['cmake', 'python']
[1.332s] Level 1:colcon.colcon_core.package_identification:_identify(.) by extension 'cmake'
[1.332s] Level 1:colcon.colcon_core.package_identification:_identify(.) by extension 'python'
[1.332s] Level 1:colcon.colcon_core.package_identification:_identify(.) by extensions ['python_setup_py']
[1.332s] Level 1:colcon.colcon_core.package_identification:_identify(.) by extension 'python_setup_py'
[1.333s] Level 1:colcon.colcon_core.package_identification:_identify(build) by extensions ['ignore', 'ignore_ament_install']
[1.333s] Level 1:colcon.colcon_core.package_identification:_identify(build) by extension 'ignore'
[1.333s] Level 1:colcon.colcon_core.package_identification:_identify(build) ignored
[1.333s] Level 1:colcon.colcon_core.package_identification:_identify(install) by extensions ['ignore', 'ignore_ament_install']
[1.333s] Level 1:colcon.colcon_core.package_identification:_identify(install) by extension 'ignore'
[1.333s] Level 1:colcon.colcon_core.package_identification:_identify(install) ignored
[1.334s] Level 1:colcon.colcon_core.package_identification:_identify(log) by extensions ['ignore', 'ignore_ament_install']
[1.334s] Level 1:colcon.colcon_core.package_identification:_identify(log) by extension 'ignore'
[1.334s] Level 1:colcon.colcon_core.package_identification:_identify(log) ignored
[1.334s] Level 1:colcon.colcon_core.package_identification:_identify(src) by extensions ['ignore', 'ignore_ament_install']
[1.334s] Level 1:colcon.colcon_core.package_identification:_identify(src) by extension 'ignore'
[1.334s] Level 1:colcon.colcon_core.package_identification:_identify(src) by extension 'ignore_ament_install'
[1.334s] Level 1:colcon.colcon_core.package_identification:_identify(src) by extensions ['colcon_pkg']
[1.334s] Level 1:colcon.colcon_core.package_identification:_identify(src) by extension 'colcon_pkg'
[1.334s] Level 1:colcon.colcon_core.package_identification:_identify(src) by extensions ['colcon_meta']
[1.335s] Level 1:colcon.colcon_core.package_identification:_identify(src) by extension 'colcon_meta'
[1.335s] Level 1:colcon.colcon_core.package_identification:_identify(src) by extensions ['ros']
[1.335s] Level 1:colcon.colcon_core.package_identification:_identify(src) by extension 'ros'
[1.335s] Level 1:colcon.colcon_core.package_identification:_identify(src) by extensions ['cmake', 'python']
[1.335s] Level 1:colcon.colcon_core.package_identification:_identify(src) by extension 'cmake'
[1.335s] Level 1:colcon.colcon_core.package_identification:_identify(src) by extension 'python'
[1.335s] Level 1:colcon.colcon_core.package_identification:_identify(src) by extensions ['python_setup_py']
[1.335s] Level 1:colcon.colcon_core.package_identification:_identify(src) by extension 'python_setup_py'
[1.335s] Level 1:colcon.colcon_core.package_identification:_identify(src/z1_ros2) by extensions ['ignore', 'ignore_ament_install']
[1.335s] Level 1:colcon.colcon_core.package_identification:_identify(src/z1_ros2) by extension 'ignore'
[1.335s] Level 1:colcon.colcon_core.package_identification:_identify(src/z1_ros2) by extension 'ignore_ament_install'
[1.336s] Level 1:colcon.colcon_core.package_identification:_identify(src/z1_ros2) by extensions ['colcon_pkg']
[1.336s] Level 1:colcon.colcon_core.package_identification:_identify(src/z1_ros2) by extension 'colcon_pkg'
[1.336s] Level 1:colcon.colcon_core.package_identification:_identify(src/z1_ros2) by extensions ['colcon_meta']
[1.336s] Level 1:colcon.colcon_core.package_identification:_identify(src/z1_ros2) by extension 'colcon_meta'
[1.336s] Level 1:colcon.colcon_core.package_identification:_identify(src/z1_ros2) by extensions ['ros']
[1.336s] Level 1:colcon.colcon_core.package_identification:_identify(src/z1_ros2) by extension 'ros'
[1.336s] Level 1:colcon.colcon_core.package_identification:_identify(src/z1_ros2) by extensions ['cmake', 'python']
[1.336s] Level 1:colcon.colcon_core.package_identification:_identify(src/z1_ros2) by extension 'cmake'
[1.336s] Level 1:colcon.colcon_core.package_identification:_identify(src/z1_ros2) by extension 'python'
[1.336s] Level 1:colcon.colcon_core.package_identification:_identify(src/z1_ros2) by extensions ['python_setup_py']
[1.336s] Level 1:colcon.colcon_core.package_identification:_identify(src/z1_ros2) by extension 'python_setup_py'
[1.336s] Level 1:colcon.colcon_core.package_identification:_identify(src/z1_ros2/docs) by extensions ['ignore', 'ignore_ament_install']
[1.336s] Level 1:colcon.colcon_core.package_identification:_identify(src/z1_ros2/docs) by extension 'ignore'
[1.336s] Level 1:colcon.colcon_core.package_identification:_identify(src/z1_ros2/docs) by extension 'ignore_ament_install'
[1.337s] Level 1:colcon.colcon_core.package_identification:_identify(src/z1_ros2/docs) by extensions ['colcon_pkg']
[1.337s] Level 1:colcon.colcon_core.package_identification:_identify(src/z1_ros2/docs) by extension 'colcon_pkg'
[1.337s] Level 1:colcon.colcon_core.package_identification:_identify(src/z1_ros2/docs) by extensions ['colcon_meta']
[1.337s] Level 1:colcon.colcon_core.package_identification:_identify(src/z1_ros2/docs) by extension 'colcon_meta'
[1.337s] Level 1:colcon.colcon_core.package_identification:_identify(src/z1_ros2/docs) by extensions ['ros']
[1.337s] Level 1:colcon.colcon_core.package_identification:_identify(src/z1_ros2/docs) by extension 'ros'
[1.337s] Level 1:colcon.colcon_core.package_identification:_identify(src/z1_ros2/docs) by extensions ['cmake', 'python']
[1.337s] Level 1:colcon.colcon_core.package_identification:_identify(src/z1_ros2/docs) by extension 'cmake'
[1.337s] Level 1:colcon.colcon_core.package_identification:_identify(src/z1_ros2/docs) by extension 'python'
[1.337s] Level 1:colcon.colcon_core.package_identification:_identify(src/z1_ros2/docs) by extensions ['python_setup_py']
[1.337s] Level 1:colcon.colcon_core.package_identification:_identify(src/z1_ros2/docs) by extension 'python_setup_py'
[1.337s] Level 1:colcon.colcon_core.package_identification:_identify(src/z1_ros2/docs/resources) by extensions ['ignore', 'ignore_ament_install']
[1.338s] Level 1:colcon.colcon_core.package_identification:_identify(src/z1_ros2/docs/resources) by extension 'ignore'
[1.338s] Level 1:colcon.colcon_core.package_identification:_identify(src/z1_ros2/docs/resources) by extension 'ignore_ament_install'
[1.338s] Level 1:colcon.colcon_core.package_identification:_identify(src/z1_ros2/docs/resources) by extensions ['colcon_pkg']
[1.338s] Level 1:colcon.colcon_core.package_identification:_identify(src/z1_ros2/docs/resources) by extension 'colcon_pkg'
[1.338s] Level 1:colcon.colcon_core.package_identification:_identify(src/z1_ros2/docs/resources) by extensions ['colcon_meta']
[1.338s] Level 1:colcon.colcon_core.package_identification:_identify(src/z1_ros2/docs/resources) by extension 'colcon_meta'
[1.338s] Level 1:colcon.colcon_core.package_identification:_identify(src/z1_ros2/docs/resources) by extensions ['ros']
[1.338s] Level 1:colcon.colcon_core.package_identification:_identify(src/z1_ros2/docs/resources) by extension 'ros'
[1.338s] Level 1:colcon.colcon_core.package_identification:_identify(src/z1_ros2/docs/resources) by extensions ['cmake', 'python']
[1.338s] Level 1:colcon.colcon_core.package_identification:_identify(src/z1_ros2/docs/resources) by extension 'cmake'
[1.338s] Level 1:colcon.colcon_core.package_identification:_identify(src/z1_ros2/docs/resources) by extension 'python'
[1.338s] Level 1:colcon.colcon_core.package_identification:_identify(src/z1_ros2/docs/resources) by extensions ['python_setup_py']
[1.338s] Level 1:colcon.colcon_core.package_identification:_identify(src/z1_ros2/docs/resources) by extension 'python_setup_py'
[1.339s] Level 1:colcon.colcon_core.package_identification:_identify(src/z1_ros2/z1_bringup) by extensions ['ignore', 'ignore_ament_install']
[1.339s] Level 1:colcon.colcon_core.package_identification:_identify(src/z1_ros2/z1_bringup) by extension 'ignore'
[1.339s] Level 1:colcon.colcon_core.package_identification:_identify(src/z1_ros2/z1_bringup) by extension 'ignore_ament_install'
[1.339s] Level 1:colcon.colcon_core.package_identification:_identify(src/z1_ros2/z1_bringup) by extensions ['colcon_pkg']
[1.339s] Level 1:colcon.colcon_core.package_identification:_identify(src/z1_ros2/z1_bringup) by extension 'colcon_pkg'
[1.339s] Level 1:colcon.colcon_core.package_identification:_identify(src/z1_ros2/z1_bringup) by extensions ['colcon_meta']
[1.339s] Level 1:colcon.colcon_core.package_identification:_identify(src/z1_ros2/z1_bringup) by extension 'colcon_meta'
[1.339s] Level 1:colcon.colcon_core.package_identification:_identify(src/z1_ros2/z1_bringup) by extensions ['ros']
[1.339s] Level 1:colcon.colcon_core.package_identification:_identify(src/z1_ros2/z1_bringup) by extension 'ros'
[1.346s] DEBUG:colcon.colcon_core.package_identification:Package 'src/z1_ros2/z1_bringup' with type 'ros.ament_cmake' and name 'z1_bringup'
[1.346s] Level 1:colcon.colcon_core.package_identification:_identify(src/z1_ros2/z1_description) by extensions ['ignore', 'ignore_ament_install']
[1.346s] Level 1:colcon.colcon_core.package_identification:_identify(src/z1_ros2/z1_description) by extension 'ignore'
[1.346s] Level 1:colcon.colcon_core.package_identification:_identify(src/z1_ros2/z1_description) by extension 'ignore_ament_install'
[1.346s] Level 1:colcon.colcon_core.package_identification:_identify(src/z1_ros2/z1_description) by extensions ['colcon_pkg']
[1.346s] Level 1:colcon.colcon_core.package_identification:_identify(src/z1_ros2/z1_description) by extension 'colcon_pkg'
[1.347s] Level 1:colcon.colcon_core.package_identification:_identify(src/z1_ros2/z1_description) by extensions ['colcon_meta']
[1.347s] Level 1:colcon.colcon_core.package_identification:_identify(src/z1_ros2/z1_description) by extension 'colcon_meta'
[1.347s] Level 1:colcon.colcon_core.package_identification:_identify(src/z1_ros2/z1_description) by extensions ['ros']
[1.347s] Level 1:colcon.colcon_core.package_identification:_identify(src/z1_ros2/z1_description) by extension 'ros'
[1.349s] DEBUG:colcon.colcon_core.package_identification:Package 'src/z1_ros2/z1_description' with type 'ros.ament_cmake' and name 'z1_description'
[1.349s] Level 1:colcon.colcon_core.package_identification:_identify(src/z1_ros2/z1_examples) by extensions ['ignore', 'ignore_ament_install']
[1.349s] Level 1:colcon.colcon_core.package_identification:_identify(src/z1_ros2/z1_examples) by extension 'ignore'
[1.349s] Level 1:colcon.colcon_core.package_identification:_identify(src/z1_ros2/z1_examples) by extension 'ignore_ament_install'
[1.349s] Level 1:colcon.colcon_core.package_identification:_identify(src/z1_ros2/z1_examples) by extensions ['colcon_pkg']
[1.349s] Level 1:colcon.colcon_core.package_identification:_identify(src/z1_ros2/z1_examples) by extension 'colcon_pkg'
[1.349s] Level 1:colcon.colcon_core.package_identification:_identify(src/z1_ros2/z1_examples) by extensions ['colcon_meta']
[1.350s] Level 1:colcon.colcon_core.package_identification:_identify(src/z1_ros2/z1_examples) by extension 'colcon_meta'
[1.350s] Level 1:colcon.colcon_core.package_identification:_identify(src/z1_ros2/z1_examples) by extensions ['ros']
[1.350s] Level 1:colcon.colcon_core.package_identification:_identify(src/z1_ros2/z1_examples) by extension 'ros'
[1.351s] DEBUG:colcon.colcon_core.package_identification:Package 'src/z1_ros2/z1_examples' with type 'ros.ament_cmake' and name 'z1_examples'
[1.352s] Level 1:colcon.colcon_core.package_identification:_identify(src/z1_ros2/z1_hardware_interface) by extensions ['ignore', 'ignore_ament_install']
[1.352s] Level 1:colcon.colcon_core.package_identification:_identify(src/z1_ros2/z1_hardware_interface) by extension 'ignore'
[1.352s] Level 1:colcon.colcon_core.package_identification:_identify(src/z1_ros2/z1_hardware_interface) by extension 'ignore_ament_install'
[1.352s] Level 1:colcon.colcon_core.package_identification:_identify(src/z1_ros2/z1_hardware_interface) by extensions ['colcon_pkg']
[1.352s] Level 1:colcon.colcon_core.package_identification:_identify(src/z1_ros2/z1_hardware_interface) by extension 'colcon_pkg'
[1.352s] Level 1:colcon.colcon_core.package_identification:_identify(src/z1_ros2/z1_hardware_interface) by extensions ['colcon_meta']
[1.352s] Level 1:colcon.colcon_core.package_identification:_identify(src/z1_ros2/z1_hardware_interface) by extension 'colcon_meta'
[1.352s] Level 1:colcon.colcon_core.package_identification:_identify(src/z1_ros2/z1_hardware_interface) by extensions ['ros']
[1.352s] Level 1:colcon.colcon_core.package_identification:_identify(src/z1_ros2/z1_hardware_interface) by extension 'ros'
[1.355s] DEBUG:colcon.colcon_core.package_identification:Package 'src/z1_ros2/z1_hardware_interface' with type 'ros.ament_cmake' and name 'z1_hardware_interface'
[1.355s] Level 1:colcon.colcon_core.package_identification:_identify(src/z1_ros2/z1_moveit) by extensions ['ignore', 'ignore_ament_install']
[1.355s] Level 1:colcon.colcon_core.package_identification:_identify(src/z1_ros2/z1_moveit) by extension 'ignore'
[1.355s] Level 1:colcon.colcon_core.package_identification:_identify(src/z1_ros2/z1_moveit) by extension 'ignore_ament_install'
[1.356s] Level 1:colcon.colcon_core.package_identification:_identify(src/z1_ros2/z1_moveit) by extensions ['colcon_pkg']
[1.356s] Level 1:colcon.colcon_core.package_identification:_identify(src/z1_ros2/z1_moveit) by extension 'colcon_pkg'
[1.356s] Level 1:colcon.colcon_core.package_identification:_identify(src/z1_ros2/z1_moveit) by extensions ['colcon_meta']
[1.356s] Level 1:colcon.colcon_core.package_identification:_identify(src/z1_ros2/z1_moveit) by extension 'colcon_meta'
[1.356s] Level 1:colcon.colcon_core.package_identification:_identify(src/z1_ros2/z1_moveit) by extensions ['ros']
[1.356s] Level 1:colcon.colcon_core.package_identification:_identify(src/z1_ros2/z1_moveit) by extension 'ros'
[1.357s] DEBUG:colcon.colcon_core.package_identification:Package 'src/z1_ros2/z1_moveit' with type 'ros.ament_cmake' and name 'z1_moveit'
[1.357s] Level 1:colcon.colcon_core.package_discovery:discover_packages(recursive) using defaults
[1.358s] Level 1:colcon.colcon_core.package_discovery:discover_packages(ignore) discover
[1.358s] Level 1:colcon.colcon_core.package_discovery:discover_packages(ignore) using defaults
[1.358s] Level 1:colcon.colcon_core.package_discovery:discover_packages(path) discover
[1.358s] Level 1:colcon.colcon_core.package_discovery:discover_packages(path) using defaults
[1.496s] INFO:colcon.colcon_core.package_selection:Skipping not selected package 'z1_description' in 'src/z1_ros2/z1_description'
[1.496s] INFO:colcon.colcon_core.package_selection:Skipping not selected package 'z1_hardware_interface' in 'src/z1_ros2/z1_hardware_interface'
[1.496s] INFO:colcon.colcon_core.package_selection:Skipping not selected package 'z1_bringup' in 'src/z1_ros2/z1_bringup'
[1.496s] INFO:colcon.colcon_core.package_selection:Skipping not selected package 'z1_moveit' in 'src/z1_ros2/z1_moveit'
[1.499s] Level 1:colcon.colcon_core.package_discovery:discover_packages(prefix_path) check parameters
[1.499s] Level 1:colcon.colcon_core.package_discovery:discover_packages(prefix_path) discover
[1.510s] DEBUG:colcon.colcon_installed_package_information.package_discovery:Found 5 installed packages in /home/wangkun/z1_ros2_ws/install
[1.515s] DEBUG:colcon.colcon_installed_package_information.package_discovery:Found 366 installed packages in /opt/ros/humble
[1.519s] Level 1:colcon.colcon_core.package_discovery:discover_packages(prefix_path) using defaults
[1.615s] Level 5:colcon.colcon_core.verb:set package 'z1_examples' build argument 'cmake_args' from command line to 'None'
[1.615s] Level 5:colcon.colcon_core.verb:set package 'z1_examples' build argument 'cmake_target' from command line to 'None'
[1.615s] Level 5:colcon.colcon_core.verb:set package 'z1_examples' build argument 'cmake_target_skip_unavailable' from command line to 'False'
[1.615s] Level 5:colcon.colcon_core.verb:set package 'z1_examples' build argument 'cmake_clean_cache' from command line to 'False'
[1.615s] Level 5:colcon.colcon_core.verb:set package 'z1_examples' build argument 'cmake_clean_first' from command line to 'False'
[1.615s] Level 5:colcon.colcon_core.verb:set package 'z1_examples' build argument 'cmake_force_configure' from command line to 'False'
[1.615s] Level 5:colcon.colcon_core.verb:set package 'z1_examples' build argument 'ament_cmake_args' from command line to 'None'
[1.615s] Level 5:colcon.colcon_core.verb:set package 'z1_examples' build argument 'catkin_cmake_args' from command line to 'None'
[1.615s] Level 5:colcon.colcon_core.verb:set package 'z1_examples' build argument 'catkin_skip_building_tests' from command line to 'False'
[1.615s] DEBUG:colcon.colcon_core.verb:Building package 'z1_examples' with the following arguments: {'ament_cmake_args': None, 'build_base': '/home/wangkun/z1_ros2_ws/build/z1_examples', 'catkin_cmake_args': None, 'catkin_skip_building_tests': False, 'cmake_args': None, 'cmake_clean_cache': False, 'cmake_clean_first': False, 'cmake_force_configure': False, 'cmake_target': None, 'cmake_target_skip_unavailable': False, 'install_base': '/home/wangkun/z1_ros2_ws/install/z1_examples', 'merge_install': False, 'path': '/home/wangkun/z1_ros2_ws/src/z1_ros2/z1_examples', 'symlink_install': False, 'test_result_base': None}
[1.615s] INFO:colcon.colcon_core.executor:Executing jobs using 'parallel' executor
[1.618s] DEBUG:colcon.colcon_parallel_executor.executor.parallel:run_until_complete
[1.618s] INFO:colcon.colcon_ros.task.ament_cmake.build:Building ROS package in '/home/wangkun/z1_ros2_ws/src/z1_ros2/z1_examples' with build type 'ament_cmake'
[1.619s] INFO:colcon.colcon_cmake.task.cmake.build:Building CMake package in '/home/wangkun/z1_ros2_ws/src/z1_ros2/z1_examples'
[1.628s] INFO:colcon.colcon_core.plugin_system:Skipping extension 'colcon_core.shell.bat': Not used on non-Windows systems
[1.629s] INFO:colcon.colcon_core.shell:Skip shell extension 'powershell' for command environment: Not usable outside of PowerShell
[1.629s] DEBUG:colcon.colcon_core.shell:Skip shell extension 'dsv' for command environment
[1.695s] DEBUG:colcon.colcon_core.event_handler.log_command:Invoking command in '/home/wangkun/z1_ros2_ws/build/z1_examples': CMAKE_PREFIX_PATH=/home/wangkun/z1_ros2_ws/install/z1_bringup:/home/wangkun/z1_ros2_ws/install/z1_hardware_interface:/home/wangkun/z1_ros2_ws/install/z1_description:/home/wangkun/z1_ros2_ws/install/z1_moveit:/home/wangkun/z1_ros2_ws/install/z1_examples:/opt/ros/humble /usr/bin/cmake /home/wangkun/z1_ros2_ws/src/z1_ros2/z1_examples -DCMAKE_INSTALL_PREFIX=/home/wangkun/z1_ros2_ws/install/z1_examples
[3.154s] DEBUG:colcon.colcon_core.event_handler.log_command:Invoked command in '/home/wangkun/z1_ros2_ws/build/z1_examples' returned '0': CMAKE_PREFIX_PATH=/home/wangkun/z1_ros2_ws/install/z1_bringup:/home/wangkun/z1_ros2_ws/install/z1_hardware_interface:/home/wangkun/z1_ros2_ws/install/z1_description:/home/wangkun/z1_ros2_ws/install/z1_moveit:/home/wangkun/z1_ros2_ws/install/z1_examples:/opt/ros/humble /usr/bin/cmake /home/wangkun/z1_ros2_ws/src/z1_ros2/z1_examples -DCMAKE_INSTALL_PREFIX=/home/wangkun/z1_ros2_ws/install/z1_examples
[3.160s] DEBUG:colcon.colcon_core.event_handler.log_command:Invoking command in '/home/wangkun/z1_ros2_ws/build/z1_examples': CMAKE_PREFIX_PATH=/home/wangkun/z1_ros2_ws/install/z1_bringup:/home/wangkun/z1_ros2_ws/install/z1_hardware_interface:/home/wangkun/z1_ros2_ws/install/z1_description:/home/wangkun/z1_ros2_ws/install/z1_moveit:/home/wangkun/z1_ros2_ws/install/z1_examples:/opt/ros/humble /usr/bin/cmake --build /home/wangkun/z1_ros2_ws/build/z1_examples -- -j4 -l4
[4.472s] DEBUG:colcon.colcon_core.event_handler.log_command:Invoked command in '/home/wangkun/z1_ros2_ws/build/z1_examples' returned '0': CMAKE_PREFIX_PATH=/home/wangkun/z1_ros2_ws/install/z1_bringup:/home/wangkun/z1_ros2_ws/install/z1_hardware_interface:/home/wangkun/z1_ros2_ws/install/z1_description:/home/wangkun/z1_ros2_ws/install/z1_moveit:/home/wangkun/z1_ros2_ws/install/z1_examples:/opt/ros/humble /usr/bin/cmake --build /home/wangkun/z1_ros2_ws/build/z1_examples -- -j4 -l4
[4.520s] DEBUG:colcon.colcon_core.event_handler.log_command:Invoking command in '/home/wangkun/z1_ros2_ws/build/z1_examples': CMAKE_PREFIX_PATH=/home/wangkun/z1_ros2_ws/install/z1_bringup:/home/wangkun/z1_ros2_ws/install/z1_hardware_interface:/home/wangkun/z1_ros2_ws/install/z1_description:/home/wangkun/z1_ros2_ws/install/z1_moveit:/home/wangkun/z1_ros2_ws/install/z1_examples:/opt/ros/humble /usr/bin/cmake --install /home/wangkun/z1_ros2_ws/build/z1_examples
[4.790s] Level 1:colcon.colcon_core.environment:create_environment_scripts_only(z1_examples)
[4.795s] DEBUG:colcon.colcon_core.event_handler.log_command:Invoked command in '/home/wangkun/z1_ros2_ws/build/z1_examples' returned '0': CMAKE_PREFIX_PATH=/home/wangkun/z1_ros2_ws/install/z1_bringup:/home/wangkun/z1_ros2_ws/install/z1_hardware_interface:/home/wangkun/z1_ros2_ws/install/z1_description:/home/wangkun/z1_ros2_ws/install/z1_moveit:/home/wangkun/z1_ros2_ws/install/z1_examples:/opt/ros/humble /usr/bin/cmake --install /home/wangkun/z1_ros2_ws/build/z1_examples
[4.821s] Level 1:colcon.colcon_core.environment:checking '/home/wangkun/z1_ros2_ws/install/z1_examples' for CMake module files
[4.823s] Level 1:colcon.colcon_core.environment:checking '/home/wangkun/z1_ros2_ws/install/z1_examples' for CMake config files
[4.824s] Level 1:colcon.colcon_core.shell:create_environment_hook('z1_examples', 'cmake_prefix_path')
[4.825s] INFO:colcon.colcon_core.shell:Creating environment hook '/home/wangkun/z1_ros2_ws/install/z1_examples/share/z1_examples/hook/cmake_prefix_path.ps1'
[4.827s] INFO:colcon.colcon_core.shell:Creating environment descriptor '/home/wangkun/z1_ros2_ws/install/z1_examples/share/z1_examples/hook/cmake_prefix_path.dsv'
[4.830s] INFO:colcon.colcon_core.shell:Creating environment hook '/home/wangkun/z1_ros2_ws/install/z1_examples/share/z1_examples/hook/cmake_prefix_path.sh'
[4.835s] Level 1:colcon.colcon_core.environment:checking '/home/wangkun/z1_ros2_ws/install/z1_examples/lib'
[4.836s] Level 1:colcon.colcon_core.environment:checking '/home/wangkun/z1_ros2_ws/install/z1_examples/bin'
[4.836s] Level 1:colcon.colcon_core.environment:checking '/home/wangkun/z1_ros2_ws/install/z1_examples/lib/pkgconfig/z1_examples.pc'
[4.838s] Level 1:colcon.colcon_core.environment:checking '/home/wangkun/z1_ros2_ws/install/z1_examples/lib/python3.10/site-packages'
[4.838s] Level 1:colcon.colcon_core.environment:checking '/home/wangkun/z1_ros2_ws/install/z1_examples/bin'
[4.839s] INFO:colcon.colcon_core.shell:Creating package script '/home/wangkun/z1_ros2_ws/install/z1_examples/share/z1_examples/package.ps1'
[4.845s] INFO:colcon.colcon_core.shell:Creating package descriptor '/home/wangkun/z1_ros2_ws/install/z1_examples/share/z1_examples/package.dsv'
[4.849s] INFO:colcon.colcon_core.shell:Creating package script '/home/wangkun/z1_ros2_ws/install/z1_examples/share/z1_examples/package.sh'
[4.854s] INFO:colcon.colcon_core.shell:Creating package script '/home/wangkun/z1_ros2_ws/install/z1_examples/share/z1_examples/package.bash'
[4.859s] INFO:colcon.colcon_core.shell:Creating package script '/home/wangkun/z1_ros2_ws/install/z1_examples/share/z1_examples/package.zsh'
[4.862s] Level 1:colcon.colcon_core.environment:create_file_with_runtime_dependencies(/home/wangkun/z1_ros2_ws/install/z1_examples/share/colcon-core/packages/z1_examples)
[4.864s] Level 1:colcon.colcon_core.environment:create_environment_scripts_only(z1_examples)
[4.865s] Level 1:colcon.colcon_core.environment:checking '/home/wangkun/z1_ros2_ws/install/z1_examples' for CMake module files
[4.865s] Level 1:colcon.colcon_core.environment:checking '/home/wangkun/z1_ros2_ws/install/z1_examples' for CMake config files
[4.866s] Level 1:colcon.colcon_core.shell:create_environment_hook('z1_examples', 'cmake_prefix_path')
[4.866s] INFO:colcon.colcon_core.shell:Creating environment hook '/home/wangkun/z1_ros2_ws/install/z1_examples/share/z1_examples/hook/cmake_prefix_path.ps1'
[4.868s] INFO:colcon.colcon_core.shell:Creating environment descriptor '/home/wangkun/z1_ros2_ws/install/z1_examples/share/z1_examples/hook/cmake_prefix_path.dsv'
[4.869s] INFO:colcon.colcon_core.shell:Creating environment hook '/home/wangkun/z1_ros2_ws/install/z1_examples/share/z1_examples/hook/cmake_prefix_path.sh'
[4.870s] Level 1:colcon.colcon_core.environment:checking '/home/wangkun/z1_ros2_ws/install/z1_examples/lib'
[4.871s] Level 1:colcon.colcon_core.environment:checking '/home/wangkun/z1_ros2_ws/install/z1_examples/bin'
[4.871s] Level 1:colcon.colcon_core.environment:checking '/home/wangkun/z1_ros2_ws/install/z1_examples/lib/pkgconfig/z1_examples.pc'
[4.872s] Level 1:colcon.colcon_core.environment:checking '/home/wangkun/z1_ros2_ws/install/z1_examples/lib/python3.10/site-packages'
[4.872s] Level 1:colcon.colcon_core.environment:checking '/home/wangkun/z1_ros2_ws/install/z1_examples/bin'
[4.874s] INFO:colcon.colcon_core.shell:Creating package script '/home/wangkun/z1_ros2_ws/install/z1_examples/share/z1_examples/package.ps1'
[4.877s] INFO:colcon.colcon_core.shell:Creating package descriptor '/home/wangkun/z1_ros2_ws/install/z1_examples/share/z1_examples/package.dsv'
[4.880s] INFO:colcon.colcon_core.shell:Creating package script '/home/wangkun/z1_ros2_ws/install/z1_examples/share/z1_examples/package.sh'
[4.882s] INFO:colcon.colcon_core.shell:Creating package script '/home/wangkun/z1_ros2_ws/install/z1_examples/share/z1_examples/package.bash'
[4.883s] INFO:colcon.colcon_core.shell:Creating package script '/home/wangkun/z1_ros2_ws/install/z1_examples/share/z1_examples/package.zsh'
[4.885s] Level 1:colcon.colcon_core.environment:create_file_with_runtime_dependencies(/home/wangkun/z1_ros2_ws/install/z1_examples/share/colcon-core/packages/z1_examples)
[4.885s] DEBUG:colcon.colcon_parallel_executor.executor.parallel:closing loop
[4.886s] DEBUG:colcon.colcon_parallel_executor.executor.parallel:loop closed
[4.886s] DEBUG:colcon.colcon_parallel_executor.executor.parallel:run_until_complete finished with '0'
[4.886s] DEBUG:colcon.colcon_core.event_reactor:joining thread
[4.931s] INFO:colcon.colcon_core.plugin_system:Skipping extension 'colcon_notification.desktop_notification.terminal_notifier': Not used on non-Darwin systems
[4.932s] INFO:colcon.colcon_core.plugin_system:Skipping extension 'colcon_notification.desktop_notification.win32': Not used on non-Windows systems
[4.932s] INFO:colcon.colcon_notification.desktop_notification:Sending desktop notification using 'notify2'
[5.326s] DEBUG:colcon.colcon_core.event_reactor:joined thread
[5.326s] INFO:colcon.colcon_core.shell:Creating prefix script '/home/wangkun/z1_ros2_ws/install/local_setup.ps1'
[5.328s] INFO:colcon.colcon_core.shell:Creating prefix util module '/home/wangkun/z1_ros2_ws/install/_local_setup_util_ps1.py'
[5.335s] INFO:colcon.colcon_core.shell:Creating prefix chain script '/home/wangkun/z1_ros2_ws/install/setup.ps1'
[5.342s] INFO:colcon.colcon_core.shell:Creating prefix script '/home/wangkun/z1_ros2_ws/install/local_setup.sh'
[5.346s] INFO:colcon.colcon_core.shell:Creating prefix util module '/home/wangkun/z1_ros2_ws/install/_local_setup_util_sh.py'
[5.348s] INFO:colcon.colcon_core.shell:Creating prefix chain script '/home/wangkun/z1_ros2_ws/install/setup.sh'
[5.354s] INFO:colcon.colcon_core.shell:Creating prefix script '/home/wangkun/z1_ros2_ws/install/local_setup.bash'
[5.359s] INFO:colcon.colcon_core.shell:Creating prefix chain script '/home/wangkun/z1_ros2_ws/install/setup.bash'
[5.363s] INFO:colcon.colcon_core.shell:Creating prefix script '/home/wangkun/z1_ros2_ws/install/local_setup.zsh'
[5.367s] INFO:colcon.colcon_core.shell:Creating prefix chain script '/home/wangkun/z1_ros2_ws/install/setup.zsh'
