[0.039s] Invoking command in '/home/wangkun/z1_ros2_ws/build/z1_description': CMAKE_PREFIX_PATH=/opt/ros/humble /usr/bin/cmake /home/wangkun/z1_ros2_ws/src/z1_ros2/z1_description -DCMAKE_BUILD_TYPE=Release -DCMAKE_INSTALL_PREFIX=/home/wangkun/z1_ros2_ws/install/z1_description
[0.393s] -- The C compiler identification is GNU 11.4.0
[0.624s] -- The CXX compiler identification is GNU 11.4.0
[0.652s] -- Detecting C compiler ABI info
[0.850s] -- Detecting C compiler ABI info - done
[0.867s] -- Check for working C compiler: /usr/bin/cc - skipped
[0.867s] -- Detecting C compile features
[0.869s] -- Detecting C compile features - done
[0.878s] -- Detecting CXX compiler ABI info
[1.072s] -- Detecting CXX compiler ABI info - done
[1.085s] -- Check for working CXX compiler: /usr/bin/c++ - skipped
[1.086s] -- Detecting CXX compile features
[1.086s] -- Detecting CXX compile features - done
[1.117s] -- Found ament_cmake: 1.3.14 (/opt/ros/humble/share/ament_cmake/cmake)
[1.424s] -- Found Python3: /usr/bin/python3 (found version "3.10.12") found components: Interpreter 
[1.767s] -- Configuring done
[1.774s] -- Generating done
[1.779s] -- Build files have been written to: /home/wangkun/z1_ros2_ws/build/z1_description
[1.789s] Invoked command in '/home/wangkun/z1_ros2_ws/build/z1_description' returned '0': CMAKE_PREFIX_PATH=/opt/ros/humble /usr/bin/cmake /home/wangkun/z1_ros2_ws/src/z1_ros2/z1_description -DCMAKE_BUILD_TYPE=Release -DCMAKE_INSTALL_PREFIX=/home/wangkun/z1_ros2_ws/install/z1_description
[1.795s] Invoking command in '/home/wangkun/z1_ros2_ws/build/z1_description': CMAKE_PREFIX_PATH=/opt/ros/humble /usr/bin/cmake --build /home/wangkun/z1_ros2_ws/build/z1_description -- -j2 -l2
[1.907s] Invoked command in '/home/wangkun/z1_ros2_ws/build/z1_description' returned '0': CMAKE_PREFIX_PATH=/opt/ros/humble /usr/bin/cmake --build /home/wangkun/z1_ros2_ws/build/z1_description -- -j2 -l2
[1.927s] Invoking command in '/home/wangkun/z1_ros2_ws/build/z1_description': CMAKE_PREFIX_PATH=/opt/ros/humble /usr/bin/cmake --install /home/wangkun/z1_ros2_ws/build/z1_description
[1.945s] -- Install configuration: "Release"
[1.946s] -- Installing: /home/wangkun/z1_ros2_ws/install/z1_description/share/z1_description/urdf
[1.946s] -- Installing: /home/wangkun/z1_ros2_ws/install/z1_description/share/z1_description/urdf/z1.ros2_control.xacro
[1.946s] -- Installing: /home/wangkun/z1_ros2_ws/install/z1_description/share/z1_description/urdf/const.xacro
[1.946s] -- Installing: /home/wangkun/z1_ros2_ws/install/z1_description/share/z1_description/urdf/z1.urdf.xacro
[1.947s] -- Installing: /home/wangkun/z1_ros2_ws/install/z1_description/share/z1_description/meshes
[1.947s] -- Installing: /home/wangkun/z1_ros2_ws/install/z1_description/share/z1_description/meshes/visual
[1.947s] -- Installing: /home/wangkun/z1_ros2_ws/install/z1_description/share/z1_description/meshes/visual/z1_GripperMover.dae
[1.964s] -- Installing: /home/wangkun/z1_ros2_ws/install/z1_description/share/z1_description/meshes/visual/z1_Link04.dae
[1.978s] -- Installing: /home/wangkun/z1_ros2_ws/install/z1_description/share/z1_description/meshes/visual/z1_Link01.dae
[2.008s] -- Installing: /home/wangkun/z1_ros2_ws/install/z1_description/share/z1_description/meshes/visual/z1_Link06.dae
[2.012s] -- Installing: /home/wangkun/z1_ros2_ws/install/z1_description/share/z1_description/meshes/visual/z1_Link02.dae
[2.025s] -- Installing: /home/wangkun/z1_ros2_ws/install/z1_description/share/z1_description/meshes/visual/z1_Link05.dae
[2.037s] -- Installing: /home/wangkun/z1_ros2_ws/install/z1_description/share/z1_description/meshes/visual/z1_GripperStator.dae
[2.063s] -- Installing: /home/wangkun/z1_ros2_ws/install/z1_description/share/z1_description/meshes/visual/z1_Link03.dae
[2.085s] -- Installing: /home/wangkun/z1_ros2_ws/install/z1_description/share/z1_description/meshes/visual/z1_Link00.dae
[2.093s] -- Installing: /home/wangkun/z1_ros2_ws/install/z1_description/share/z1_description/meshes/collision
[2.094s] -- Installing: /home/wangkun/z1_ros2_ws/install/z1_description/share/z1_description/meshes/collision/z1_GripperStator.STL
[2.110s] -- Installing: /home/wangkun/z1_ros2_ws/install/z1_description/share/z1_description/meshes/collision/z1_Link00.STL
[2.118s] -- Installing: /home/wangkun/z1_ros2_ws/install/z1_description/share/z1_description/meshes/collision/z1_Link02.STL
[2.130s] -- Installing: /home/wangkun/z1_ros2_ws/install/z1_description/share/z1_description/meshes/collision/z1_Link05.STL
[2.140s] -- Installing: /home/wangkun/z1_ros2_ws/install/z1_description/share/z1_description/meshes/collision/z1_GripperMover.STL
[2.149s] -- Installing: /home/wangkun/z1_ros2_ws/install/z1_description/share/z1_description/meshes/collision/z1_Link03.STL
[2.164s] -- Installing: /home/wangkun/z1_ros2_ws/install/z1_description/share/z1_description/meshes/collision/z1_Link04.STL
[2.176s] -- Installing: /home/wangkun/z1_ros2_ws/install/z1_description/share/z1_description/meshes/collision/z1_Link01.STL
[2.196s] -- Installing: /home/wangkun/z1_ros2_ws/install/z1_description/share/z1_description/meshes/collision/z1_Link06.STL
[2.199s] -- Installing: /home/wangkun/z1_ros2_ws/install/z1_description/share/ament_index/resource_index/package_run_dependencies/z1_description
[2.200s] -- Installing: /home/wangkun/z1_ros2_ws/install/z1_description/share/ament_index/resource_index/parent_prefix_path/z1_description
[2.200s] -- Installing: /home/wangkun/z1_ros2_ws/install/z1_description/share/z1_description/environment/ament_prefix_path.sh
[2.202s] -- Installing: /home/wangkun/z1_ros2_ws/install/z1_description/share/z1_description/environment/ament_prefix_path.dsv
[2.203s] -- Installing: /home/wangkun/z1_ros2_ws/install/z1_description/share/z1_description/environment/path.sh
[2.203s] -- Installing: /home/wangkun/z1_ros2_ws/install/z1_description/share/z1_description/environment/path.dsv
[2.203s] -- Installing: /home/wangkun/z1_ros2_ws/install/z1_description/share/z1_description/local_setup.bash
[2.203s] -- Installing: /home/wangkun/z1_ros2_ws/install/z1_description/share/z1_description/local_setup.sh
[2.203s] -- Installing: /home/wangkun/z1_ros2_ws/install/z1_description/share/z1_description/local_setup.zsh
[2.205s] -- Installing: /home/wangkun/z1_ros2_ws/install/z1_description/share/z1_description/local_setup.dsv
[2.205s] -- Installing: /home/wangkun/z1_ros2_ws/install/z1_description/share/z1_description/package.dsv
[2.205s] -- Installing: /home/wangkun/z1_ros2_ws/install/z1_description/share/ament_index/resource_index/packages/z1_description
[2.205s] -- Installing: /home/wangkun/z1_ros2_ws/install/z1_description/share/z1_description/cmake/z1_descriptionConfig.cmake
[2.206s] -- Installing: /home/wangkun/z1_ros2_ws/install/z1_description/share/z1_description/cmake/z1_descriptionConfig-version.cmake
[2.206s] -- Installing: /home/wangkun/z1_ros2_ws/install/z1_description/share/z1_description/package.xml
[2.211s] Invoked command in '/home/wangkun/z1_ros2_ws/build/z1_description' returned '0': CMAKE_PREFIX_PATH=/opt/ros/humble /usr/bin/cmake --install /home/wangkun/z1_ros2_ws/build/z1_description
